Archive member included because of file (symbol)

c:/program files (x86)/atmel/studio/7.0/toolchain/arm/arm-gnu-toolchain/bin/../lib/gcc/arm-none-eabi/4.9.3/../../../../arm-none-eabi/lib/armv7-m\libc.a(lib_a-exit.o)
                              c:/program files (x86)/atmel/studio/7.0/toolchain/arm/arm-gnu-toolchain/bin/../lib/gcc/arm-none-eabi/4.9.3/../../../../arm-none-eabi/lib/armv7-m/crt0.o (exit)
c:/program files (x86)/atmel/studio/7.0/toolchain/arm/arm-gnu-toolchain/bin/../lib/gcc/arm-none-eabi/4.9.3/../../../../arm-none-eabi/lib/armv7-m\libc.a(lib_a-impure.o)
                              c:/program files (x86)/atmel/studio/7.0/toolchain/arm/arm-gnu-toolchain/bin/../lib/gcc/arm-none-eabi/4.9.3/../../../../arm-none-eabi/lib/armv7-m\libc.a(lib_a-exit.o) (_global_impure_ptr)
c:/program files (x86)/atmel/studio/7.0/toolchain/arm/arm-gnu-toolchain/bin/../lib/gcc/arm-none-eabi/4.9.3/../../../../arm-none-eabi/lib/armv7-m\libc.a(lib_a-init.o)
                              c:/program files (x86)/atmel/studio/7.0/toolchain/arm/arm-gnu-toolchain/bin/../lib/gcc/arm-none-eabi/4.9.3/../../../../arm-none-eabi/lib/armv7-m/crt0.o (__libc_init_array)
c:/program files (x86)/atmel/studio/7.0/toolchain/arm/arm-gnu-toolchain/bin/../lib/gcc/arm-none-eabi/4.9.3/../../../../arm-none-eabi/lib/armv7-m\libc.a(lib_a-iprintf.o)
                              src/ASF/sam/utils/syscalls/gcc/syscalls.o (iprintf)
c:/program files (x86)/atmel/studio/7.0/toolchain/arm/arm-gnu-toolchain/bin/../lib/gcc/arm-none-eabi/4.9.3/../../../../arm-none-eabi/lib/armv7-m\libc.a(lib_a-memset.o)
                              c:/program files (x86)/atmel/studio/7.0/toolchain/arm/arm-gnu-toolchain/bin/../lib/gcc/arm-none-eabi/4.9.3/../../../../arm-none-eabi/lib/armv7-m/crt0.o (memset)
c:/program files (x86)/atmel/studio/7.0/toolchain/arm/arm-gnu-toolchain/bin/../lib/gcc/arm-none-eabi/4.9.3/../../../../arm-none-eabi/lib/armv7-m\libc.a(lib_a-vfiprintf.o)
                              c:/program files (x86)/atmel/studio/7.0/toolchain/arm/arm-gnu-toolchain/bin/../lib/gcc/arm-none-eabi/4.9.3/../../../../arm-none-eabi/lib/armv7-m\libc.a(lib_a-iprintf.o) (_vfiprintf_r)
c:/program files (x86)/atmel/studio/7.0/toolchain/arm/arm-gnu-toolchain/bin/../lib/gcc/arm-none-eabi/4.9.3/../../../../arm-none-eabi/lib/armv7-m\libc.a(lib_a-wsetup.o)
                              c:/program files (x86)/atmel/studio/7.0/toolchain/arm/arm-gnu-toolchain/bin/../lib/gcc/arm-none-eabi/4.9.3/../../../../arm-none-eabi/lib/armv7-m\libc.a(lib_a-vfiprintf.o) (__swsetup_r)
c:/program files (x86)/atmel/studio/7.0/toolchain/arm/arm-gnu-toolchain/bin/../lib/gcc/arm-none-eabi/4.9.3/../../../../arm-none-eabi/lib/armv7-m\libc.a(lib_a-__call_atexit.o)
                              c:/program files (x86)/atmel/studio/7.0/toolchain/arm/arm-gnu-toolchain/bin/../lib/gcc/arm-none-eabi/4.9.3/../../../../arm-none-eabi/lib/armv7-m\libc.a(lib_a-exit.o) (__call_exitprocs)
c:/program files (x86)/atmel/studio/7.0/toolchain/arm/arm-gnu-toolchain/bin/../lib/gcc/arm-none-eabi/4.9.3/../../../../arm-none-eabi/lib/armv7-m\libc.a(lib_a-atexit.o)
                              c:/program files (x86)/atmel/studio/7.0/toolchain/arm/arm-gnu-toolchain/bin/../lib/gcc/arm-none-eabi/4.9.3/../../../../arm-none-eabi/lib/armv7-m\libc.a(lib_a-__call_atexit.o) (atexit)
c:/program files (x86)/atmel/studio/7.0/toolchain/arm/arm-gnu-toolchain/bin/../lib/gcc/arm-none-eabi/4.9.3/../../../../arm-none-eabi/lib/armv7-m\libc.a(lib_a-fflush.o)
                              c:/program files (x86)/atmel/studio/7.0/toolchain/arm/arm-gnu-toolchain/bin/../lib/gcc/arm-none-eabi/4.9.3/../../../../arm-none-eabi/lib/armv7-m\libc.a(lib_a-vfiprintf.o) (_fflush_r)
c:/program files (x86)/atmel/studio/7.0/toolchain/arm/arm-gnu-toolchain/bin/../lib/gcc/arm-none-eabi/4.9.3/../../../../arm-none-eabi/lib/armv7-m\libc.a(lib_a-findfp.o)
                              c:/program files (x86)/atmel/studio/7.0/toolchain/arm/arm-gnu-toolchain/bin/../lib/gcc/arm-none-eabi/4.9.3/../../../../arm-none-eabi/lib/armv7-m\libc.a(lib_a-vfiprintf.o) (__sinit)
c:/program files (x86)/atmel/studio/7.0/toolchain/arm/arm-gnu-toolchain/bin/../lib/gcc/arm-none-eabi/4.9.3/../../../../arm-none-eabi/lib/armv7-m\libc.a(lib_a-fini.o)
                              c:/program files (x86)/atmel/studio/7.0/toolchain/arm/arm-gnu-toolchain/bin/../lib/gcc/arm-none-eabi/4.9.3/../../../../arm-none-eabi/lib/armv7-m\libc.a(lib_a-__call_atexit.o) (__libc_fini_array)
c:/program files (x86)/atmel/studio/7.0/toolchain/arm/arm-gnu-toolchain/bin/../lib/gcc/arm-none-eabi/4.9.3/../../../../arm-none-eabi/lib/armv7-m\libc.a(lib_a-fputwc.o)
                              c:/program files (x86)/atmel/studio/7.0/toolchain/arm/arm-gnu-toolchain/bin/../lib/gcc/arm-none-eabi/4.9.3/../../../../arm-none-eabi/lib/armv7-m\libc.a(lib_a-vfiprintf.o) (_fputwc_r)
[...]
Memory Configuration

Name             Origin             Length             Attributes
rom              0x00080000         0x00080000         xr
sram0            0x20000000         0x00010000         xrw
sram1            0x20080000         0x00008000         xrw
ram              0x20070000         0x00018000         xrw
*default*        0x00000000         0xffffffff

Linker script and memory map

LOAD c:/program files (x86)/atmel/studio/7.0/toolchain/arm/arm-gnu-toolchain/bin/../lib/gcc/arm-none-eabi/4.9.3/armv7-m/crti.o
LOAD c:/program files (x86)/atmel/studio/7.0/toolchain/arm/arm-gnu-toolchain/bin/../lib/gcc/arm-none-eabi/4.9.3/armv7-m/crtbegin.o
LOAD c:/program files (x86)/atmel/studio/7.0/toolchain/arm/arm-gnu-toolchain/bin/../lib/gcc/arm-none-eabi/4.9.3/../../../../arm-none-eabi/lib/armv7-m/crt0.o
LOAD src/ASF/common/services/sleepmgr/sam/sleepmgr.o
LOAD src/ASF/common/services/usb/class/hid/device/kbd/udi_hid_kbd.o
LOAD src/ASF/common/services/usb/udc/udc.o
LOAD src/ASF/sam/drivers/uotghs/uotghs_device.o
LOAD src/ASF/common/services/usb/class/hid/device/kbd/udi_hid_kbd_desc.o
LOAD src/ASF/common/services/usb/class/hid/device/udi_hid.o
LOAD src/ASF/common/services/clock/sam3x/sysclk.o
LOAD src/ASF/common/utils/interrupt/interrupt_sam_nvic.o
LOAD src/ASF/sam/boards/arduino_due_x/init.o
LOAD src/ASF/sam/drivers/pio/pio.o
LOAD src/ASF/sam/drivers/pio/pio_handler.o
LOAD src/ASF/sam/drivers/pmc/pmc.o
LOAD src/ASF/sam/drivers/pmc/sleep.o
LOAD src/ASF/sam/utils/cmsis/sam3x/source/templates/exceptions.o
LOAD src/ASF/sam/utils/cmsis/sam3x/source/templates/gcc/startup_sam3x.o
LOAD src/ASF/sam/utils/cmsis/sam3x/source/templates/system_sam3x.o
LOAD src/ASF/sam/utils/syscalls/gcc/syscalls.o
LOAD src/main.o
START GROUP
LOAD ../src/ASF/thirdparty/CMSIS/Lib/GCC\libarm_cortexM3l_math.a
LOAD c:/program files (x86)/atmel/studio/7.0/toolchain/arm/arm-gnu-toolchain/bin/../lib/gcc/arm-none-eabi/4.9.3/../../../../arm-none-eabi/lib/armv7-m\libm.a
END GROUP
START GROUP
LOAD c:/program files (x86)/atmel/studio/7.0/toolchain/arm/arm-gnu-toolchain/bin/../lib/gcc/arm-none-eabi/4.9.3/armv7-m\libgcc.a
LOAD c:/program files (x86)/atmel/studio/7.0/toolchain/arm/arm-gnu-toolchain/bin/../lib/gcc/arm-none-eabi/4.9.3/../../../../arm-none-eabi/lib/armv7-m\libc.a
END GROUP
LOAD c:/program files (x86)/atmel/studio/7.0/toolchain/arm/arm-gnu-toolchain/bin/../lib/gcc/arm-none-eabi/4.9.3/armv7-m/crtend.o
LOAD c:/program files (x86)/atmel/studio/7.0/toolchain/arm/arm-gnu-toolchain/bin/../lib/gcc/arm-none-eabi/4.9.3/armv7-m/crtn.o
                0x00002000                __stack_size__ = DEFINED (__stack_size__)?__stack_size__:0x2000
                0x20087ffc                __ram_end__ = ((ORIGIN (ram) + 0x18000) - 0x4)

.text           0x00080000     0x2450
                0x00080000                . = ALIGN (0x4)
                0x00080000                _sfixed = .
 *(.vectors .vectors.*)
 .vectors       0x00080000       0xf4 src/ASF/sam/utils/cmsis/sam3x/source/templates/gcc/startup_sam3x.o
                0x00080000                exception_table
 *(.text .text.* .gnu.linkonce.t.*)
 .text          0x000800f4       0x5c c:/program files (x86)/atmel/studio/7.0/toolchain/arm/arm-gnu-toolchain/bin/../lib/gcc/arm-none-eabi/4.9.3/armv7-m/crtbegin.o
 .text.udi_hid_kbd_disable
                0x00080150        0x4 src/ASF/common/services/usb/class/hid/device/kbd/udi_hid_kbd.o
                0x00080150                udi_hid_kbd_disable
 .text.udi_hid_kbd_getsetting
                0x00080154        0x4 src/ASF/common/services/usb/class/hid/device/kbd/udi_hid_kbd.o
                0x00080154                udi_hid_kbd_getsetting
 .text.udi_hid_kbd_setreport
                0x00080158       0x40 src/ASF/common/services/usb/class/hid/device/kbd/udi_hid_kbd.o
 .text.udi_hid_kbd_setreport_valid
                0x00080198        0x4 src/ASF/common/services/usb/class/hid/device/kbd/udi_hid_kbd.o
 .text.udi_hid_kbd_enable
                0x0008019c       0x30 src/ASF/common/services/usb/class/hid/device/kbd/udi_hid_kbd.o
                0x0008019c                udi_hid_kbd_enable
 .text.udi_hid_kbd_setup
                0x000801cc       0x24 src/ASF/common/services/usb/class/hid/device/kbd/udi_hid_kbd.o
                0x000801cc                udi_hid_kbd_setup
 .text.udc_next_desc_in_iface
                0x000801f0       0x44 src/ASF/common/services/usb/udc/udc.o
 .text.udc_valid_address
                0x00080234       0x18 src/ASF/common/services/usb/udc/udc.o
 .text.udc_update_iface_desc
                0x0008024c       0x68 src/ASF/common/services/usb/udc/udc.o
 .text.udc_iface_disable
                0x000802b4       0x68 src/ASF/common/services/usb/udc/udc.o
 .text.udc_iface_enable
                0x0008031c       0x5c src/ASF/common/services/usb/udc/udc.o
 .text.udc_get_interface_desc
                0x00080378        0xc src/ASF/common/services/usb/udc/udc.o
                0x00080378                udc_get_interface_desc
 .text.udc_start
                0x00080384        0xc src/ASF/common/services/usb/udc/udc.o
                0x00080384                udc_start
 .text.udc_reset
                0x00080390       0x48 src/ASF/common/services/usb/udc/udc.o
                0x00080390                udc_reset
 .text.udc_sof_notify
                0x000803d8       0x3c src/ASF/common/services/usb/udc/udc.o
                0x000803d8                udc_sof_notify
 .text.udc_process_setup
                0x00080414      0x440 src/ASF/common/services/usb/udc/udc.o
                0x00080414                udc_process_setup
 .text.udd_ctrl_init
                0x00080854       0x4c src/ASF/sam/drivers/uotghs/uotghs_device.o
 .text.udd_ctrl_stall_data
                0x000808a0       0x18 src/ASF/sam/drivers/uotghs/uotghs_device.o
 .text.udd_ctrl_send_zlp_in
                0x000808b8       0x48 src/ASF/sam/drivers/uotghs/uotghs_device.o
 .text.udd_ctrl_endofrequest
                0x00080900       0x10 src/ASF/sam/drivers/uotghs/uotghs_device.o
 .text.udd_ctrl_in_sent
                0x00080910      0x160 src/ASF/sam/drivers/uotghs/uotghs_device.o
 .text.udd_ep_finish_job
                0x00080a70       0x34 src/ASF/sam/drivers/uotghs/uotghs_device.o
 .text.udd_ep_trans_done
                0x00080aa4      0x198 src/ASF/sam/drivers/uotghs/uotghs_device.o
 .text.udd_sleep_mode
                0x00080c3c       0x90 src/ASF/sam/drivers/uotghs/uotghs_device.o
 .text.udd_enable
                0x00080ccc      0x168 src/ASF/sam/drivers/uotghs/uotghs_device.o
                0x00080ccc                udd_enable
 .text.udd_attach
                0x00080e34       0x7c src/ASF/sam/drivers/uotghs/uotghs_device.o
                0x00080e34                udd_attach
 .text.udd_detach
                0x00080eb0       0x34 src/ASF/sam/drivers/uotghs/uotghs_device.o
                0x00080eb0                udd_detach
 .text.UOTGHS_Handler
                0x00080ee4      0x59c src/ASF/sam/drivers/uotghs/uotghs_device.o
                0x00080ee4                UOTGHS_Handler
 .text.udd_set_address
                0x00081480       0x28 src/ASF/sam/drivers/uotghs/uotghs_device.o
                0x00081480                udd_set_address
 .text.udd_getaddress
                0x000814a8       0x10 src/ASF/sam/drivers/uotghs/uotghs_device.o
                0x000814a8                udd_getaddress
 .text.udd_set_setup_payload
                0x000814b8        0xc src/ASF/sam/drivers/uotghs/uotghs_device.o
                0x000814b8                udd_set_setup_payload
 .text.udd_ep_free
                0x000814c4       0x5c src/ASF/sam/drivers/uotghs/uotghs_device.o
                0x000814c4                udd_ep_free
 .text.udd_ep_is_halted
                0x00081520       0x14 src/ASF/sam/drivers/uotghs/uotghs_device.o
                0x00081520                udd_ep_is_halted
 .text.udd_ep_set_halt
                0x00081534       0xf4 src/ASF/sam/drivers/uotghs/uotghs_device.o
                0x00081534                udd_ep_set_halt
 .text.udd_ep_clear_halt
                0x00081628       0xdc src/ASF/sam/drivers/uotghs/uotghs_device.o
                0x00081628                udd_ep_clear_halt
 .text.udd_ep_run
                0x00081704       0xf8 src/ASF/sam/drivers/uotghs/uotghs_device.o
                0x00081704                udd_ep_run
 .text.udd_ep_alloc
                0x000817fc      0x20c src/ASF/sam/drivers/uotghs/uotghs_device.o
                0x000817fc                udd_ep_alloc
 .text.udd_ep_abort
                0x00081a08       0x7c src/ASF/sam/drivers/uotghs/uotghs_device.o
                0x00081a08                udd_ep_abort
 .text.udi_hid_setup
                0x00081a84       0xec src/ASF/common/services/usb/class/hid/device/udi_hid.o
                0x00081a84                udi_hid_setup
 .text.sysclk_enable_usb
                0x00081b70       0x20 src/ASF/common/services/clock/sam3x/sysclk.o
                0x00081b70                sysclk_enable_usb
 .text.sysclk_init
                0x00081b90       0x64 src/ASF/common/services/clock/sam3x/sysclk.o
                0x00081b90                sysclk_init
 .text.board_init
                0x00081bf4       0x80 src/ASF/sam/boards/arduino_due_x/init.o
                0x00081bf4                board_init
 .text.pio_set_peripheral
                0x00081c74       0x40 src/ASF/sam/drivers/pio/pio.o
                0x00081c74                pio_set_peripheral
 .text.pio_set_input
                0x00081cb4       0x34 src/ASF/sam/drivers/pio/pio.o
                0x00081cb4                pio_set_input
 .text.pio_set_output
                0x00081ce8       0x28 src/ASF/sam/drivers/pio/pio.o
                0x00081ce8                pio_set_output
 .text.pio_get_interrupt_status
                0x00081d10        0x4 src/ASF/sam/drivers/pio/pio.o
                0x00081d10                pio_get_interrupt_status
 .text.pio_get_interrupt_mask
                0x00081d14        0x4 src/ASF/sam/drivers/pio/pio.o
                0x00081d14                pio_get_interrupt_mask
 .text.pio_configure_pin
                0x00081d18       0xd4 src/ASF/sam/drivers/pio/pio.o
                0x00081d18                pio_configure_pin
 .text.pio_configure_pin_group
                0x00081dec       0xa0 src/ASF/sam/drivers/pio/pio.o
                0x00081dec                pio_configure_pin_group
 .text.pio_handler_process
                0x00081e8c       0x50 src/ASF/sam/drivers/pio/pio_handler.o
                0x00081e8c                pio_handler_process
 .text.PIOA_Handler
                0x00081edc       0x14 src/ASF/sam/drivers/pio/pio_handler.o
                0x00081edc                PIOA_Handler
 .text.PIOB_Handler
                0x00081ef0       0x14 src/ASF/sam/drivers/pio/pio_handler.o
                0x00081ef0                PIOB_Handler
 .text.PIOC_Handler
                0x00081f04       0x14 src/ASF/sam/drivers/pio/pio_handler.o
                0x00081f04                PIOC_Handler
 .text.PIOD_Handler
                0x00081f18       0x14 src/ASF/sam/drivers/pio/pio_handler.o
                0x00081f18                PIOD_Handler
 .text.pmc_switch_mck_to_pllack
                0x00081f2c       0x68 src/ASF/sam/drivers/pmc/pmc.o
                0x00081f2c                pmc_switch_mck_to_pllack
 .text.pmc_switch_mainck_to_xtal
                0x00081f94       0x54 src/ASF/sam/drivers/pmc/pmc.o
                0x00081f94                pmc_switch_mainck_to_xtal
 .text.pmc_osc_is_ready_mainck
                0x00081fe8       0x10 src/ASF/sam/drivers/pmc/pmc.o
                0x00081fe8                pmc_osc_is_ready_mainck
 .text.pmc_disable_pllack
                0x00081ff8       0x10 src/ASF/sam/drivers/pmc/pmc.o
                0x00081ff8                pmc_disable_pllack
 .text.pmc_is_locked_pllack
                0x00082008       0x10 src/ASF/sam/drivers/pmc/pmc.o
                0x00082008                pmc_is_locked_pllack
 .text.pmc_enable_upll_clock
                0x00082018       0x18 src/ASF/sam/drivers/pmc/pmc.o
                0x00082018                pmc_enable_upll_clock
 .text.pmc_enable_periph_clk
                0x00082030       0x54 src/ASF/sam/drivers/pmc/pmc.o
                0x00082030                pmc_enable_periph_clk
 .text.pmc_switch_udpck_to_upllck
                0x00082084       0x14 src/ASF/sam/drivers/pmc/pmc.o
                0x00082084                pmc_switch_udpck_to_upllck
 .text.pmc_enable_udpck
                0x00082098        0xc src/ASF/sam/drivers/pmc/pmc.o
                0x00082098                pmc_enable_udpck
 .text.pmc_set_fast_startup_input
                0x000820a4       0x14 src/ASF/sam/drivers/pmc/pmc.o
                0x000820a4                pmc_set_fast_startup_input
 .text.pmc_is_wakeup_clocks_restored
                0x000820b8       0x10 src/ASF/sam/drivers/pmc/sleep.o
                0x000820b8                pmc_is_wakeup_clocks_restored
 .text.Dummy_Handler
                0x000820c8        0x4 src/ASF/sam/utils/cmsis/sam3x/source/templates/exceptions.o
                0x000820c8                DACC_Handler
                0x000820c8                DebugMon_Handler
                0x000820c8                DMAC_Handler
                0x000820c8                TRNG_Handler
                0x000820c8                HardFault_Handler
                0x000820c8                TC2_Handler
                0x000820c8                SysTick_Handler
                0x000820c8                USART3_Handler
                0x000820c8                TWI1_Handler
                0x000820c8                PendSV_Handler
                0x000820c8                NMI_Handler
                0x000820c8                TC7_Handler
                0x000820c8                ADC_Handler
                0x000820c8                SMC_Handler
                0x000820c8                USART0_Handler
                0x000820c8                RTT_Handler
                0x000820c8                EFC1_Handler
                0x000820c8                RTC_Handler
                0x000820c8                UsageFault_Handler
                0x000820c8                TC6_Handler
                0x000820c8                WDT_Handler
                0x000820c8                CAN0_Handler
                0x000820c8                TC4_Handler
                0x000820c8                TC1_Handler
                0x000820c8                HSMCI_Handler
                0x000820c8                TC3_Handler
                0x000820c8                Dummy_Handler
                0x000820c8                TWI0_Handler
                0x000820c8                USART1_Handler
                0x000820c8                SSC_Handler
                0x000820c8                EFC0_Handler
                0x000820c8                PMC_Handler
                0x000820c8                PWM_Handler
                0x000820c8                CAN1_Handler
                0x000820c8                MemManage_Handler
                0x000820c8                SUPC_Handler
                0x000820c8                SVC_Handler
                0x000820c8                TC8_Handler
                0x000820c8                USART2_Handler
                0x000820c8                EMAC_Handler
                0x000820c8                UART_Handler
                0x000820c8                BusFault_Handler
                0x000820c8                RSTC_Handler
                0x000820c8                TC0_Handler
                0x000820c8                TC5_Handler
                0x000820c8                SPI0_Handler
 .text.Reset_Handler
                0x000820cc       0xb0 src/ASF/sam/utils/cmsis/sam3x/source/templates/gcc/startup_sam3x.o
                0x000820cc                Reset_Handler
 .text.SystemCoreClockUpdate
                0x0008217c      0x11c src/ASF/sam/utils/cmsis/sam3x/source/templates/system_sam3x.o
                0x0008217c                SystemCoreClockUpdate
 .text.main     0x00082298       0x44 src/main.o
                0x00082298                main
 .text.__libc_init_array
                0x000822dc       0x50 c:/program files (x86)/atmel/studio/7.0/toolchain/arm/arm-gnu-toolchain/bin/../lib/gcc/arm-none-eabi/4.9.3/../../../../arm-none-eabi/lib/armv7-m\libc.a(lib_a-init.o)
                0x000822dc                __libc_init_array
 .text.startup.register_fini
                0x0008232c       0x14 c:/program files (x86)/atmel/studio/7.0/toolchain/arm/arm-gnu-toolchain/bin/../lib/gcc/arm-none-eabi/4.9.3/../../../../arm-none-eabi/lib/armv7-m\libc.a(lib_a-__call_atexit.o)
 .text.atexit   0x00082340        0xc c:/program files (x86)/atmel/studio/7.0/toolchain/arm/arm-gnu-toolchain/bin/../lib/gcc/arm-none-eabi/4.9.3/../../../../arm-none-eabi/lib/armv7-m\libc.a(lib_a-atexit.o)
                0x00082340                atexit
 .text.__libc_fini_array
                0x0008234c       0x2c c:/program files (x86)/atmel/studio/7.0/toolchain/arm/arm-gnu-toolchain/bin/../lib/gcc/arm-none-eabi/4.9.3/../../../../arm-none-eabi/lib/armv7-m\libc.a(lib_a-fini.o)
                0x0008234c                __libc_fini_array
 .text.__register_exitproc
                0x00082378       0xa4 c:/program files (x86)/atmel/studio/7.0/toolchain/arm/arm-gnu-toolchain/bin/../lib/gcc/arm-none-eabi/4.9.3/../../../../arm-none-eabi/lib/armv7-m\libc.a(lib_a-__atexit.o)
                0x00082378                __register_exitproc
 *(.glue_7t)
 .glue_7t       0x00000000        0x0 linker stubs
 *(.glue_7)
 .glue_7        0x00000000        0x0 linker stubs
 *(.rodata .rodata* .gnu.linkonce.r.*)
 .rodata.str1.4
                0x0008241c        0x5 src/ASF/common/services/usb/udc/udc.o
 *fill*         0x00082421        0x3 
 .rodata.str1.4
                0x00082424        0x4 c:/program files (x86)/atmel/studio/7.0/toolchain/arm/arm-gnu-toolchain/bin/../lib/gcc/arm-none-eabi/4.9.3/../../../../arm-none-eabi/lib/armv7-m\libc.a(lib_a-impure.o)
                                  0x2 (size before relaxing)
 .rodata._global_impure_ptr
                0x00082428        0x4 c:/program files (x86)/atmel/studio/7.0/toolchain/arm/arm-gnu-toolchain/bin/../lib/gcc/arm-none-eabi/4.9.3/../../../../arm-none-eabi/lib/armv7-m\libc.a(lib_a-impure.o)
                0x00082428                _global_impure_ptr
 *(.ARM.extab* .gnu.linkonce.armextab.*)
                0x0008242c                . = ALIGN (0x4)
 *(.init)
 .init          0x0008242c        0x4 c:/program files (x86)/atmel/studio/7.0/toolchain/arm/arm-gnu-toolchain/bin/../lib/gcc/arm-none-eabi/4.9.3/armv7-m/crti.o
                0x0008242c                _init
 .init          0x00082430        0x8 c:/program files (x86)/atmel/studio/7.0/toolchain/arm/arm-gnu-toolchain/bin/../lib/gcc/arm-none-eabi/4.9.3/armv7-m/crtn.o
                0x00082438                . = ALIGN (0x4)
                0x00082438                __preinit_array_start = .
 *(.preinit_array)
                0x00082438                __preinit_array_end = .
                0x00082438                . = ALIGN (0x4)
                0x00082438                __init_array_start = .
 *(SORT(.init_array.*))
 .init_array.00000
                0x00082438        0x4 c:/program files (x86)/atmel/studio/7.0/toolchain/arm/arm-gnu-toolchain/bin/../lib/gcc/arm-none-eabi/4.9.3/../../../../arm-none-eabi/lib/armv7-m\libc.a(lib_a-__call_atexit.o)
 *(.init_array)
 .init_array    0x0008243c        0x4 c:/program files (x86)/atmel/studio/7.0/toolchain/arm/arm-gnu-toolchain/bin/../lib/gcc/arm-none-eabi/4.9.3/armv7-m/crtbegin.o
                0x00082440                __init_array_end = .
                0x00082440                . = ALIGN (0x4)
 *crtbegin.o(.ctors)
 *(EXCLUDE_FILE(*crtend.o) .ctors)
 *(SORT(.ctors.*))
 *crtend.o(.ctors)
                0x00082440                . = ALIGN (0x4)
 *(.fini)
 .fini          0x00082440        0x4 c:/program files (x86)/atmel/studio/7.0/toolchain/arm/arm-gnu-toolchain/bin/../lib/gcc/arm-none-eabi/4.9.3/armv7-m/crti.o
                0x00082440                _fini
 .fini          0x00082444        0x8 c:/program files (x86)/atmel/studio/7.0/toolchain/arm/arm-gnu-toolchain/bin/../lib/gcc/arm-none-eabi/4.9.3/armv7-m/crtn.o
                0x0008244c                . = ALIGN (0x4)
                0x0008244c                __fini_array_start = .
 *(.fini_array)
 .fini_array    0x0008244c        0x4 c:/program files (x86)/atmel/studio/7.0/toolchain/arm/arm-gnu-toolchain/bin/../lib/gcc/arm-none-eabi/4.9.3/armv7-m/crtbegin.o
 *(SORT(.fini_array.*))
                0x00082450                __fini_array_end = .
 *crtbegin.o(.dtors)
 *(EXCLUDE_FILE(*crtend.o) .dtors)
 *(SORT(.dtors.*))
 *crtend.o(.dtors)
                0x00082450                . = ALIGN (0x4)
                0x00082450                _efixed = .
                0x00082450                PROVIDE (__exidx_start, .)

.vfp11_veneer   0x00082450        0x0
 .vfp11_veneer  0x00000000        0x0 linker stubs

.v4_bx          0x00082450        0x0
 .v4_bx         0x00000000        0x0 linker stubs

.iplt           0x00082450        0x0
 .iplt          0x00000000        0x0 c:/program files (x86)/atmel/studio/7.0/toolchain/arm/arm-gnu-toolchain/bin/../lib/gcc/arm-none-eabi/4.9.3/armv7-m/crtbegin.o

.eh_frame       0x00082450        0x0
 .eh_frame      0x00082450        0x0 c:/program files (x86)/atmel/studio/7.0/toolchain/arm/arm-gnu-toolchain/bin/../lib/gcc/arm-none-eabi/4.9.3/armv7-m/crtbegin.o

.rel.dyn        0x00082450        0x0
 .rel.iplt      0x00000000        0x0 c:/program files (x86)/atmel/studio/7.0/toolchain/arm/arm-gnu-toolchain/bin/../lib/gcc/arm-none-eabi/4.9.3/armv7-m/crtbegin.o

.jcr            0x00082450        0x0
 .jcr           0x00082450        0x0 c:/program files (x86)/atmel/studio/7.0/toolchain/arm/arm-gnu-toolchain/bin/../lib/gcc/arm-none-eabi/4.9.3/armv7-m/crtbegin.o

.igot.plt       0x00082450        0x0
 .igot.plt      0x00000000        0x0 c:/program files (x86)/atmel/studio/7.0/toolchain/arm/arm-gnu-toolchain/bin/../lib/gcc/arm-none-eabi/4.9.3/armv7-m/crtbegin.o

.ARM.exidx
 *(.ARM.exidx* .gnu.linkonce.armexidx.*)
                0x00082450                PROVIDE (__exidx_end, .)
                0x00082450                . = ALIGN (0x4)
                0x00082450                _etext = .

.relocate       0x20070000      0x638 load address 0x00082450
                0x20070000                . = ALIGN (0x4)
                0x20070000                _srelocate = .
 *(.ramfunc .ramfunc.*)
 .ramfunc       0x20070000      0x12c src/ASF/sam/utils/cmsis/sam3x/source/templates/system_sam3x.o
                0x20070000                SystemInit
                0x200700a4                system_init_flash
 *(.data .data.*)
 .data.udi_hid_kbd_report_desc
                0x2007012c       0x3b src/ASF/common/services/usb/class/hid/device/kbd/udi_hid_kbd.o
                0x2007012c                udi_hid_kbd_report_desc
 *fill*         0x20070167        0x1 
 .data.udi_api_hid_kbd
                0x20070168       0x14 src/ASF/common/services/usb/class/hid/device/kbd/udi_hid_kbd.o
                0x20070168                udi_api_hid_kbd
 .data.udc_string_product_name
                0x2007017c        0xa src/ASF/common/services/usb/udc/udc.o
 *fill*         0x20070186        0x2 
 .data.udc_string_manufacturer_name
                0x20070188        0xd src/ASF/common/services/usb/udc/udc.o
 *fill*         0x20070195        0x3 
 .data.udc_string_desc
                0x20070198       0x1a src/ASF/common/services/usb/udc/udc.o
 *fill*         0x200701b2        0x2 
 .data.udc_string_desc_languageid
                0x200701b4        0x4 src/ASF/common/services/usb/udc/udc.o
 .data.udc_desc
                0x200701b8       0x22 src/ASF/common/services/usb/class/hid/device/kbd/udi_hid_kbd_desc.o
                0x200701b8                udc_desc
 *fill*         0x200701da        0x2 
 .data.udc_config_fshs
                0x200701dc        0x8 src/ASF/common/services/usb/class/hid/device/kbd/udi_hid_kbd_desc.o
                0x200701dc                udc_config_fshs
 .data.udc_config
                0x200701e4        0xc src/ASF/common/services/usb/class/hid/device/kbd/udi_hid_kbd_desc.o
                0x200701e4                udc_config
 .data.udi_apis
                0x200701f0        0x4 src/ASF/common/services/usb/class/hid/device/kbd/udi_hid_kbd_desc.o
                0x200701f0                udi_apis
 .data.udc_device_desc
                0x200701f4       0x12 src/ASF/common/services/usb/class/hid/device/kbd/udi_hid_kbd_desc.o
                0x200701f4                udc_device_desc
 .data.g_interrupt_enabled
                0x20070206        0x1 src/ASF/common/utils/interrupt/interrupt_sam_nvic.o
                0x20070206                g_interrupt_enabled
 *fill*         0x20070207        0x1 
 .data.SystemCoreClock
                0x20070208        0x4 src/ASF/sam/utils/cmsis/sam3x/source/templates/system_sam3x.o
                0x20070208                SystemCoreClock
 *fill*         0x2007020c        0x4 
 .data.impure_data
                0x20070210      0x428 c:/program files (x86)/atmel/studio/7.0/toolchain/arm/arm-gnu-toolchain/bin/../lib/gcc/arm-none-eabi/4.9.3/../../../../arm-none-eabi/lib/armv7-m\libc.a(lib_a-impure.o)
                0x20070638                . = ALIGN (0x4)
                0x20070638                _erelocate = .

.bss            0x20070638      0x100 load address 0x00082a88
                0x20070638                . = ALIGN (0x4)
                0x20070638                _sbss = .
                0x20070638                _szero = .
 *(.bss .bss.*)
 .bss           0x20070638       0x1c c:/program files (x86)/atmel/studio/7.0/toolchain/arm/arm-gnu-toolchain/bin/../lib/gcc/arm-none-eabi/4.9.3/armv7-m/crtbegin.o
 .bss.udi_hid_kbd_b_report_valid
                0x20070654        0x1 src/ASF/common/services/usb/class/hid/device/kbd/udi_hid_kbd.o
 .bss.udi_hid_kbd_b_report_trans_ongoing
                0x20070655        0x1 src/ASF/common/services/usb/class/hid/device/kbd/udi_hid_kbd.o
 *fill*         0x20070656        0x2 
 .bss.udi_hid_kbd_protocol
                0x20070658        0x1 src/ASF/common/services/usb/class/hid/device/kbd/udi_hid_kbd.o
 *fill*         0x20070659        0x3 
 .bss.udi_hid_kbd_report_set
                0x2007065c        0x1 src/ASF/common/services/usb/class/hid/device/kbd/udi_hid_kbd.o
 *fill*         0x2007065d        0x3 
 .bss.udi_hid_kbd_report
                0x20070660        0x8 src/ASF/common/services/usb/class/hid/device/kbd/udi_hid_kbd.o
 .bss.udi_hid_kbd_rate
                0x20070668        0x1 src/ASF/common/services/usb/class/hid/device/kbd/udi_hid_kbd.o
 *fill*         0x20070669        0x3 
 .bss.udc_ptr_conf
                0x2007066c        0x4 src/ASF/common/services/usb/udc/udc.o
 .bss.udc_ep_status.7469
                0x20070670        0x2 src/ASF/common/services/usb/udc/udc.o
 *fill*         0x20070672        0x2 
 .bss.udc_iface_setting
                0x20070674        0x1 src/ASF/common/services/usb/udc/udc.o
 *fill*         0x20070675        0x1 
 .bss.udc_device_status
                0x20070676        0x2 src/ASF/common/services/usb/udc/udc.o
 .bss.udc_num_configuration
                0x20070678        0x1 src/ASF/common/services/usb/udc/udc.o
 *fill*         0x20070679        0x3 
 .bss.udc_ptr_iface
                0x2007067c        0x4 src/ASF/common/services/usb/udc/udc.o
 .bss.udd_ep_job
                0x20070680       0x18 src/ASF/sam/drivers/uotghs/uotghs_device.o
 .bss.udd_b_sleep_initialized
                0x20070698        0x1 src/ASF/sam/drivers/uotghs/uotghs_device.o
 *fill*         0x20070699        0x1 
 .bss.udd_ctrl_prev_payload_buf_cnt
                0x2007069a        0x2 src/ASF/sam/drivers/uotghs/uotghs_device.o
 .bss.udd_b_idle
                0x2007069c        0x1 src/ASF/sam/drivers/uotghs/uotghs_device.o
 .bss.udd_ep_control_state
                0x2007069d        0x1 src/ASF/sam/drivers/uotghs/uotghs_device.o
 .bss.udd_ctrl_payload_buf_cnt
                0x2007069e        0x2 src/ASF/sam/drivers/uotghs/uotghs_device.o
 .bss.b_shortpacket.8138
                0x200706a0        0x1 src/ASF/sam/drivers/uotghs/uotghs_device.o
 *fill*         0x200706a1        0x3 
 .bss.gs_interrupt_sources
                0x200706a4       0x70 src/ASF/sam/drivers/pio/pio_handler.o
 .bss.b_is_sleep_clock_used
                0x20070714        0x1 src/ASF/sam/drivers/pmc/sleep.o
 *(COMMON)
 *fill*         0x20070715        0x3 
 COMMON         0x20070718        0x6 src/ASF/common/services/sleepmgr/sam/sleepmgr.o
                0x20070718                sleepmgr_locks
 *fill*         0x2007071e        0x2 
 COMMON         0x20070720       0x18 src/ASF/sam/drivers/uotghs/uotghs_device.o
                0x20070720                udd_g_ctrlreq
                0x20070738                . = ALIGN (0x4)
                0x20070738                _ebss = .
                0x20070738                _ezero = .

.stack          0x20070738     0x2000 load address 0x00082b88
                0x20070738                . = ALIGN (0x8)
                0x20070738                _sstack = .
                0x20072738                . = (. + __stack_size__)
 *fill*         0x20070738     0x2000 
                0x20072738                . = ALIGN (0x8)
                0x20072738                _estack = .
                0x20072738                . = ALIGN (0x4)
                0x20072738                _end = .
OUTPUT(ModelMUSB.elf elf32-littlearm)

.ARM.attributes
                0x00000000       0x29
 .ARM.attributes
                0x00000000       0x1d c:/program files (x86)/atmel/studio/7.0/toolchain/arm/arm-gnu-toolchain/bin/../lib/gcc/arm-none-eabi/4.9.3/armv7-m/crti.o
 .ARM.attributes
                0x0000001d       0x2d c:/program files (x86)/atmel/studio/7.0/toolchain/arm/arm-gnu-toolchain/bin/../lib/gcc/arm-none-eabi/4.9.3/armv7-m/crtbegin.o
 .ARM.attributes
                0x0000004a       0x33 src/ASF/common/services/sleepmgr/sam/sleepmgr.o
 .ARM.attributes
                0x0000007d       0x33 src/ASF/common/services/usb/class/hid/device/kbd/udi_hid_kbd.o
 .ARM.attributes
                0x000000b0       0x33 src/ASF/common/services/usb/udc/udc.o
 .ARM.attributes
                0x000000e3       0x33 src/ASF/sam/drivers/uotghs/uotghs_device.o
 .ARM.attributes
                0x00000116       0x33 src/ASF/common/services/usb/class/hid/device/kbd/udi_hid_kbd_desc.o
 .ARM.attributes
                0x00000149       0x33 src/ASF/common/services/usb/class/hid/device/udi_hid.o
 .ARM.attributes
                0x0000017c       0x33 src/ASF/common/services/clock/sam3x/sysclk.o
 .ARM.attributes
                0x000001af       0x33 src/ASF/common/utils/interrupt/interrupt_sam_nvic.o
 .ARM.attributes
                0x000001e2       0x33 src/ASF/sam/boards/arduino_due_x/init.o
 .ARM.attributes
                0x00000215       0x33 src/ASF/sam/drivers/pio/pio.o
 .ARM.attributes
                0x00000248       0x33 src/ASF/sam/drivers/pio/pio_handler.o
 .ARM.attributes
                0x0000027b       0x33 src/ASF/sam/drivers/pmc/pmc.o
 .ARM.attributes
                0x000002ae       0x33 src/ASF/sam/drivers/pmc/sleep.o
 .ARM.attributes
                0x000002e1       0x33 src/ASF/sam/utils/cmsis/sam3x/source/templates/exceptions.o
 .ARM.attributes
                0x00000314       0x33 src/ASF/sam/utils/cmsis/sam3x/source/templates/gcc/startup_sam3x.o
 .ARM.attributes
                0x00000347       0x33 src/ASF/sam/utils/cmsis/sam3x/source/templates/system_sam3x.o
 .ARM.attributes
                0x0000037a       0x33 src/main.o
 .ARM.attributes
                0x000003ad       0x2d c:/program files (x86)/atmel/studio/7.0/toolchain/arm/arm-gnu-toolchain/bin/../lib/gcc/arm-none-eabi/4.9.3/../../../../arm-none-eabi/lib/armv7-m\libc.a(lib_a-impure.o)
 .ARM.attributes
                0x000003da       0x2d c:/program files (x86)/atmel/studio/7.0/toolchain/arm/arm-gnu-toolchain/bin/../lib/gcc/arm-none-eabi/4.9.3/../../../../arm-none-eabi/lib/armv7-m\libc.a(lib_a-init.o)
 .ARM.attributes
                0x00000407       0x2d c:/program files (x86)/atmel/studio/7.0/toolchain/arm/arm-gnu-toolchain/bin/../lib/gcc/arm-none-eabi/4.9.3/../../../../arm-none-eabi/lib/armv7-m\libc.a(lib_a-__call_atexit.o)
 .ARM.attributes
                0x00000434       0x2d c:/program files (x86)/atmel/studio/7.0/toolchain/arm/arm-gnu-toolchain/bin/../lib/gcc/arm-none-eabi/4.9.3/../../../../arm-none-eabi/lib/armv7-m\libc.a(lib_a-atexit.o)
 .ARM.attributes
                0x00000461       0x2d c:/program files (x86)/atmel/studio/7.0/toolchain/arm/arm-gnu-toolchain/bin/../lib/gcc/arm-none-eabi/4.9.3/../../../../arm-none-eabi/lib/armv7-m\libc.a(lib_a-fini.o)
 .ARM.attributes
                0x0000048e       0x2d c:/program files (x86)/atmel/studio/7.0/toolchain/arm/arm-gnu-toolchain/bin/../lib/gcc/arm-none-eabi/4.9.3/../../../../arm-none-eabi/lib/armv7-m\libc.a(lib_a-__atexit.o)
 .ARM.attributes
                0x000004bb       0x1d c:/program files (x86)/atmel/studio/7.0/toolchain/arm/arm-gnu-toolchain/bin/../lib/gcc/arm-none-eabi/4.9.3/armv7-m/crtn.o

.comment        0x00000000       0x5b
 .comment       0x00000000       0x5b src/ASF/common/services/sleepmgr/sam/sleepmgr.o
                                 0x5c (size before relaxing)
 .comment       0x00000000       0x5c src/ASF/common/services/usb/class/hid/device/kbd/udi_hid_kbd.o
 .comment       0x00000000       0x5c src/ASF/common/services/usb/udc/udc.o
 .comment       0x00000000       0x5c src/ASF/sam/drivers/uotghs/uotghs_device.o
 .comment       0x00000000       0x5c src/ASF/common/services/usb/class/hid/device/kbd/udi_hid_kbd_desc.o
 .comment       0x00000000       0x5c src/ASF/common/services/usb/class/hid/device/udi_hid.o
 .comment       0x00000000       0x5c src/ASF/common/services/clock/sam3x/sysclk.o
 .comment       0x00000000       0x5c src/ASF/common/utils/interrupt/interrupt_sam_nvic.o
 .comment       0x00000000       0x5c src/ASF/sam/boards/arduino_due_x/init.o
 .comment       0x00000000       0x5c src/ASF/sam/drivers/pio/pio.o
 .comment       0x00000000       0x5c src/ASF/sam/drivers/pio/pio_handler.o
 .comment       0x00000000       0x5c src/ASF/sam/drivers/pmc/pmc.o
 .comment       0x00000000       0x5c src/ASF/sam/drivers/pmc/sleep.o
 .comment       0x00000000       0x5c src/ASF/sam/utils/cmsis/sam3x/source/templates/exceptions.o
 .comment       0x00000000       0x5c src/ASF/sam/utils/cmsis/sam3x/source/templates/gcc/startup_sam3x.o
 .comment       0x00000000       0x5c src/ASF/sam/utils/cmsis/sam3x/source/templates/system_sam3x.o
 .comment       0x00000000       0x5c src/main.o

.debug_info     0x00000000     0xac94
 .debug_info    0x00000000      0x172 src/ASF/common/services/sleepmgr/sam/sleepmgr.o
 .debug_info    0x00000172      0xa71 src/ASF/common/services/usb/class/hid/device/kbd/udi_hid_kbd.o
 .debug_info    0x00000be3     0x1064 src/ASF/common/services/usb/udc/udc.o
 .debug_info    0x00001c47     0x2c27 src/ASF/sam/drivers/uotghs/uotghs_device.o
 .debug_info    0x0000486e      0x726 src/ASF/common/services/usb/class/hid/device/kbd/udi_hid_kbd_desc.o
 .debug_info    0x00004f94      0x3f4 src/ASF/common/services/usb/class/hid/device/udi_hid.o
 .debug_info    0x00005388      0x796 src/ASF/common/services/clock/sam3x/sysclk.o
 .debug_info    0x00005b1e      0x1e8 src/ASF/common/utils/interrupt/interrupt_sam_nvic.o
 .debug_info    0x00005d06      0x75c src/ASF/sam/boards/arduino_due_x/init.o
 .debug_info    0x00006462     0x1391 src/ASF/sam/drivers/pio/pio.o
 .debug_info    0x000077f3      0xe51 src/ASF/sam/drivers/pio/pio_handler.o
 .debug_info    0x00008644     0x1078 src/ASF/sam/drivers/pmc/pmc.o
 .debug_info    0x000096bc      0xa14 src/ASF/sam/drivers/pmc/sleep.o
 .debug_info    0x0000a0d0      0x124 src/ASF/sam/utils/cmsis/sam3x/source/templates/exceptions.o
 .debug_info    0x0000a1f4      0x3bd src/ASF/sam/utils/cmsis/sam3x/source/templates/gcc/startup_sam3x.o
 .debug_info    0x0000a5b1      0x4c6 src/ASF/sam/utils/cmsis/sam3x/source/templates/system_sam3x.o
 .debug_info    0x0000aa77      0x21d src/main.o

.debug_abbrev   0x00000000     0x211c
 .debug_abbrev  0x00000000       0xa9 src/ASF/common/services/sleepmgr/sam/sleepmgr.o
 .debug_abbrev  0x000000a9      0x329 src/ASF/common/services/usb/class/hid/device/kbd/udi_hid_kbd.o
 .debug_abbrev  0x000003d2      0x36a src/ASF/common/services/usb/udc/udc.o
 .debug_abbrev  0x0000073c      0x52c src/ASF/sam/drivers/uotghs/uotghs_device.o
 .debug_abbrev  0x00000c68      0x125 src/ASF/common/services/usb/class/hid/device/kbd/udi_hid_kbd_desc.o
 .debug_abbrev  0x00000d8d      0x182 src/ASF/common/services/usb/class/hid/device/udi_hid.o
 .debug_abbrev  0x00000f0f      0x227 src/ASF/common/services/clock/sam3x/sysclk.o
 .debug_abbrev  0x00001136       0xef src/ASF/common/utils/interrupt/interrupt_sam_nvic.o
 .debug_abbrev  0x00001225      0x16f src/ASF/sam/boards/arduino_due_x/init.o
 .debug_abbrev  0x00001394      0x2d5 src/ASF/sam/drivers/pio/pio.o
 .debug_abbrev  0x00001669      0x257 src/ASF/sam/drivers/pio/pio_handler.o
 .debug_abbrev  0x000018c0      0x268 src/ASF/sam/drivers/pmc/pmc.o
 .debug_abbrev  0x00001b28      0x211 src/ASF/sam/drivers/pmc/sleep.o
 .debug_abbrev  0x00001d39       0x8c src/ASF/sam/utils/cmsis/sam3x/source/templates/exceptions.o
 .debug_abbrev  0x00001dc5      0x118 src/ASF/sam/utils/cmsis/sam3x/source/templates/gcc/startup_sam3x.o
 .debug_abbrev  0x00001edd      0x115 src/ASF/sam/utils/cmsis/sam3x/source/templates/system_sam3x.o
 .debug_abbrev  0x00001ff2      0x12a src/main.o

.debug_aranges  0x00000000      0x720
 .debug_aranges
                0x00000000       0x18 src/ASF/common/services/sleepmgr/sam/sleepmgr.o
 .debug_aranges
                0x00000018       0x78 src/ASF/common/services/usb/class/hid/device/kbd/udi_hid_kbd.o
 .debug_aranges
                0x00000090       0x70 src/ASF/common/services/usb/udc/udc.o
 .debug_aranges
                0x00000100      0x100 src/ASF/sam/drivers/uotghs/uotghs_device.o
 .debug_aranges
                0x00000200       0x18 src/ASF/common/services/usb/class/hid/device/kbd/udi_hid_kbd_desc.o
 .debug_aranges
                0x00000218       0x20 src/ASF/common/services/usb/class/hid/device/udi_hid.o
 .debug_aranges
                0x00000238       0x40 src/ASF/common/services/clock/sam3x/sysclk.o
 .debug_aranges
                0x00000278       0x28 src/ASF/common/utils/interrupt/interrupt_sam_nvic.o
 .debug_aranges
                0x000002a0       0x20 src/ASF/sam/boards/arduino_due_x/init.o
 .debug_aranges
                0x000002c0      0x148 src/ASF/sam/drivers/pio/pio.o
 .debug_aranges
                0x00000408       0x58 src/ASF/sam/drivers/pio/pio_handler.o
 .debug_aranges
                0x00000460      0x200 src/ASF/sam/drivers/pmc/pmc.o
 .debug_aranges
                0x00000660       0x30 src/ASF/sam/drivers/pmc/sleep.o
 .debug_aranges
                0x00000690       0x20 src/ASF/sam/utils/cmsis/sam3x/source/templates/exceptions.o
 .debug_aranges
                0x000006b0       0x20 src/ASF/sam/utils/cmsis/sam3x/source/templates/gcc/startup_sam3x.o
 .debug_aranges
                0x000006d0       0x30 src/ASF/sam/utils/cmsis/sam3x/source/templates/system_sam3x.o
 .debug_aranges
                0x00000700       0x20 src/main.o

.debug_macro    0x00000000    0x18eef
 .debug_macro   0x00000000      0x4fa src/ASF/common/services/sleepmgr/sam/sleepmgr.o
 .debug_macro   0x000004fa      0x898 src/ASF/common/services/sleepmgr/sam/sleepmgr.o
 .debug_macro   0x00000d92      0x166 src/ASF/common/services/sleepmgr/sam/sleepmgr.o
 .debug_macro   0x00000ef8      0x644 src/ASF/common/services/sleepmgr/sam/sleepmgr.o
 .debug_macro   0x0000153c       0x76 src/ASF/common/services/sleepmgr/sam/sleepmgr.o
 .debug_macro   0x000015b2       0x16 src/ASF/common/services/sleepmgr/sam/sleepmgr.o
 .debug_macro   0x000015c8      0x6e4 src/ASF/common/services/sleepmgr/sam/sleepmgr.o
 .debug_macro   0x00001cac       0x22 src/ASF/common/services/sleepmgr/sam/sleepmgr.o
 .debug_macro   0x00001cce       0x44 src/ASF/common/services/sleepmgr/sam/sleepmgr.o
 .debug_macro   0x00001d12       0x58 src/ASF/common/services/sleepmgr/sam/sleepmgr.o
 .debug_macro   0x00001d6a       0x22 src/ASF/common/services/sleepmgr/sam/sleepmgr.o
 .debug_macro   0x00001d8c      0x1df src/ASF/common/services/sleepmgr/sam/sleepmgr.o
 .debug_macro   0x00001f6b       0x20 src/ASF/common/services/sleepmgr/sam/sleepmgr.o
 .debug_macro   0x00001f8b       0x3a src/ASF/common/services/sleepmgr/sam/sleepmgr.o
 .debug_macro   0x00001fc5       0x2d src/ASF/common/services/sleepmgr/sam/sleepmgr.o
 .debug_macro   0x00001ff2      0xbb1 src/ASF/common/services/sleepmgr/sam/sleepmgr.o
 .debug_macro   0x00002ba3      0xab6 src/ASF/common/services/sleepmgr/sam/sleepmgr.o
 .debug_macro   0x00003659      0x569 src/ASF/common/services/sleepmgr/sam/sleepmgr.o
 .debug_macro   0x00003bc2      0x2b5 src/ASF/common/services/sleepmgr/sam/sleepmgr.o
 .debug_macro   0x00003e77      0x31a src/ASF/common/services/sleepmgr/sam/sleepmgr.o
 .debug_macro   0x00004191      0x74f src/ASF/common/services/sleepmgr/sam/sleepmgr.o
 .debug_macro   0x000048e0       0x82 src/ASF/common/services/sleepmgr/sam/sleepmgr.o
 .debug_macro   0x00004962      0x57b src/ASF/common/services/sleepmgr/sam/sleepmgr.o
 .debug_macro   0x00004edd       0x1c src/ASF/common/services/sleepmgr/sam/sleepmgr.o
 .debug_macro   0x00004ef9      0x6b7 src/ASF/common/services/sleepmgr/sam/sleepmgr.o
 .debug_macro   0x000055b0      0x52d src/ASF/common/services/sleepmgr/sam/sleepmgr.o
 .debug_macro   0x00005add       0xbe src/ASF/common/services/sleepmgr/sam/sleepmgr.o
 .debug_macro   0x00005b9b     0x2342 src/ASF/common/services/sleepmgr/sam/sleepmgr.o
 .debug_macro   0x00007edd      0x85d src/ASF/common/services/sleepmgr/sam/sleepmgr.o
 .debug_macro   0x0000873a      0xdc9 src/ASF/common/services/sleepmgr/sam/sleepmgr.o
 .debug_macro   0x00009503       0x7c src/ASF/common/services/sleepmgr/sam/sleepmgr.o
 .debug_macro   0x0000957f      0x263 src/ASF/common/services/sleepmgr/sam/sleepmgr.o
 .debug_macro   0x000097e2       0x58 src/ASF/common/services/sleepmgr/sam/sleepmgr.o
 .debug_macro   0x0000983a      0x9a7 src/ASF/common/services/sleepmgr/sam/sleepmgr.o
 .debug_macro   0x0000a1e1      0x248 src/ASF/common/services/sleepmgr/sam/sleepmgr.o
 .debug_macro   0x0000a429      0x4df src/ASF/common/services/sleepmgr/sam/sleepmgr.o
 .debug_macro   0x0000a908      0x6b3 src/ASF/common/services/sleepmgr/sam/sleepmgr.o
 .debug_macro   0x0000afbb      0x59f src/ASF/common/services/sleepmgr/sam/sleepmgr.o
 .debug_macro   0x0000b55a       0x46 src/ASF/common/services/sleepmgr/sam/sleepmgr.o
 .debug_macro   0x0000b5a0      0x34d src/ASF/common/services/sleepmgr/sam/sleepmgr.o
 .debug_macro   0x0000b8ed      0x28c src/ASF/common/services/sleepmgr/sam/sleepmgr.o
 .debug_macro   0x0000bb79     0x14d7 src/ASF/common/services/sleepmgr/sam/sleepmgr.o
 .debug_macro   0x0000d050      0x7ba src/ASF/common/services/sleepmgr/sam/sleepmgr.o
 .debug_macro   0x0000d80a       0x76 src/ASF/common/services/sleepmgr/sam/sleepmgr.o
 .debug_macro   0x0000d880       0x82 src/ASF/common/services/sleepmgr/sam/sleepmgr.o
 .debug_macro   0x0000d902       0x76 src/ASF/common/services/sleepmgr/sam/sleepmgr.o
 .debug_macro   0x0000d978       0x4c src/ASF/common/services/sleepmgr/sam/sleepmgr.o
 .debug_macro   0x0000d9c4      0x105 src/ASF/common/services/sleepmgr/sam/sleepmgr.o
 .debug_macro   0x0000dac9      0x105 src/ASF/common/services/sleepmgr/sam/sleepmgr.o
 .debug_macro   0x0000dbce      0x105 src/ASF/common/services/sleepmgr/sam/sleepmgr.o
 .debug_macro   0x0000dcd3       0x88 src/ASF/common/services/sleepmgr/sam/sleepmgr.o
 .debug_macro   0x0000dd5b       0x88 src/ASF/common/services/sleepmgr/sam/sleepmgr.o
 .debug_macro   0x0000dde3      0x3b4 src/ASF/common/services/sleepmgr/sam/sleepmgr.o
 .debug_macro   0x0000e197       0xb8 src/ASF/common/services/sleepmgr/sam/sleepmgr.o
 .debug_macro   0x0000e24f       0xb8 src/ASF/common/services/sleepmgr/sam/sleepmgr.o
 .debug_macro   0x0000e307       0xb8 src/ASF/common/services/sleepmgr/sam/sleepmgr.o
 .debug_macro   0x0000e3bf       0xb8 src/ASF/common/services/sleepmgr/sam/sleepmgr.o
 .debug_macro   0x0000e477      0x2b8 src/ASF/common/services/sleepmgr/sam/sleepmgr.o
 .debug_macro   0x0000e72f      0x125 src/ASF/common/services/sleepmgr/sam/sleepmgr.o
 .debug_macro   0x0000e854      0x225 src/ASF/common/services/sleepmgr/sam/sleepmgr.o
 .debug_macro   0x0000ea79      0x225 src/ASF/common/services/sleepmgr/sam/sleepmgr.o
 .debug_macro   0x0000ec9e       0x2e src/ASF/common/services/sleepmgr/sam/sleepmgr.o
 .debug_macro   0x0000eccc       0xac src/ASF/common/services/sleepmgr/sam/sleepmgr.o
 .debug_macro   0x0000ed78      0x14d src/ASF/common/services/sleepmgr/sam/sleepmgr.o
 .debug_macro   0x0000eec5       0x7c src/ASF/common/services/sleepmgr/sam/sleepmgr.o
 .debug_macro   0x0000ef41      0x205 src/ASF/common/services/sleepmgr/sam/sleepmgr.o
 .debug_macro   0x0000f146       0x64 src/ASF/common/services/sleepmgr/sam/sleepmgr.o
 .debug_macro   0x0000f1aa       0xa6 src/ASF/common/services/sleepmgr/sam/sleepmgr.o
 .debug_macro   0x0000f250       0x7c src/ASF/common/services/sleepmgr/sam/sleepmgr.o
 .debug_macro   0x0000f2cc       0x16 src/ASF/common/services/sleepmgr/sam/sleepmgr.o
 .debug_macro   0x0000f2e2       0x22 src/ASF/common/services/sleepmgr/sam/sleepmgr.o
 .debug_macro   0x0000f304       0x22 src/ASF/common/services/sleepmgr/sam/sleepmgr.o
 .debug_macro   0x0000f326      0x115 src/ASF/common/services/sleepmgr/sam/sleepmgr.o
 .debug_macro   0x0000f43b      0x115 src/ASF/common/services/sleepmgr/sam/sleepmgr.o
 .debug_macro   0x0000f550      0x115 src/ASF/common/services/sleepmgr/sam/sleepmgr.o
 .debug_macro   0x0000f665      0x115 src/ASF/common/services/sleepmgr/sam/sleepmgr.o
 .debug_macro   0x0000f77a       0x1c src/ASF/common/services/sleepmgr/sam/sleepmgr.o
 .debug_macro   0x0000f796       0x2e src/ASF/common/services/sleepmgr/sam/sleepmgr.o
 .debug_macro   0x0000f7c4       0x22 src/ASF/common/services/sleepmgr/sam/sleepmgr.o
 .debug_macro   0x0000f7e6       0x1c src/ASF/common/services/sleepmgr/sam/sleepmgr.o
 .debug_macro   0x0000f802       0x58 src/ASF/common/services/sleepmgr/sam/sleepmgr.o
 .debug_macro   0x0000f85a       0x10 src/ASF/common/services/sleepmgr/sam/sleepmgr.o
 .debug_macro   0x0000f86a      0x273 src/ASF/common/services/sleepmgr/sam/sleepmgr.o
 .debug_macro   0x0000fadd      0xd43 src/ASF/common/services/sleepmgr/sam/sleepmgr.o
 .debug_macro   0x00010820      0x131 src/ASF/common/services/sleepmgr/sam/sleepmgr.o
 .debug_macro   0x00010951       0x58 src/ASF/common/services/sleepmgr/sam/sleepmgr.o
 .debug_macro   0x000109a9       0x35 src/ASF/common/services/sleepmgr/sam/sleepmgr.o
 .debug_macro   0x000109de       0x9c src/ASF/common/services/sleepmgr/sam/sleepmgr.o
 .debug_macro   0x00010a7a       0x16 src/ASF/common/services/sleepmgr/sam/sleepmgr.o
 .debug_macro   0x00010a90       0x35 src/ASF/common/services/sleepmgr/sam/sleepmgr.o
 .debug_macro   0x00010ac5      0x29d src/ASF/common/services/sleepmgr/sam/sleepmgr.o
 .debug_macro   0x00010d62       0x10 src/ASF/common/services/sleepmgr/sam/sleepmgr.o
 .debug_macro   0x00010d72       0x52 src/ASF/common/services/sleepmgr/sam/sleepmgr.o
 .debug_macro   0x00010dc4       0x16 src/ASF/common/services/sleepmgr/sam/sleepmgr.o
 .debug_macro   0x00010dda       0x43 src/ASF/common/services/sleepmgr/sam/sleepmgr.o
 .debug_macro   0x00010e1d      0x180 src/ASF/common/services/sleepmgr/sam/sleepmgr.o
 .debug_macro   0x00010f9d       0x10 src/ASF/common/services/sleepmgr/sam/sleepmgr.o
 .debug_macro   0x00010fad       0x22 src/ASF/common/services/sleepmgr/sam/sleepmgr.o
 .debug_macro   0x00010fcf       0xbe src/ASF/common/services/sleepmgr/sam/sleepmgr.o
 .debug_macro   0x0001108d       0x16 src/ASF/common/services/sleepmgr/sam/sleepmgr.o
 .debug_macro   0x000110a3      0x197 src/ASF/common/services/sleepmgr/sam/sleepmgr.o
 .debug_macro   0x0001123a       0x22 src/ASF/common/services/sleepmgr/sam/sleepmgr.o
 .debug_macro   0x0001125c       0x16 src/ASF/common/services/sleepmgr/sam/sleepmgr.o
 .debug_macro   0x00011272       0x16 src/ASF/common/services/sleepmgr/sam/sleepmgr.o
 .debug_macro   0x00011288       0x29 src/ASF/common/services/sleepmgr/sam/sleepmgr.o
 .debug_macro   0x000112b1       0x75 src/ASF/common/services/sleepmgr/sam/sleepmgr.o
 .debug_macro   0x00011326       0x45 src/ASF/common/services/sleepmgr/sam/sleepmgr.o
 .debug_macro   0x0001136b      0x3ca src/ASF/common/services/sleepmgr/sam/sleepmgr.o
 .debug_macro   0x00011735       0x10 src/ASF/common/services/sleepmgr/sam/sleepmgr.o
 .debug_macro   0x00011745       0x34 src/ASF/common/services/sleepmgr/sam/sleepmgr.o
 .debug_macro   0x00011779      0x586 src/ASF/common/services/usb/class/hid/device/kbd/udi_hid_kbd.o
 .debug_macro   0x00011cff       0x4c src/ASF/common/services/usb/class/hid/device/kbd/udi_hid_kbd.o
 .debug_macro   0x00011d4b       0x28 src/ASF/common/services/usb/class/hid/device/kbd/udi_hid_kbd.o
 .debug_macro   0x00011d73      0x24b src/ASF/common/services/usb/class/hid/device/kbd/udi_hid_kbd.o
 .debug_macro   0x00011fbe      0x162 src/ASF/common/services/usb/class/hid/device/kbd/udi_hid_kbd.o
 .debug_macro   0x00012120      0x44f src/ASF/common/services/usb/class/hid/device/kbd/udi_hid_kbd.o
 .debug_macro   0x0001256f       0x16 src/ASF/common/services/usb/class/hid/device/kbd/udi_hid_kbd.o
 .debug_macro   0x00012585       0x16 src/ASF/common/services/usb/class/hid/device/kbd/udi_hid_kbd.o
 .debug_macro   0x0001259b       0x1c src/ASF/common/services/usb/class/hid/device/kbd/udi_hid_kbd.o
 .debug_macro   0x000125b7       0x16 src/ASF/common/services/usb/class/hid/device/kbd/udi_hid_kbd.o
 .debug_macro   0x000125cd      0x56e src/ASF/common/services/usb/udc/udc.o
 .debug_macro   0x00012b3b      0x6aa src/ASF/sam/drivers/uotghs/uotghs_device.o
 .debug_macro   0x000131e5       0x34 src/ASF/sam/drivers/uotghs/uotghs_device.o
 .debug_macro   0x00013219      0x2aa src/ASF/sam/drivers/uotghs/uotghs_device.o
 .debug_macro   0x000134c3      0x790 src/ASF/sam/drivers/uotghs/uotghs_device.o
 .debug_macro   0x00013c53       0x5e src/ASF/sam/drivers/uotghs/uotghs_device.o
 .debug_macro   0x00013cb1       0x64 src/ASF/sam/drivers/uotghs/uotghs_device.o
 .debug_macro   0x00013d15       0x5f src/ASF/sam/drivers/uotghs/uotghs_device.o
 .debug_macro   0x00013d74       0x90 src/ASF/sam/drivers/uotghs/uotghs_device.o
 .debug_macro   0x00013e04      0x1c8 src/ASF/sam/drivers/uotghs/uotghs_device.o
 .debug_macro   0x00013fcc      0x5c7 src/ASF/sam/drivers/uotghs/uotghs_device.o
 .debug_macro   0x00014593      0x561 src/ASF/common/services/usb/class/hid/device/kbd/udi_hid_kbd_desc.o
 .debug_macro   0x00014af4      0x569 src/ASF/common/services/usb/class/hid/device/udi_hid.o
 .debug_macro   0x0001505d      0x554 src/ASF/common/services/clock/sam3x/sysclk.o
 .debug_macro   0x000155b1      0x2a4 src/ASF/common/services/clock/sam3x/sysclk.o
 .debug_macro   0x00015855      0x4de src/ASF/common/utils/interrupt/interrupt_sam_nvic.o
 .debug_macro   0x00015d33       0x3f src/ASF/common/utils/interrupt/interrupt_sam_nvic.o
 .debug_macro   0x00015d72      0x593 src/ASF/sam/boards/arduino_due_x/init.o
 .debug_macro   0x00016305       0x16 src/ASF/sam/boards/arduino_due_x/init.o
 .debug_macro   0x0001631b       0x94 src/ASF/sam/boards/arduino_due_x/init.o
 .debug_macro   0x000163af       0x40 src/ASF/sam/boards/arduino_due_x/init.o
 .debug_macro   0x000163ef       0x6a src/ASF/sam/boards/arduino_due_x/init.o
 .debug_macro   0x00016459      0x4ef src/ASF/sam/drivers/pio/pio.o
 .debug_macro   0x00016948       0x8e src/ASF/sam/drivers/pio/pio.o
 .debug_macro   0x000169d6      0x4f3 src/ASF/sam/drivers/pio/pio_handler.o
 .debug_macro   0x00016ec9      0x4e9 src/ASF/sam/drivers/pmc/pmc.o
 .debug_macro   0x000173b2       0x58 src/ASF/sam/drivers/pmc/pmc.o
 .debug_macro   0x0001740a      0x509 src/ASF/sam/drivers/pmc/sleep.o
 .debug_macro   0x00017913      0x4e8 src/ASF/sam/utils/cmsis/sam3x/source/templates/exceptions.o
 .debug_macro   0x00017dfb      0x4f6 src/ASF/sam/utils/cmsis/sam3x/source/templates/gcc/startup_sam3x.o
 .debug_macro   0x000182f1      0x4f6 src/ASF/sam/utils/cmsis/sam3x/source/templates/system_sam3x.o
 .debug_macro   0x000187e7       0x26 src/ASF/sam/utils/cmsis/sam3x/source/templates/system_sam3x.o
 .debug_macro   0x0001880d      0x66e src/main.o
 .debug_macro   0x00018e7b       0x52 src/main.o
 .debug_macro   0x00018ecd       0x22 src/main.o

.debug_line     0x00000000     0xdfb3
 .debug_line    0x00000000      0xb2b src/ASF/common/services/sleepmgr/sam/sleepmgr.o
 .debug_line    0x00000b2b      0xe68 src/ASF/common/services/usb/class/hid/device/kbd/udi_hid_kbd.o
 .debug_line    0x00001993      0xde2 src/ASF/common/services/usb/udc/udc.o
 .debug_line    0x00002775     0x167c src/ASF/sam/drivers/uotghs/uotghs_device.o
 .debug_line    0x00003df1      0xbfa src/ASF/common/services/usb/class/hid/device/kbd/udi_hid_kbd_desc.o
 .debug_line    0x000049eb      0xc42 src/ASF/common/services/usb/class/hid/device/udi_hid.o
 .debug_line    0x0000562d      0xc31 src/ASF/common/services/clock/sam3x/sysclk.o
 .debug_line    0x0000625e      0xadd src/ASF/common/utils/interrupt/interrupt_sam_nvic.o
 .debug_line    0x00006d3b      0xcc8 src/ASF/sam/boards/arduino_due_x/init.o
 .debug_line    0x00007a03      0xe2b src/ASF/sam/drivers/pio/pio.o
 .debug_line    0x0000882e      0xb71 src/ASF/sam/drivers/pio/pio_handler.o
 .debug_line    0x0000939f     0x105e src/ASF/sam/drivers/pmc/pmc.o
 .debug_line    0x0000a3fd      0xc30 src/ASF/sam/drivers/pmc/sleep.o
 .debug_line    0x0000b02d      0xaa3 src/ASF/sam/utils/cmsis/sam3x/source/templates/exceptions.o
 .debug_line    0x0000bad0      0xaed src/ASF/sam/utils/cmsis/sam3x/source/templates/gcc/startup_sam3x.o
 .debug_line    0x0000c5bd      0xb08 src/ASF/sam/utils/cmsis/sam3x/source/templates/system_sam3x.o
 .debug_line    0x0000d0c5      0xeee src/main.o

.debug_str      0x00000000    0x6bfe0
 .debug_str     0x00000000    0x5b4df src/ASF/common/services/sleepmgr/sam/sleepmgr.o
                              0x5b821 (size before relaxing)
 .debug_str     0x0005b4df     0x2972 src/ASF/common/services/usb/class/hid/device/kbd/udi_hid_kbd.o
                              0x5e017 (size before relaxing)
 .debug_str     0x0005de51      0xaa6 src/ASF/common/services/usb/udc/udc.o
                              0x5e705 (size before relaxing)
 .debug_str     0x0005e8f7     0xb65d src/ASF/sam/drivers/uotghs/uotghs_device.o
                              0x69569 (size before relaxing)
 .debug_str     0x00069f54      0x14d src/ASF/common/services/usb/class/hid/device/kbd/udi_hid_kbd_desc.o
                              0x5e0ff (size before relaxing)
 .debug_str     0x0006a0a1      0x11c src/ASF/common/services/usb/class/hid/device/udi_hid.o
                              0x5df22 (size before relaxing)
 .debug_str     0x0006a1bd      0x2dd src/ASF/common/services/clock/sam3x/sysclk.o
                              0x5f5c3 (size before relaxing)
 .debug_str     0x0006a49a       0x65 src/ASF/common/utils/interrupt/interrupt_sam_nvic.o
                              0x5b6e5 (size before relaxing)
 .debug_str     0x0006a4ff      0xa3f src/ASF/sam/boards/arduino_due_x/init.o
                              0x5fd7d (size before relaxing)
 .debug_str     0x0006af3e      0x432 src/ASF/sam/drivers/pio/pio.o
                              0x5c039 (size before relaxing)
 .debug_str     0x0006b370      0x172 src/ASF/sam/drivers/pio/pio_handler.o
                              0x5c081 (size before relaxing)
 .debug_str     0x0006b4e2      0x691 src/ASF/sam/drivers/pmc/pmc.o
                              0x5c0af (size before relaxing)
 .debug_str     0x0006bb73      0x189 src/ASF/sam/drivers/pmc/sleep.o
                              0x5ef52 (size before relaxing)
 .debug_str     0x0006bcfc       0x4d src/ASF/sam/utils/cmsis/sam3x/source/templates/exceptions.o
                              0x5b6ae (size before relaxing)
 .debug_str     0x0006bd49       0xb2 src/ASF/sam/utils/cmsis/sam3x/source/templates/gcc/startup_sam3x.o
                              0x5b783 (size before relaxing)
 .debug_str     0x0006bdfb      0x1a9 src/ASF/sam/utils/cmsis/sam3x/source/templates/system_sam3x.o
                              0x5b996 (size before relaxing)
 .debug_str     0x0006bfa4       0x3c src/main.o
                              0x62195 (size before relaxing)

.debug_loc      0x00000000     0x4283
 .debug_loc     0x00000000      0x3dd src/ASF/common/services/usb/class/hid/device/kbd/udi_hid_kbd.o
 .debug_loc     0x000003dd      0x507 src/ASF/common/services/usb/udc/udc.o
 .debug_loc     0x000008e4     0x13c2 src/ASF/sam/drivers/uotghs/uotghs_device.o
 .debug_loc     0x00001ca6      0x336 src/ASF/common/services/usb/class/hid/device/udi_hid.o
 .debug_loc     0x00001fdc      0x12d src/ASF/common/services/clock/sam3x/sysclk.o
 .debug_loc     0x00002109       0x1e src/ASF/common/utils/interrupt/interrupt_sam_nvic.o
 .debug_loc     0x00002127       0x20 src/ASF/sam/boards/arduino_due_x/init.o
 .debug_loc     0x00002147      0xb20 src/ASF/sam/drivers/pio/pio.o
 .debug_loc     0x00002c67      0x573 src/ASF/sam/drivers/pio/pio_handler.o
 .debug_loc     0x000031da      0xccc src/ASF/sam/drivers/pmc/pmc.o
 .debug_loc     0x00003ea6      0x30f src/ASF/sam/drivers/pmc/sleep.o
 .debug_loc     0x000041b5       0x5e src/ASF/sam/utils/cmsis/sam3x/source/templates/gcc/startup_sam3x.o
 .debug_loc     0x00004213       0x70 src/main.o

.debug_ranges   0x00000000      0x6c8
 .debug_ranges  0x00000000       0x68 src/ASF/common/services/usb/class/hid/device/kbd/udi_hid_kbd.o
 .debug_ranges  0x00000068       0xb0 src/ASF/common/services/usb/udc/udc.o
 .debug_ranges  0x00000118      0x150 src/ASF/sam/drivers/uotghs/uotghs_device.o
 .debug_ranges  0x00000268       0x28 src/ASF/common/services/usb/class/hid/device/udi_hid.o
 .debug_ranges  0x00000290       0x30 src/ASF/common/services/clock/sam3x/sysclk.o
 .debug_ranges  0x000002c0       0x18 src/ASF/common/utils/interrupt/interrupt_sam_nvic.o
 .debug_ranges  0x000002d8       0x10 src/ASF/sam/boards/arduino_due_x/init.o
 .debug_ranges  0x000002e8      0x138 src/ASF/sam/drivers/pio/pio.o
 .debug_ranges  0x00000420       0x48 src/ASF/sam/drivers/pio/pio_handler.o
 .debug_ranges  0x00000468      0x1f0 src/ASF/sam/drivers/pmc/pmc.o
 .debug_ranges  0x00000658       0x20 src/ASF/sam/drivers/pmc/sleep.o
 .debug_ranges  0x00000678       0x10 src/ASF/sam/utils/cmsis/sam3x/source/templates/exceptions.o
 .debug_ranges  0x00000688       0x10 src/ASF/sam/utils/cmsis/sam3x/source/templates/gcc/startup_sam3x.o
 .debug_ranges  0x00000698       0x20 src/ASF/sam/utils/cmsis/sam3x/source/templates/system_sam3x.o
 .debug_ranges  0x000006b8       0x10 src/main.o

.debug_frame    0x00000000     0x106c
 .debug_frame   0x00000000      0x11c src/ASF/common/services/usb/class/hid/device/kbd/udi_hid_kbd.o
 .debug_frame   0x0000011c      0x138 src/ASF/common/services/usb/udc/udc.o
 .debug_frame   0x00000254      0x2f4 src/ASF/sam/drivers/uotghs/uotghs_device.o
 .debug_frame   0x00000548       0x2c src/ASF/common/services/usb/class/hid/device/udi_hid.o
 .debug_frame   0x00000574       0x88 src/ASF/common/services/clock/sam3x/sysclk.o
 .debug_frame   0x000005fc       0x30 src/ASF/common/utils/interrupt/interrupt_sam_nvic.o
 .debug_frame   0x0000062c       0x28 src/ASF/sam/boards/arduino_due_x/init.o
 .debug_frame   0x00000654      0x2b8 src/ASF/sam/drivers/pio/pio.o
 .debug_frame   0x0000090c       0xf8 src/ASF/sam/drivers/pio/pio_handler.o
 .debug_frame   0x00000a04      0x450 src/ASF/sam/drivers/pmc/pmc.o
 .debug_frame   0x00000e54       0x60 src/ASF/sam/drivers/pmc/sleep.o
 .debug_frame   0x00000eb4       0x20 src/ASF/sam/utils/cmsis/sam3x/source/templates/exceptions.o
 .debug_frame   0x00000ed4       0x28 src/ASF/sam/utils/cmsis/sam3x/source/templates/gcc/startup_sam3x.o
 .debug_frame   0x00000efc       0x40 src/ASF/sam/utils/cmsis/sam3x/source/templates/system_sam3x.o
 .debug_frame   0x00000f3c       0x2c src/main.o
 .debug_frame   0x00000f68       0x2c c:/program files (x86)/atmel/studio/7.0/toolchain/arm/arm-gnu-toolchain/bin/../lib/gcc/arm-none-eabi/4.9.3/../../../../arm-none-eabi/lib/armv7-m\libc.a(lib_a-init.o)
 .debug_frame   0x00000f94       0x50 c:/program files (x86)/atmel/studio/7.0/toolchain/arm/arm-gnu-toolchain/bin/../lib/gcc/arm-none-eabi/4.9.3/../../../../arm-none-eabi/lib/armv7-m\libc.a(lib_a-__call_atexit.o)
 .debug_frame   0x00000fe4       0x20 c:/program files (x86)/atmel/studio/7.0/toolchain/arm/arm-gnu-toolchain/bin/../lib/gcc/arm-none-eabi/4.9.3/../../../../arm-none-eabi/lib/armv7-m\libc.a(lib_a-atexit.o)
 .debug_frame   0x00001004       0x34 c:/program files (x86)/atmel/studio/7.0/toolchain/arm/arm-gnu-toolchain/bin/../lib/gcc/arm-none-eabi/4.9.3/../../../../arm-none-eabi/lib/armv7-m\libc.a(lib_a-fini.o)
 .debug_frame   0x00001038       0x34 c:/program files (x86)/atmel/studio/7.0/toolchain/arm/arm-gnu-toolchain/bin/../lib/gcc/arm-none-eabi/4.9.3/../../../../arm-none-eabi/lib/armv7-m\libc.a(lib_a-__atexit.o)

Cross Reference Table

Symbol                                            File
ADC_Handler                                       src/ASF/sam/utils/cmsis/sam3x/source/templates/exceptions.o
                                                  src/ASF/sam/utils/cmsis/sam3x/source/templates/gcc/startup_sam3x.o
BusFault_Handler                                  src/ASF/sam/utils/cmsis/sam3x/source/templates/exceptions.o
                                                  src/ASF/sam/utils/cmsis/sam3x/source/templates/gcc/startup_sam3x.o
CAN0_Handler                                      src/ASF/sam/utils/cmsis/sam3x/source/templates/exceptions.o
                                                  src/ASF/sam/utils/cmsis/sam3x/source/templates/gcc/startup_sam3x.o
CAN1_Handler                                      src/ASF/sam/utils/cmsis/sam3x/source/templates/exceptions.o
                                                  src/ASF/sam/utils/cmsis/sam3x/source/templates/gcc/startup_sam3x.o
DACC_Handler                                      src/ASF/sam/utils/cmsis/sam3x/source/templates/exceptions.o
                                                  src/ASF/sam/utils/cmsis/sam3x/source/templates/gcc/startup_sam3x.o
DMAC_Handler                                      src/ASF/sam/utils/cmsis/sam3x/source/templates/exceptions.o
                                                  src/ASF/sam/utils/cmsis/sam3x/source/templates/gcc/startup_sam3x.o
DebugMon_Handler                                  src/ASF/sam/utils/cmsis/sam3x/source/templates/exceptions.o
                                                  src/ASF/sam/utils/cmsis/sam3x/source/templates/gcc/startup_sam3x.o
Dummy_Handler                                     src/ASF/sam/utils/cmsis/sam3x/source/templates/exceptions.o
EFC0_Handler                                      src/ASF/sam/utils/cmsis/sam3x/source/templates/exceptions.o
                                                  src/ASF/sam/utils/cmsis/sam3x/source/templates/gcc/startup_sam3x.o
EFC1_Handler                                      src/ASF/sam/utils/cmsis/sam3x/source/templates/exceptions.o
                                                  src/ASF/sam/utils/cmsis/sam3x/source/templates/gcc/startup_sam3x.o
EMAC_Handler                                      src/ASF/sam/utils/cmsis/sam3x/source/templates/exceptions.o
                                                  src/ASF/sam/utils/cmsis/sam3x/source/templates/gcc/startup_sam3x.o
HSMCI_Handler                                     src/ASF/sam/utils/cmsis/sam3x/source/templates/exceptions.o
                                                  src/ASF/sam/utils/cmsis/sam3x/source/templates/gcc/startup_sam3x.o
HardFault_Handler                                 src/ASF/sam/utils/cmsis/sam3x/source/templates/exceptions.o
                                                  src/ASF/sam/utils/cmsis/sam3x/source/templates/gcc/startup_sam3x.o
MemManage_Handler                                 src/ASF/sam/utils/cmsis/sam3x/source/templates/exceptions.o
                                                  src/ASF/sam/utils/cmsis/sam3x/source/templates/gcc/startup_sam3x.o
NMI_Handler                                       src/ASF/sam/utils/cmsis/sam3x/source/templates/exceptions.o
                                                  src/ASF/sam/utils/cmsis/sam3x/source/templates/gcc/startup_sam3x.o
PIOA_Handler                                      src/ASF/sam/drivers/pio/pio_handler.o
                                                  src/ASF/sam/utils/cmsis/sam3x/source/templates/gcc/startup_sam3x.o
PIOB_Handler                                      src/ASF/sam/drivers/pio/pio_handler.o
                                                  src/ASF/sam/utils/cmsis/sam3x/source/templates/gcc/startup_sam3x.o
PIOC_Handler                                      src/ASF/sam/drivers/pio/pio_handler.o
                                                  src/ASF/sam/utils/cmsis/sam3x/source/templates/gcc/startup_sam3x.o
PIOD_Handler                                      src/ASF/sam/drivers/pio/pio_handler.o
                                                  src/ASF/sam/utils/cmsis/sam3x/source/templates/gcc/startup_sam3x.o
PMC_Handler                                       src/ASF/sam/utils/cmsis/sam3x/source/templates/exceptions.o
                                                  src/ASF/sam/utils/cmsis/sam3x/source/templates/gcc/startup_sam3x.o
PWM_Handler                                       src/ASF/sam/utils/cmsis/sam3x/source/templates/exceptions.o
                                                  src/ASF/sam/utils/cmsis/sam3x/source/templates/gcc/startup_sam3x.o
PendSV_Handler                                    src/ASF/sam/utils/cmsis/sam3x/source/templates/exceptions.o
                                                  src/ASF/sam/utils/cmsis/sam3x/source/templates/gcc/startup_sam3x.o
RSTC_Handler                                      src/ASF/sam/utils/cmsis/sam3x/source/templates/exceptions.o
                                                  src/ASF/sam/utils/cmsis/sam3x/source/templates/gcc/startup_sam3x.o
RTC_Handler                                       src/ASF/sam/utils/cmsis/sam3x/source/templates/exceptions.o
                                                  src/ASF/sam/utils/cmsis/sam3x/source/templates/gcc/startup_sam3x.o
RTT_Handler                                       src/ASF/sam/utils/cmsis/sam3x/source/templates/exceptions.o
                                                  src/ASF/sam/utils/cmsis/sam3x/source/templates/gcc/startup_sam3x.o
Reset_Handler                                     src/ASF/sam/utils/cmsis/sam3x/source/templates/gcc/startup_sam3x.o
SMC_Handler                                       src/ASF/sam/utils/cmsis/sam3x/source/templates/exceptions.o
                                                  src/ASF/sam/utils/cmsis/sam3x/source/templates/gcc/startup_sam3x.o
SPI0_Handler                                      src/ASF/sam/utils/cmsis/sam3x/source/templates/exceptions.o
                                                  src/ASF/sam/utils/cmsis/sam3x/source/templates/gcc/startup_sam3x.o
SSC_Handler                                       src/ASF/sam/utils/cmsis/sam3x/source/templates/exceptions.o
                                                  src/ASF/sam/utils/cmsis/sam3x/source/templates/gcc/startup_sam3x.o
SUPC_Handler                                      src/ASF/sam/utils/cmsis/sam3x/source/templates/exceptions.o
                                                  src/ASF/sam/utils/cmsis/sam3x/source/templates/gcc/startup_sam3x.o
SVC_Handler                                       src/ASF/sam/utils/cmsis/sam3x/source/templates/exceptions.o
                                                  src/ASF/sam/utils/cmsis/sam3x/source/templates/gcc/startup_sam3x.o
SysTick_Handler                                   src/ASF/sam/utils/cmsis/sam3x/source/templates/exceptions.o
                                                  src/ASF/sam/utils/cmsis/sam3x/source/templates/gcc/startup_sam3x.o
SystemCoreClock                                   src/ASF/sam/utils/cmsis/sam3x/source/templates/system_sam3x.o
SystemCoreClockUpdate                             src/ASF/sam/utils/cmsis/sam3x/source/templates/system_sam3x.o
                                                  src/ASF/common/services/clock/sam3x/sysclk.o
SystemInit                                        src/ASF/sam/utils/cmsis/sam3x/source/templates/system_sam3x.o
TC0_Handler                                       src/ASF/sam/utils/cmsis/sam3x/source/templates/exceptions.o
                                                  src/ASF/sam/utils/cmsis/sam3x/source/templates/gcc/startup_sam3x.o
TC1_Handler                                       src/ASF/sam/utils/cmsis/sam3x/source/templates/exceptions.o
                                                  src/ASF/sam/utils/cmsis/sam3x/source/templates/gcc/startup_sam3x.o
TC2_Handler                                       src/ASF/sam/utils/cmsis/sam3x/source/templates/exceptions.o
                                                  src/ASF/sam/utils/cmsis/sam3x/source/templates/gcc/startup_sam3x.o
TC3_Handler                                       src/ASF/sam/utils/cmsis/sam3x/source/templates/exceptions.o
                                                  src/ASF/sam/utils/cmsis/sam3x/source/templates/gcc/startup_sam3x.o
TC4_Handler                                       src/ASF/sam/utils/cmsis/sam3x/source/templates/exceptions.o
                                                  src/ASF/sam/utils/cmsis/sam3x/source/templates/gcc/startup_sam3x.o
TC5_Handler                                       src/ASF/sam/utils/cmsis/sam3x/source/templates/exceptions.o
                                                  src/ASF/sam/utils/cmsis/sam3x/source/templates/gcc/startup_sam3x.o
TC6_Handler                                       src/ASF/sam/utils/cmsis/sam3x/source/templates/exceptions.o
                                                  src/ASF/sam/utils/cmsis/sam3x/source/templates/gcc/startup_sam3x.o
TC7_Handler                                       src/ASF/sam/utils/cmsis/sam3x/source/templates/exceptions.o
                                                  src/ASF/sam/utils/cmsis/sam3x/source/templates/gcc/startup_sam3x.o
TC8_Handler                                       src/ASF/sam/utils/cmsis/sam3x/source/templates/exceptions.o
                                                  src/ASF/sam/utils/cmsis/sam3x/source/templates/gcc/startup_sam3x.o
TRNG_Handler                                      src/ASF/sam/utils/cmsis/sam3x/source/templates/exceptions.o
                                                  src/ASF/sam/utils/cmsis/sam3x/source/templates/gcc/startup_sam3x.o
TWI0_Handler                                      src/ASF/sam/utils/cmsis/sam3x/source/templates/exceptions.o
                                                  src/ASF/sam/utils/cmsis/sam3x/source/templates/gcc/startup_sam3x.o
TWI1_Handler                                      src/ASF/sam/utils/cmsis/sam3x/source/templates/exceptions.o
                                                  src/ASF/sam/utils/cmsis/sam3x/source/templates/gcc/startup_sam3x.o
UART_Handler                                      src/ASF/sam/utils/cmsis/sam3x/source/templates/exceptions.o
                                                  src/ASF/sam/utils/cmsis/sam3x/source/templates/gcc/startup_sam3x.o
UOTGHS_Handler                                    src/ASF/sam/drivers/uotghs/uotghs_device.o
                                                  src/ASF/sam/utils/cmsis/sam3x/source/templates/gcc/startup_sam3x.o
USART0_Handler                                    src/ASF/sam/utils/cmsis/sam3x/source/templates/exceptions.o
                                                  src/ASF/sam/utils/cmsis/sam3x/source/templates/gcc/startup_sam3x.o
USART1_Handler                                    src/ASF/sam/utils/cmsis/sam3x/source/templates/exceptions.o
                                                  src/ASF/sam/utils/cmsis/sam3x/source/templates/gcc/startup_sam3x.o
USART2_Handler                                    src/ASF/sam/utils/cmsis/sam3x/source/templates/exceptions.o
                                                  src/ASF/sam/utils/cmsis/sam3x/source/templates/gcc/startup_sam3x.o
USART3_Handler                                    src/ASF/sam/utils/cmsis/sam3x/source/templates/exceptions.o
                                                  src/ASF/sam/utils/cmsis/sam3x/source/templates/gcc/startup_sam3x.o
UsageFault_Handler                                src/ASF/sam/utils/cmsis/sam3x/source/templates/exceptions.o
                                                  src/ASF/sam/utils/cmsis/sam3x/source/templates/gcc/startup_sam3x.o
WDT_Handler                                       src/ASF/sam/utils/cmsis/sam3x/source/templates/exceptions.o
                                                  src/ASF/sam/utils/cmsis/sam3x/source/templates/gcc/startup_sam3x.o
_Jv_RegisterClasses                               c:/program files (x86)/atmel/studio/7.0/toolchain/arm/arm-gnu-toolchain/bin/../lib/gcc/arm-none-eabi/4.9.3/armv7-m/crtbegin.o
_PathLocale                                       c:/program files (x86)/atmel/studio/7.0/toolchain/arm/arm-gnu-toolchain/bin/../lib/gcc/arm-none-eabi/4.9.3/../../../../arm-none-eabi/lib/armv7-m\libc.a(lib_a-locale.o)
__aeabi_idiv0                                     c:/program files (x86)/atmel/studio/7.0/toolchain/arm/arm-gnu-toolchain/bin/../lib/gcc/arm-none-eabi/4.9.3/armv7-m\libgcc.a(_dvmd_tls.o)
__aeabi_ldiv0                                     c:/program files (x86)/atmel/studio/7.0/toolchain/arm/arm-gnu-toolchain/bin/../lib/gcc/arm-none-eabi/4.9.3/armv7-m\libgcc.a(_dvmd_tls.o)
                                                  c:/program files (x86)/atmel/studio/7.0/toolchain/arm/arm-gnu-toolchain/bin/../lib/gcc/arm-none-eabi/4.9.3/armv7-m\libgcc.a(_aeabi_uldivmod.o)
__aeabi_uldivmod                                  c:/program files (x86)/atmel/studio/7.0/toolchain/arm/arm-gnu-toolchain/bin/../lib/gcc/arm-none-eabi/4.9.3/armv7-m\libgcc.a(_aeabi_uldivmod.o)
                                                  c:/program files (x86)/atmel/studio/7.0/toolchain/arm/arm-gnu-toolchain/bin/../lib/gcc/arm-none-eabi/4.9.3/../../../../arm-none-eabi/lib/armv7-m\libc.a(lib_a-vfiprintf.o)
__ascii_wctomb                                    c:/program files (x86)/atmel/studio/7.0/toolchain/arm/arm-gnu-toolchain/bin/../lib/gcc/arm-none-eabi/4.9.3/../../../../arm-none-eabi/lib/armv7-m\libc.a(lib_a-wctomb_r.o)
__bss_end__                                       c:/program files (x86)/atmel/studio/7.0/toolchain/arm/arm-gnu-toolchain/bin/../lib/gcc/arm-none-eabi/4.9.3/../../../../arm-none-eabi/lib/armv7-m/crt0.o
__bss_start__                                     c:/program files (x86)/atmel/studio/7.0/toolchain/arm/arm-gnu-toolchain/bin/../lib/gcc/arm-none-eabi/4.9.3/../../../../arm-none-eabi/lib/armv7-m/crt0.o
__call_exitprocs                                  c:/program files (x86)/atmel/studio/7.0/toolchain/arm/arm-gnu-toolchain/bin/../lib/gcc/arm-none-eabi/4.9.3/../../../../arm-none-eabi/lib/armv7-m\libc.a(lib_a-__call_atexit.o)
                                                  c:/program files (x86)/atmel/studio/7.0/toolchain/arm/arm-gnu-toolchain/bin/../lib/gcc/arm-none-eabi/4.9.3/../../../../arm-none-eabi/lib/armv7-m\libc.a(lib_a-exit.o)
__deregister_frame_info                           c:/program files (x86)/atmel/studio/7.0/toolchain/arm/arm-gnu-toolchain/bin/../lib/gcc/arm-none-eabi/4.9.3/armv7-m/crtbegin.o
__divdi3                                          c:/program files (x86)/atmel/studio/7.0/toolchain/arm/arm-gnu-toolchain/bin/../lib/gcc/arm-none-eabi/4.9.3/armv7-m\libgcc.a(_divdi3.o)
                                                  c:/program files (x86)/atmel/studio/7.0/toolchain/arm/arm-gnu-toolchain/bin/../lib/gcc/arm-none-eabi/4.9.3/armv7-m\libgcc.a(bpabi.o)
__dso_handle                                      c:/program files (x86)/atmel/studio/7.0/toolchain/arm/arm-gnu-toolchain/bin/../lib/gcc/arm-none-eabi/4.9.3/armv7-m/crtbegin.o
__fini_array_end                                  c:/program files (x86)/atmel/studio/7.0/toolchain/arm/arm-gnu-toolchain/bin/../lib/gcc/arm-none-eabi/4.9.3/../../../../arm-none-eabi/lib/armv7-m\libc.a(lib_a-fini.o)
__fini_array_start                                c:/program files (x86)/atmel/studio/7.0/toolchain/arm/arm-gnu-toolchain/bin/../lib/gcc/arm-none-eabi/4.9.3/../../../../arm-none-eabi/lib/armv7-m\libc.a(lib_a-fini.o)
__fp_lock_all                                     c:/program files (x86)/atmel/studio/7.0/toolchain/arm/arm-gnu-toolchain/bin/../lib/gcc/arm-none-eabi/4.9.3/../../../../arm-none-eabi/lib/armv7-m\libc.a(lib_a-findfp.o)
__fp_unlock_all                                   c:/program files (x86)/atmel/studio/7.0/toolchain/arm/arm-gnu-toolchain/bin/../lib/gcc/arm-none-eabi/4.9.3/../../../../arm-none-eabi/lib/armv7-m\libc.a(lib_a-findfp.o)
__fputwc                                          c:/program files (x86)/atmel/studio/7.0/toolchain/arm/arm-gnu-toolchain/bin/../lib/gcc/arm-none-eabi/4.9.3/../../../../arm-none-eabi/lib/armv7-m\libc.a(lib_a-fputwc.o)
__gnu_ldivmod_helper                              c:/program files (x86)/atmel/studio/7.0/toolchain/arm/arm-gnu-toolchain/bin/../lib/gcc/arm-none-eabi/4.9.3/armv7-m\libgcc.a(bpabi.o)
__gnu_uldivmod_helper                             c:/program files (x86)/atmel/studio/7.0/toolchain/arm/arm-gnu-toolchain/bin/../lib/gcc/arm-none-eabi/4.9.3/armv7-m\libgcc.a(bpabi.o)
                                                  c:/program files (x86)/atmel/studio/7.0/toolchain/arm/arm-gnu-toolchain/bin/../lib/gcc/arm-none-eabi/4.9.3/armv7-m\libgcc.a(_aeabi_uldivmod.o)
__init_array_end                                  c:/program files (x86)/atmel/studio/7.0/toolchain/arm/arm-gnu-toolchain/bin/../lib/gcc/arm-none-eabi/4.9.3/../../../../arm-none-eabi/lib/armv7-m\libc.a(lib_a-init.o)
__init_array_start                                c:/program files (x86)/atmel/studio/7.0/toolchain/arm/arm-gnu-toolchain/bin/../lib/gcc/arm-none-eabi/4.9.3/../../../../arm-none-eabi/lib/armv7-m\libc.a(lib_a-init.o)
__libc_fini                                       c:/program files (x86)/atmel/studio/7.0/toolchain/arm/arm-gnu-toolchain/bin/../lib/gcc/arm-none-eabi/4.9.3/../../../../arm-none-eabi/lib/armv7-m\libc.a(lib_a-__call_atexit.o)
__libc_fini_array                                 c:/program files (x86)/atmel/studio/7.0/toolchain/arm/arm-gnu-toolchain/bin/../lib/gcc/arm-none-eabi/4.9.3/../../../../arm-none-eabi/lib/armv7-m\libc.a(lib_a-fini.o)
                                                  c:/program files (x86)/atmel/studio/7.0/toolchain/arm/arm-gnu-toolchain/bin/../lib/gcc/arm-none-eabi/4.9.3/../../../../arm-none-eabi/lib/armv7-m\libc.a(lib_a-__call_atexit.o)
                                                  c:/program files (x86)/atmel/studio/7.0/toolchain/arm/arm-gnu-toolchain/bin/../lib/gcc/arm-none-eabi/4.9.3/../../../../arm-none-eabi/lib/armv7-m/crt0.o
__libc_init_array                                 c:/program files (x86)/atmel/studio/7.0/toolchain/arm/arm-gnu-toolchain/bin/../lib/gcc/arm-none-eabi/4.9.3/../../../../arm-none-eabi/lib/armv7-m\libc.a(lib_a-init.o)
                                                  src/ASF/sam/utils/cmsis/sam3x/source/templates/gcc/startup_sam3x.o
                                                  c:/program files (x86)/atmel/studio/7.0/toolchain/arm/arm-gnu-toolchain/bin/../lib/gcc/arm-none-eabi/4.9.3/../../../../arm-none-eabi/lib/armv7-m/crt0.o
__locale_charset                                  c:/program files (x86)/atmel/studio/7.0/toolchain/arm/arm-gnu-toolchain/bin/../lib/gcc/arm-none-eabi/4.9.3/../../../../arm-none-eabi/lib/armv7-m\libc.a(lib_a-locale.o)
                                                  c:/program files (x86)/atmel/studio/7.0/toolchain/arm/arm-gnu-toolchain/bin/../lib/gcc/arm-none-eabi/4.9.3/../../../../arm-none-eabi/lib/armv7-m\libc.a(lib_a-wctomb_r.o)
                                                  c:/program files (x86)/atmel/studio/7.0/toolchain/arm/arm-gnu-toolchain/bin/../lib/gcc/arm-none-eabi/4.9.3/../../../../arm-none-eabi/lib/armv7-m\libc.a(lib_a-wcrtomb.o)
__locale_cjk_lang                                 c:/program files (x86)/atmel/studio/7.0/toolchain/arm/arm-gnu-toolchain/bin/../lib/gcc/arm-none-eabi/4.9.3/../../../../arm-none-eabi/lib/armv7-m\libc.a(lib_a-locale.o)
__locale_mb_cur_max                               c:/program files (x86)/atmel/studio/7.0/toolchain/arm/arm-gnu-toolchain/bin/../lib/gcc/arm-none-eabi/4.9.3/../../../../arm-none-eabi/lib/armv7-m\libc.a(lib_a-locale.o)
                                                  c:/program files (x86)/atmel/studio/7.0/toolchain/arm/arm-gnu-toolchain/bin/../lib/gcc/arm-none-eabi/4.9.3/../../../../arm-none-eabi/lib/armv7-m\libc.a(lib_a-fputwc.o)
__locale_msgcharset                               c:/program files (x86)/atmel/studio/7.0/toolchain/arm/arm-gnu-toolchain/bin/../lib/gcc/arm-none-eabi/4.9.3/../../../../arm-none-eabi/lib/armv7-m\libc.a(lib_a-locale.o)
__malloc_av_                                      c:/program files (x86)/atmel/studio/7.0/toolchain/arm/arm-gnu-toolchain/bin/../lib/gcc/arm-none-eabi/4.9.3/../../../../arm-none-eabi/lib/armv7-m\libc.a(lib_a-mallocr.o)
                                                  c:/program files (x86)/atmel/studio/7.0/toolchain/arm/arm-gnu-toolchain/bin/../lib/gcc/arm-none-eabi/4.9.3/../../../../arm-none-eabi/lib/armv7-m\libc.a(lib_a-reallocr.o)
                                                  c:/program files (x86)/atmel/studio/7.0/toolchain/arm/arm-gnu-toolchain/bin/../lib/gcc/arm-none-eabi/4.9.3/../../../../arm-none-eabi/lib/armv7-m\libc.a(lib_a-freer.o)
__malloc_current_mallinfo                         c:/program files (x86)/atmel/studio/7.0/toolchain/arm/arm-gnu-toolchain/bin/../lib/gcc/arm-none-eabi/4.9.3/../../../../arm-none-eabi/lib/armv7-m\libc.a(lib_a-mallocr.o)
                                                  c:/program files (x86)/atmel/studio/7.0/toolchain/arm/arm-gnu-toolchain/bin/../lib/gcc/arm-none-eabi/4.9.3/../../../../arm-none-eabi/lib/armv7-m\libc.a(lib_a-freer.o)
__malloc_lock                                     c:/program files (x86)/atmel/studio/7.0/toolchain/arm/arm-gnu-toolchain/bin/../lib/gcc/arm-none-eabi/4.9.3/../../../../arm-none-eabi/lib/armv7-m\libc.a(lib_a-mlock.o)
                                                  c:/program files (x86)/atmel/studio/7.0/toolchain/arm/arm-gnu-toolchain/bin/../lib/gcc/arm-none-eabi/4.9.3/../../../../arm-none-eabi/lib/armv7-m\libc.a(lib_a-reallocr.o)
                                                  c:/program files (x86)/atmel/studio/7.0/toolchain/arm/arm-gnu-toolchain/bin/../lib/gcc/arm-none-eabi/4.9.3/../../../../arm-none-eabi/lib/armv7-m\libc.a(lib_a-mallocr.o)
                                                  c:/program files (x86)/atmel/studio/7.0/toolchain/arm/arm-gnu-toolchain/bin/../lib/gcc/arm-none-eabi/4.9.3/../../../../arm-none-eabi/lib/armv7-m\libc.a(lib_a-freer.o)
__malloc_max_sbrked_mem                           c:/program files (x86)/atmel/studio/7.0/toolchain/arm/arm-gnu-toolchain/bin/../lib/gcc/arm-none-eabi/4.9.3/../../../../arm-none-eabi/lib/armv7-m\libc.a(lib_a-mallocr.o)
__malloc_max_total_mem                            c:/program files (x86)/atmel/studio/7.0/toolchain/arm/arm-gnu-toolchain/bin/../lib/gcc/arm-none-eabi/4.9.3/../../../../arm-none-eabi/lib/armv7-m\libc.a(lib_a-mallocr.o)
__malloc_sbrk_base                                c:/program files (x86)/atmel/studio/7.0/toolchain/arm/arm-gnu-toolchain/bin/../lib/gcc/arm-none-eabi/4.9.3/../../../../arm-none-eabi/lib/armv7-m\libc.a(lib_a-mallocr.o)
                                                  c:/program files (x86)/atmel/studio/7.0/toolchain/arm/arm-gnu-toolchain/bin/../lib/gcc/arm-none-eabi/4.9.3/../../../../arm-none-eabi/lib/armv7-m\libc.a(lib_a-freer.o)
__malloc_top_pad                                  c:/program files (x86)/atmel/studio/7.0/toolchain/arm/arm-gnu-toolchain/bin/../lib/gcc/arm-none-eabi/4.9.3/../../../../arm-none-eabi/lib/armv7-m\libc.a(lib_a-mallocr.o)
                                                  c:/program files (x86)/atmel/studio/7.0/toolchain/arm/arm-gnu-toolchain/bin/../lib/gcc/arm-none-eabi/4.9.3/../../../../arm-none-eabi/lib/armv7-m\libc.a(lib_a-freer.o)
__malloc_trim_threshold                           c:/program files (x86)/atmel/studio/7.0/toolchain/arm/arm-gnu-toolchain/bin/../lib/gcc/arm-none-eabi/4.9.3/../../../../arm-none-eabi/lib/armv7-m\libc.a(lib_a-mallocr.o)
                                                  c:/program files (x86)/atmel/studio/7.0/toolchain/arm/arm-gnu-toolchain/bin/../lib/gcc/arm-none-eabi/4.9.3/../../../../arm-none-eabi/lib/armv7-m\libc.a(lib_a-freer.o)
__malloc_unlock                                   c:/program files (x86)/atmel/studio/7.0/toolchain/arm/arm-gnu-toolchain/bin/../lib/gcc/arm-none-eabi/4.9.3/../../../../arm-none-eabi/lib/armv7-m\libc.a(lib_a-mlock.o)
                                                  c:/program files (x86)/atmel/studio/7.0/toolchain/arm/arm-gnu-toolchain/bin/../lib/gcc/arm-none-eabi/4.9.3/../../../../arm-none-eabi/lib/armv7-m\libc.a(lib_a-reallocr.o)
                                                  c:/program files (x86)/atmel/studio/7.0/toolchain/arm/arm-gnu-toolchain/bin/../lib/gcc/arm-none-eabi/4.9.3/../../../../arm-none-eabi/lib/armv7-m\libc.a(lib_a-mallocr.o)
                                                  c:/program files (x86)/atmel/studio/7.0/toolchain/arm/arm-gnu-toolchain/bin/../lib/gcc/arm-none-eabi/4.9.3/../../../../arm-none-eabi/lib/armv7-m\libc.a(lib_a-freer.o)
__mb_cur_max                                      c:/program files (x86)/atmel/studio/7.0/toolchain/arm/arm-gnu-toolchain/bin/../lib/gcc/arm-none-eabi/4.9.3/../../../../arm-none-eabi/lib/armv7-m\libc.a(lib_a-locale.o)
__mlocale_changed                                 c:/program files (x86)/atmel/studio/7.0/toolchain/arm/arm-gnu-toolchain/bin/../lib/gcc/arm-none-eabi/4.9.3/../../../../arm-none-eabi/lib/armv7-m\libc.a(lib_a-locale.o)
__nlocale_changed                                 c:/program files (x86)/atmel/studio/7.0/toolchain/arm/arm-gnu-toolchain/bin/../lib/gcc/arm-none-eabi/4.9.3/../../../../arm-none-eabi/lib/armv7-m\libc.a(lib_a-locale.o)
__preinit_array_end                               c:/program files (x86)/atmel/studio/7.0/toolchain/arm/arm-gnu-toolchain/bin/../lib/gcc/arm-none-eabi/4.9.3/../../../../arm-none-eabi/lib/armv7-m\libc.a(lib_a-init.o)
__preinit_array_start                             c:/program files (x86)/atmel/studio/7.0/toolchain/arm/arm-gnu-toolchain/bin/../lib/gcc/arm-none-eabi/4.9.3/../../../../arm-none-eabi/lib/armv7-m\libc.a(lib_a-init.o)
__ram_end__                                       src/ASF/sam/utils/syscalls/gcc/syscalls.o
__register_exitproc                               c:/program files (x86)/atmel/studio/7.0/toolchain/arm/arm-gnu-toolchain/bin/../lib/gcc/arm-none-eabi/4.9.3/../../../../arm-none-eabi/lib/armv7-m\libc.a(lib_a-__atexit.o)
                                                  c:/program files (x86)/atmel/studio/7.0/toolchain/arm/arm-gnu-toolchain/bin/../lib/gcc/arm-none-eabi/4.9.3/../../../../arm-none-eabi/lib/armv7-m\libc.a(lib_a-atexit.o)
__register_frame_info                             c:/program files (x86)/atmel/studio/7.0/toolchain/arm/arm-gnu-toolchain/bin/../lib/gcc/arm-none-eabi/4.9.3/armv7-m/crtbegin.o
__sclose                                          c:/program files (x86)/atmel/studio/7.0/toolchain/arm/arm-gnu-toolchain/bin/../lib/gcc/arm-none-eabi/4.9.3/../../../../arm-none-eabi/lib/armv7-m\libc.a(lib_a-stdio.o)
                                                  c:/program files (x86)/atmel/studio/7.0/toolchain/arm/arm-gnu-toolchain/bin/../lib/gcc/arm-none-eabi/4.9.3/../../../../arm-none-eabi/lib/armv7-m\libc.a(lib_a-findfp.o)
__seofread                                        c:/program files (x86)/atmel/studio/7.0/toolchain/arm/arm-gnu-toolchain/bin/../lib/gcc/arm-none-eabi/4.9.3/../../../../arm-none-eabi/lib/armv7-m\libc.a(lib_a-stdio.o)
__sflush_r                                        c:/program files (x86)/atmel/studio/7.0/toolchain/arm/arm-gnu-toolchain/bin/../lib/gcc/arm-none-eabi/4.9.3/../../../../arm-none-eabi/lib/armv7-m\libc.a(lib_a-fflush.o)
                                                  c:/program files (x86)/atmel/studio/7.0/toolchain/arm/arm-gnu-toolchain/bin/../lib/gcc/arm-none-eabi/4.9.3/../../../../arm-none-eabi/lib/armv7-m\libc.a(lib_a-fclose.o)
__sfmoreglue                                      c:/program files (x86)/atmel/studio/7.0/toolchain/arm/arm-gnu-toolchain/bin/../lib/gcc/arm-none-eabi/4.9.3/../../../../arm-none-eabi/lib/armv7-m\libc.a(lib_a-findfp.o)
__sfp                                             c:/program files (x86)/atmel/studio/7.0/toolchain/arm/arm-gnu-toolchain/bin/../lib/gcc/arm-none-eabi/4.9.3/../../../../arm-none-eabi/lib/armv7-m\libc.a(lib_a-findfp.o)
__sfp_lock_acquire                                c:/program files (x86)/atmel/studio/7.0/toolchain/arm/arm-gnu-toolchain/bin/../lib/gcc/arm-none-eabi/4.9.3/../../../../arm-none-eabi/lib/armv7-m\libc.a(lib_a-findfp.o)
                                                  c:/program files (x86)/atmel/studio/7.0/toolchain/arm/arm-gnu-toolchain/bin/../lib/gcc/arm-none-eabi/4.9.3/../../../../arm-none-eabi/lib/armv7-m\libc.a(lib_a-fclose.o)
__sfp_lock_release                                c:/program files (x86)/atmel/studio/7.0/toolchain/arm/arm-gnu-toolchain/bin/../lib/gcc/arm-none-eabi/4.9.3/../../../../arm-none-eabi/lib/armv7-m\libc.a(lib_a-findfp.o)
                                                  c:/program files (x86)/atmel/studio/7.0/toolchain/arm/arm-gnu-toolchain/bin/../lib/gcc/arm-none-eabi/4.9.3/../../../../arm-none-eabi/lib/armv7-m\libc.a(lib_a-fclose.o)
__sfvwrite_r                                      c:/program files (x86)/atmel/studio/7.0/toolchain/arm/arm-gnu-toolchain/bin/../lib/gcc/arm-none-eabi/4.9.3/../../../../arm-none-eabi/lib/armv7-m\libc.a(lib_a-fvwrite.o)
                                                  c:/program files (x86)/atmel/studio/7.0/toolchain/arm/arm-gnu-toolchain/bin/../lib/gcc/arm-none-eabi/4.9.3/../../../../arm-none-eabi/lib/armv7-m\libc.a(lib_a-vfiprintf.o)
__sinit                                           c:/program files (x86)/atmel/studio/7.0/toolchain/arm/arm-gnu-toolchain/bin/../lib/gcc/arm-none-eabi/4.9.3/../../../../arm-none-eabi/lib/armv7-m\libc.a(lib_a-findfp.o)
                                                  c:/program files (x86)/atmel/studio/7.0/toolchain/arm/arm-gnu-toolchain/bin/../lib/gcc/arm-none-eabi/4.9.3/../../../../arm-none-eabi/lib/armv7-m\libc.a(lib_a-fclose.o)
                                                  c:/program files (x86)/atmel/studio/7.0/toolchain/arm/arm-gnu-toolchain/bin/../lib/gcc/arm-none-eabi/4.9.3/../../../../arm-none-eabi/lib/armv7-m\libc.a(lib_a-wbuf.o)
                                                  c:/program files (x86)/atmel/studio/7.0/toolchain/arm/arm-gnu-toolchain/bin/../lib/gcc/arm-none-eabi/4.9.3/../../../../arm-none-eabi/lib/armv7-m\libc.a(lib_a-fputwc.o)
                                                  c:/program files (x86)/atmel/studio/7.0/toolchain/arm/arm-gnu-toolchain/bin/../lib/gcc/arm-none-eabi/4.9.3/../../../../arm-none-eabi/lib/armv7-m\libc.a(lib_a-fflush.o)
                                                  c:/program files (x86)/atmel/studio/7.0/toolchain/arm/arm-gnu-toolchain/bin/../lib/gcc/arm-none-eabi/4.9.3/../../../../arm-none-eabi/lib/armv7-m\libc.a(lib_a-wsetup.o)
                                                  c:/program files (x86)/atmel/studio/7.0/toolchain/arm/arm-gnu-toolchain/bin/../lib/gcc/arm-none-eabi/4.9.3/../../../../arm-none-eabi/lib/armv7-m\libc.a(lib_a-vfiprintf.o)
__sinit_lock_acquire                              c:/program files (x86)/atmel/studio/7.0/toolchain/arm/arm-gnu-toolchain/bin/../lib/gcc/arm-none-eabi/4.9.3/../../../../arm-none-eabi/lib/armv7-m\libc.a(lib_a-findfp.o)
__sinit_lock_release                              c:/program files (x86)/atmel/studio/7.0/toolchain/arm/arm-gnu-toolchain/bin/../lib/gcc/arm-none-eabi/4.9.3/../../../../arm-none-eabi/lib/armv7-m\libc.a(lib_a-findfp.o)
__smakebuf_r                                      c:/program files (x86)/atmel/studio/7.0/toolchain/arm/arm-gnu-toolchain/bin/../lib/gcc/arm-none-eabi/4.9.3/../../../../arm-none-eabi/lib/armv7-m\libc.a(lib_a-makebuf.o)
                                                  c:/program files (x86)/atmel/studio/7.0/toolchain/arm/arm-gnu-toolchain/bin/../lib/gcc/arm-none-eabi/4.9.3/../../../../arm-none-eabi/lib/armv7-m\libc.a(lib_a-wsetup.o)
__sprint_r                                        c:/program files (x86)/atmel/studio/7.0/toolchain/arm/arm-gnu-toolchain/bin/../lib/gcc/arm-none-eabi/4.9.3/../../../../arm-none-eabi/lib/armv7-m\libc.a(lib_a-vfiprintf.o)
__sread                                           c:/program files (x86)/atmel/studio/7.0/toolchain/arm/arm-gnu-toolchain/bin/../lib/gcc/arm-none-eabi/4.9.3/../../../../arm-none-eabi/lib/armv7-m\libc.a(lib_a-stdio.o)
                                                  c:/program files (x86)/atmel/studio/7.0/toolchain/arm/arm-gnu-toolchain/bin/../lib/gcc/arm-none-eabi/4.9.3/../../../../arm-none-eabi/lib/armv7-m\libc.a(lib_a-findfp.o)
__sseek                                           c:/program files (x86)/atmel/studio/7.0/toolchain/arm/arm-gnu-toolchain/bin/../lib/gcc/arm-none-eabi/4.9.3/../../../../arm-none-eabi/lib/armv7-m\libc.a(lib_a-stdio.o)
                                                  c:/program files (x86)/atmel/studio/7.0/toolchain/arm/arm-gnu-toolchain/bin/../lib/gcc/arm-none-eabi/4.9.3/../../../../arm-none-eabi/lib/armv7-m\libc.a(lib_a-makebuf.o)
                                                  c:/program files (x86)/atmel/studio/7.0/toolchain/arm/arm-gnu-toolchain/bin/../lib/gcc/arm-none-eabi/4.9.3/../../../../arm-none-eabi/lib/armv7-m\libc.a(lib_a-findfp.o)
__stack                                           c:/program files (x86)/atmel/studio/7.0/toolchain/arm/arm-gnu-toolchain/bin/../lib/gcc/arm-none-eabi/4.9.3/../../../../arm-none-eabi/lib/armv7-m/crt0.o
__swbuf                                           c:/program files (x86)/atmel/studio/7.0/toolchain/arm/arm-gnu-toolchain/bin/../lib/gcc/arm-none-eabi/4.9.3/../../../../arm-none-eabi/lib/armv7-m\libc.a(lib_a-wbuf.o)