Archive member included because of file (symbol)

c:/program files (x86)/atmel/studio/7.0/toolchain/arm/arm-gnu-toolchain/bin/../lib/gcc/arm-none-eabi/4.9.3/../../../../arm-none-eabi/lib/armv7-m\libc.a(lib_a-exit.o)
                              c:/program files (x86)/atmel/studio/7.0/toolchain/arm/arm-gnu-toolchain/bin/../lib/gcc/arm-none-eabi/4.9.3/../../../../arm-none-eabi/lib/armv7-m/crt0.o (exit)
c:/program files (x86)/atmel/studio/7.0/toolchain/arm/arm-gnu-toolchain/bin/../lib/gcc/arm-none-eabi/4.9.3/../../../../arm-none-eabi/lib/armv7-m\libc.a(lib_a-impure.o)
                              c:/program files (x86)/atmel/studio/7.0/toolchain/arm/arm-gnu-toolchain/bin/../lib/gcc/arm-none-eabi/4.9.3/../../../../arm-none-eabi/lib/armv7-m\libc.a(lib_a-exit.o) (_global_impure_ptr)
c:/program files (x86)/atmel/studio/7.0/toolchain/arm/arm-gnu-toolchain/bin/../lib/gcc/arm-none-eabi/4.9.3/../../../../arm-none-eabi/lib/armv7-m\libc.a(lib_a-init.o)
                              c:/program files (x86)/atmel/studio/7.0/toolchain/arm/arm-gnu-toolchain/bin/../lib/gcc/arm-none-eabi/4.9.3/../../../../arm-none-eabi/lib/armv7-m/crt0.o (__libc_init_array)
c:/program files (x86)/atmel/studio/7.0/toolchain/arm/arm-gnu-toolchain/bin/../lib/gcc/arm-none-eabi/4.9.3/../../../../arm-none-eabi/lib/armv7-m\libc.a(lib_a-iprintf.o)
                              src/ASF/sam/utils/syscalls/gcc/syscalls.o (iprintf)
c:/program files (x86)/atmel/studio/7.0/toolchain/arm/arm-gnu-toolchain/bin/../lib/gcc/arm-none-eabi/4.9.3/../../../../arm-none-eabi/lib/armv7-m\libc.a(lib_a-memset.o)
                              c:/program files (x86)/atmel/studio/7.0/toolchain/arm/arm-gnu-toolchain/bin/../lib/gcc/arm-none-eabi/4.9.3/../../../../arm-none-eabi/lib/armv7-m/crt0.o (memset)
c:/program files (x86)/atmel/studio/7.0/toolchain/arm/arm-gnu-toolchain/bin/../lib/gcc/arm-none-eabi/4.9.3/../../../../arm-none-eabi/lib/armv7-m\libc.a(lib_a-vfiprintf.o)
                              c:/program files (x86)/atmel/studio/7.0/toolchain/arm/arm-gnu-toolchain/bin/../lib/gcc/arm-none-eabi/4.9.3/../../../../arm-none-eabi/lib/armv7-m\libc.a(lib_a-iprintf.o) (_vfiprintf_r)
c:/program files (x86)/atmel/studio/7.0/toolchain/arm/arm-gnu-toolchain/bin/../lib/gcc/arm-none-eabi/4.9.3/../../../../arm-none-eabi/lib/armv7-m\libc.a(lib_a-wsetup.o)
                              c:/program files (x86)/atmel/studio/7.0/toolchain/arm/arm-gnu-toolchain/bin/../lib/gcc/arm-none-eabi/4.9.3/../../../../arm-none-eabi/lib/armv7-m\libc.a(lib_a-vfiprintf.o) (__swsetup_r)
c:/program files (x86)/atmel/studio/7.0/toolchain/arm/arm-gnu-toolchain/bin/../lib/gcc/arm-none-eabi/4.9.3/../../../../arm-none-eabi/lib/armv7-m\libc.a(lib_a-__call_atexit.o)
                              c:/program files (x86)/atmel/studio/7.0/toolchain/arm/arm-gnu-toolchain/bin/../lib/gcc/arm-none-eabi/4.9.3/../../../../arm-none-eabi/lib/armv7-m\libc.a(lib_a-exit.o) (__call_exitprocs)
c:/program files (x86)/atmel/studio/7.0/toolchain/arm/arm-gnu-toolchain/bin/../lib/gcc/arm-none-eabi/4.9.3/../../../../arm-none-eabi/lib/armv7-m\libc.a(lib_a-atexit.o)
                              c:/program files (x86)/atmel/studio/7.0/toolchain/arm/arm-gnu-toolchain/bin/../lib/gcc/arm-none-eabi/4.9.3/../../../../arm-none-eabi/lib/armv7-m\libc.a(lib_a-__call_atexit.o) (atexit)
c:/program files (x86)/atmel/studio/7.0/toolchain/arm/arm-gnu-toolchain/bin/../lib/gcc/arm-none-eabi/4.9.3/../../../../arm-none-eabi/lib/armv7-m\libc.a(lib_a-fflush.o)
                              c:/program files (x86)/atmel/studio/7.0/toolchain/arm/arm-gnu-toolchain/bin/../lib/gcc/arm-none-eabi/4.9.3/../../../../arm-none-eabi/lib/armv7-m\libc.a(lib_a-vfiprintf.o) (_fflush_r)
c:/program files (x86)/atmel/studio/7.0/toolchain/arm/arm-gnu-toolchain/bin/../lib/gcc/arm-none-eabi/4.9.3/../../../../arm-none-eabi/lib/armv7-m\libc.a(lib_a-findfp.o)
                              c:/program files (x86)/atmel/studio/7.0/toolchain/arm/arm-gnu-toolchain/bin/../lib/gcc/arm-none-eabi/4.9.3/../../../../arm-none-eabi/lib/armv7-m\libc.a(lib_a-vfiprintf.o) (__sinit)
c:/program files (x86)/atmel/studio/7.0/toolchain/arm/arm-gnu-toolchain/bin/../lib/gcc/arm-none-eabi/4.9.3/../../../../arm-none-eabi/lib/armv7-m\libc.a(lib_a-fini.o)
                              c:/program files (x86)/atmel/studio/7.0/toolchain/arm/arm-gnu-toolchain/bin/../lib/gcc/arm-none-eabi/4.9.3/../../../../arm-none-eabi/lib/armv7-m\libc.a(lib_a-__call_atexit.o) (__libc_fini_array)
c:/program files (x86)/atmel/studio/7.0/toolchain/arm/arm-gnu-toolchain/bin/../lib/gcc/arm-none-eabi/4.9.3/../../../../arm-none-eabi/lib/armv7-m\libc.a(lib_a-fputwc.o)
                              c:/program files (x86)/atmel/studio/7.0/toolchain/arm/arm-gnu-toolchain/bin/../lib/gcc/arm-none-eabi/4.9.3/../../../../arm-none-eabi/lib/armv7-m\libc.a(lib_a-vfiprintf.o) (_fputwc_r)
[...]
Memory Configuration

Name             Origin             Length             Attributes
rom              0x00080000         0x00080000         xr
sram0            0x20000000         0x00010000         xrw
sram1            0x20080000         0x00008000         xrw
ram              0x20070000         0x00018000         xrw
*default*        0x00000000         0xffffffff

Linker script and memory map

LOAD c:/program files (x86)/atmel/studio/7.0/toolchain/arm/arm-gnu-toolchain/bin/../lib/gcc/arm-none-eabi/4.9.3/armv7-m/crti.o
LOAD c:/program files (x86)/atmel/studio/7.0/toolchain/arm/arm-gnu-toolchain/bin/../lib/gcc/arm-none-eabi/4.9.3/armv7-m/crtbegin.o
LOAD c:/program files (x86)/atmel/studio/7.0/toolchain/arm/arm-gnu-toolchain/bin/../lib/gcc/arm-none-eabi/4.9.3/../../../../arm-none-eabi/lib/armv7-m/crt0.o
LOAD src/ASF/common/services/sleepmgr/sam/sleepmgr.o
LOAD src/ASF/common/services/usb/class/hid/device/kbd/udi_hid_kbd.o
LOAD src/ASF/common/services/usb/udc/udc.o
LOAD src/ASF/sam/drivers/uotghs/uotghs_device.o
LOAD src/ASF/common/services/usb/class/hid/device/kbd/udi_hid_kbd_desc.o
LOAD src/ASF/common/services/usb/class/hid/device/udi_hid.o
LOAD src/ASF/common/services/clock/sam3x/sysclk.o
LOAD src/ASF/common/utils/interrupt/interrupt_sam_nvic.o
LOAD src/ASF/sam/boards/arduino_due_x/init.o
LOAD src/ASF/sam/drivers/pio/pio.o
LOAD src/ASF/sam/drivers/pio/pio_handler.o
LOAD src/ASF/sam/drivers/pmc/pmc.o
LOAD src/ASF/sam/drivers/pmc/sleep.o
LOAD src/ASF/sam/utils/cmsis/sam3x/source/templates/exceptions.o
LOAD src/ASF/sam/utils/cmsis/sam3x/source/templates/gcc/startup_sam3x.o
LOAD src/ASF/sam/utils/cmsis/sam3x/source/templates/system_sam3x.o
LOAD src/ASF/sam/utils/syscalls/gcc/syscalls.o
LOAD src/main.o
START GROUP
LOAD ../src/ASF/thirdparty/CMSIS/Lib/GCC\libarm_cortexM3l_math.a
LOAD c:/program files (x86)/atmel/studio/7.0/toolchain/arm/arm-gnu-toolchain/bin/../lib/gcc/arm-none-eabi/4.9.3/../../../../arm-none-eabi/lib/armv7-m\libm.a
END GROUP
START GROUP
LOAD c:/program files (x86)/atmel/studio/7.0/toolchain/arm/arm-gnu-toolchain/bin/../lib/gcc/arm-none-eabi/4.9.3/armv7-m\libgcc.a
LOAD c:/program files (x86)/atmel/studio/7.0/toolchain/arm/arm-gnu-toolchain/bin/../lib/gcc/arm-none-eabi/4.9.3/../../../../arm-none-eabi/lib/armv7-m\libc.a
END GROUP
LOAD c:/program files (x86)/atmel/studio/7.0/toolchain/arm/arm-gnu-toolchain/bin/../lib/gcc/arm-none-eabi/4.9.3/armv7-m/crtend.o
LOAD c:/program files (x86)/atmel/studio/7.0/toolchain/arm/arm-gnu-toolchain/bin/../lib/gcc/arm-none-eabi/4.9.3/armv7-m/crtn.o
                0x00002000                __stack_size__ = DEFINED (__stack_size__)?__stack_size__:0x2000
                0x20087ffc                __ram_end__ = ((ORIGIN (ram) + 0x18000) - 0x4)

.text           0x00080000     0x4388
                0x00080000                . = ALIGN (0x4)
                0x00080000                _sfixed = .
 *(.vectors .vectors.*)
 .vectors       0x00080000       0xf4 src/ASF/sam/utils/cmsis/sam3x/source/templates/gcc/startup_sam3x.o
                0x00080000                exception_table
 *(.text .text.* .gnu.linkonce.t.*)
 .text          0x000800f4       0x5c c:/program files (x86)/atmel/studio/7.0/toolchain/arm/arm-gnu-toolchain/bin/../lib/gcc/arm-none-eabi/4.9.3/armv7-m/crtbegin.o
 .text.cpu_irq_save
                0x00080150       0x38 src/ASF/common/services/usb/class/hid/device/kbd/udi_hid_kbd.o
 .text.cpu_irq_is_enabled_flags
                0x00080188       0x20 src/ASF/common/services/usb/class/hid/device/kbd/udi_hid_kbd.o
 .text.cpu_irq_restore
                0x000801a8       0x30 src/ASF/common/services/usb/class/hid/device/kbd/udi_hid_kbd.o
 .text.udi_hid_kbd_enable
                0x000801d8       0x4c src/ASF/common/services/usb/class/hid/device/kbd/udi_hid_kbd.o
                0x000801d8                udi_hid_kbd_enable
 .text.udi_hid_kbd_disable
                0x00080224       0x10 src/ASF/common/services/usb/class/hid/device/kbd/udi_hid_kbd.o
                0x00080224                udi_hid_kbd_disable
 .text.udi_hid_kbd_setup
                0x00080234       0x2c src/ASF/common/services/usb/class/hid/device/kbd/udi_hid_kbd.o
                0x00080234                udi_hid_kbd_setup
 .text.udi_hid_kbd_getsetting
                0x00080260       0x10 src/ASF/common/services/usb/class/hid/device/kbd/udi_hid_kbd.o
                0x00080260                udi_hid_kbd_getsetting
 .text.udi_hid_kbd_setreport
                0x00080270       0x54 src/ASF/common/services/usb/class/hid/device/kbd/udi_hid_kbd.o
 .text.udi_hid_kbd_up
                0x000802c4       0xa4 src/ASF/common/services/usb/class/hid/device/kbd/udi_hid_kbd.o
                0x000802c4                udi_hid_kbd_up
 .text.udi_hid_kbd_down
                0x00080368       0x8c src/ASF/common/services/usb/class/hid/device/kbd/udi_hid_kbd.o
                0x00080368                udi_hid_kbd_down
 .text.udi_hid_kbd_send_report
                0x000803f4       0x60 src/ASF/common/services/usb/class/hid/device/kbd/udi_hid_kbd.o
 .text.udi_hid_kbd_report_sent
                0x00080454       0x34 src/ASF/common/services/usb/class/hid/device/kbd/udi_hid_kbd.o
 .text.udi_hid_kbd_setreport_valid
                0x00080488        0xc src/ASF/common/services/usb/class/hid/device/kbd/udi_hid_kbd.o
 .text.udc_get_string_serial_name
                0x00080494       0x14 src/ASF/common/services/usb/udc/udc.o
 .text.udc_get_interface_desc
                0x000804a8       0x18 src/ASF/common/services/usb/udc/udc.o
                0x000804a8                udc_get_interface_desc
 .text.udc_get_eof_conf
                0x000804c0       0x24 src/ASF/common/services/usb/udc/udc.o
 .text.udc_next_desc_in_iface
                0x000804e4       0x5c src/ASF/common/services/usb/udc/udc.o
 .text.udc_update_iface_desc
                0x00080540       0x9c src/ASF/common/services/usb/udc/udc.o
 .text.udc_iface_disable
                0x000805dc       0xa4 src/ASF/common/services/usb/udc/udc.o
 .text.udc_iface_enable
                0x00080680       0xa0 src/ASF/common/services/usb/udc/udc.o
 .text.udc_start
                0x00080720       0x10 src/ASF/common/services/usb/udc/udc.o
                0x00080720                udc_start
 .text.udc_reset
                0x00080730       0x54 src/ASF/common/services/usb/udc/udc.o
                0x00080730                udc_reset
 .text.udc_sof_notify
                0x00080784       0x5c src/ASF/common/services/usb/udc/udc.o
                0x00080784                udc_sof_notify
 .text.udc_req_std_dev_get_status
                0x000807e0       0x2c src/ASF/common/services/usb/udc/udc.o
 .text.udc_req_std_ep_get_status
                0x0008080c       0x44 src/ASF/common/services/usb/udc/udc.o
 .text.udc_req_std_dev_clear_feature
                0x00080850       0x40 src/ASF/common/services/usb/udc/udc.o
 .text.udc_req_std_ep_clear_feature
                0x00080890       0x38 src/ASF/common/services/usb/udc/udc.o
 .text.udc_req_std_dev_set_feature
                0x000808c8       0x30 src/ASF/common/services/usb/udc/udc.o
 .text.udc_req_std_ep_set_feature
                0x000808f8       0x48 src/ASF/common/services/usb/udc/udc.o
 .text.udc_valid_address
                0x00080940       0x20 src/ASF/common/services/usb/udc/udc.o
 .text.udc_req_std_dev_set_address
                0x00080960       0x2c src/ASF/common/services/usb/udc/udc.o
 .text.udc_req_std_dev_get_str_desc
                0x0008098c       0xcc src/ASF/common/services/usb/udc/udc.o
 .text.udc_req_std_dev_get_descriptor
                0x00080a58      0x120 src/ASF/common/services/usb/udc/udc.o
 .text.udc_req_std_dev_get_configuration
                0x00080b78       0x2c src/ASF/common/services/usb/udc/udc.o
 .text.udc_req_std_dev_set_configuration
                0x00080ba4       0xc0 src/ASF/common/services/usb/udc/udc.o
 .text.udc_req_std_iface_get_setting
                0x00080c64       0x98 src/ASF/common/services/usb/udc/udc.o
 .text.udc_req_std_iface_set_setting
                0x00080cfc       0x68 src/ASF/common/services/usb/udc/udc.o
 .text.udc_reqstd
                0x00080d64      0x174 src/ASF/common/services/usb/udc/udc.o
 .text.udc_req_iface
                0x00080ed8       0x98 src/ASF/common/services/usb/udc/udc.o
 .text.udc_req_ep
                0x00080f70       0x90 src/ASF/common/services/usb/udc/udc.o
 .text.udc_process_setup
                0x00081000       0x94 src/ASF/common/services/usb/udc/udc.o
                0x00081000                udc_process_setup
 .text.NVIC_EnableIRQ
                0x00081094       0x30 src/ASF/sam/drivers/uotghs/uotghs_device.o
 .text.NVIC_SetPriority
                0x000810c4       0x54 src/ASF/sam/drivers/uotghs/uotghs_device.o
 .text.cpu_irq_save
                0x00081118       0x38 src/ASF/sam/drivers/uotghs/uotghs_device.o
 .text.cpu_irq_is_enabled_flags
                0x00081150       0x20 src/ASF/sam/drivers/uotghs/uotghs_device.o
 .text.cpu_irq_restore
                0x00081170       0x30 src/ASF/sam/drivers/uotghs/uotghs_device.o
 .text.sleepmgr_lock_mode
                0x000811a0       0x44 src/ASF/sam/drivers/uotghs/uotghs_device.o
 .text.sleepmgr_unlock_mode
                0x000811e4       0x44 src/ASF/sam/drivers/uotghs/uotghs_device.o
 .text.udd_sleep_mode
                0x00081228       0x58 src/ASF/sam/drivers/uotghs/uotghs_device.o
 .text.UOTGHS_Handler
                0x00081280      0x1dc src/ASF/sam/drivers/uotghs/uotghs_device.o
                0x00081280                UOTGHS_Handler
 .text.udd_enable
                0x0008145c      0x160 src/ASF/sam/drivers/uotghs/uotghs_device.o
                0x0008145c                udd_enable
 .text.udd_attach
                0x000815bc       0xa0 src/ASF/sam/drivers/uotghs/uotghs_device.o
                0x000815bc                udd_attach
 .text.udd_detach
                0x0008165c       0x40 src/ASF/sam/drivers/uotghs/uotghs_device.o
                0x0008165c                udd_detach
 .text.udd_set_address
                0x0008169c       0x44 src/ASF/sam/drivers/uotghs/uotghs_device.o
                0x0008169c                udd_set_address
 .text.udd_getaddress
                0x000816e0       0x20 src/ASF/sam/drivers/uotghs/uotghs_device.o
                0x000816e0                udd_getaddress
 .text.udd_set_setup_payload
                0x00081700       0x28 src/ASF/sam/drivers/uotghs/uotghs_device.o
                0x00081700                udd_set_setup_payload
 .text.udd_ep_alloc
                0x00081728      0x2fc src/ASF/sam/drivers/uotghs/uotghs_device.o
                0x00081728                udd_ep_alloc
 .text.udd_ep_free
                0x00081a24       0x80 src/ASF/sam/drivers/uotghs/uotghs_device.o
                0x00081a24                udd_ep_free
 .text.udd_ep_is_halted
                0x00081aa4       0x3c src/ASF/sam/drivers/uotghs/uotghs_device.o
                0x00081aa4                udd_ep_is_halted
 .text.udd_ep_set_halt
                0x00081ae0      0x11c src/ASF/sam/drivers/uotghs/uotghs_device.o
                0x00081ae0                udd_ep_set_halt
 .text.udd_ep_clear_halt
                0x00081bfc      0x120 src/ASF/sam/drivers/uotghs/uotghs_device.o
                0x00081bfc                udd_ep_clear_halt
 .text.udd_ep_run
                0x00081d1c      0x108 src/ASF/sam/drivers/uotghs/uotghs_device.o
                0x00081d1c                udd_ep_run
 .text.udd_ep_abort
                0x00081e24       0xa4 src/ASF/sam/drivers/uotghs/uotghs_device.o
                0x00081e24                udd_ep_abort
 .text.udd_reset_ep_ctrl
                0x00081ec8       0x80 src/ASF/sam/drivers/uotghs/uotghs_device.o
 .text.udd_ctrl_init
                0x00081f48       0x54 src/ASF/sam/drivers/uotghs/uotghs_device.o
 .text.udd_ctrl_setup_received
                0x00081f9c      0x138 src/ASF/sam/drivers/uotghs/uotghs_device.o
 .text.udd_ctrl_in_sent
                0x000820d4      0x15c src/ASF/sam/drivers/uotghs/uotghs_device.o
 .text.udd_ctrl_out_received
                0x00082230      0x1a8 src/ASF/sam/drivers/uotghs/uotghs_device.o
 .text.udd_ctrl_underflow
                0x000823d8       0x44 src/ASF/sam/drivers/uotghs/uotghs_device.o
 .text.udd_ctrl_overflow
                0x0008241c       0x38 src/ASF/sam/drivers/uotghs/uotghs_device.o
 .text.udd_ctrl_stall_data
                0x00082454       0x24 src/ASF/sam/drivers/uotghs/uotghs_device.o
 .text.udd_ctrl_send_zlp_in
                0x00082478       0x4c src/ASF/sam/drivers/uotghs/uotghs_device.o
 .text.udd_ctrl_send_zlp_out
                0x000824c4       0x40 src/ASF/sam/drivers/uotghs/uotghs_device.o
 .text.udd_ctrl_endofrequest
                0x00082504       0x18 src/ASF/sam/drivers/uotghs/uotghs_device.o
 .text.udd_ctrl_interrupt
                0x0008251c       0xcc src/ASF/sam/drivers/uotghs/uotghs_device.o
 .text.udd_ep_job_table_reset
                0x000825e8       0x5c src/ASF/sam/drivers/uotghs/uotghs_device.o
 .text.udd_ep_job_table_kill
                0x00082644       0x44 src/ASF/sam/drivers/uotghs/uotghs_device.o
 .text.udd_ep_abort_job
                0x00082688       0x3c src/ASF/sam/drivers/uotghs/uotghs_device.o
 .text.udd_ep_finish_job
                0x000826c4       0x68 src/ASF/sam/drivers/uotghs/uotghs_device.o
 .text.udd_ep_trans_done
                0x0008272c      0x204 src/ASF/sam/drivers/uotghs/uotghs_device.o
 .text.udd_ep_interrupt
                0x00082930      0x1dc src/ASF/sam/drivers/uotghs/uotghs_device.o
 .text.udi_hid_setup
                0x00082b0c       0xec src/ASF/common/services/usb/class/hid/device/udi_hid.o
                0x00082b0c                udi_hid_setup
 .text.udi_hid_reqstdifaceget_descriptor
                0x00082bf8       0x94 src/ASF/common/services/usb/class/hid/device/udi_hid.o
 .text.osc_enable
                0x00082c8c       0x84 src/ASF/common/services/clock/sam3x/sysclk.o
 .text.osc_is_ready
                0x00082d10       0x70 src/ASF/common/services/clock/sam3x/sysclk.o
 .text.osc_get_rate
                0x00082d80       0x74 src/ASF/common/services/clock/sam3x/sysclk.o
 .text.osc_wait_ready
                0x00082df4       0x2c src/ASF/common/services/clock/sam3x/sysclk.o
 .text.pll_config_init
                0x00082e20       0x68 src/ASF/common/services/clock/sam3x/sysclk.o
 .text.pll_enable
                0x00082e88       0x3c src/ASF/common/services/clock/sam3x/sysclk.o
 .text.pll_is_locked
                0x00082ec4       0x2c src/ASF/common/services/clock/sam3x/sysclk.o
 .text.pll_enable_source
                0x00082ef0       0x34 src/ASF/common/services/clock/sam3x/sysclk.o
 .text.pll_wait_for_lock
                0x00082f24       0x24 src/ASF/common/services/clock/sam3x/sysclk.o
 .text.sysclk_get_main_hz
                0x00082f48       0x1c src/ASF/common/services/clock/sam3x/sysclk.o
 .text.sysclk_get_cpu_hz
                0x00082f64       0x14 src/ASF/common/services/clock/sam3x/sysclk.o
 .text.sysclk_enable_usb
                0x00082f78       0x28 src/ASF/common/services/clock/sam3x/sysclk.o
                0x00082f78                sysclk_enable_usb
 .text.sysclk_init
                0x00082fa0       0x70 src/ASF/common/services/clock/sam3x/sysclk.o
                0x00082fa0                sysclk_init
 .text.sysclk_enable_peripheral_clock
                0x00083010       0x18 src/ASF/sam/boards/arduino_due_x/init.o
 .text.ioport_init
                0x00083028       0x24 src/ASF/sam/boards/arduino_due_x/init.o
 .text.board_init
                0x0008304c       0x80 src/ASF/sam/boards/arduino_due_x/init.o
                0x0008304c                board_init
 .text.pio_pull_up
                0x000830cc       0x2c src/ASF/sam/drivers/pio/pio.o
                0x000830cc                pio_pull_up
 .text.pio_set_peripheral
                0x000830f8       0x80 src/ASF/sam/drivers/pio/pio.o
                0x000830f8                pio_set_peripheral
 .text.pio_set_input
                0x00083178       0x7c src/ASF/sam/drivers/pio/pio.o
                0x00083178                pio_set_input
 .text.pio_set_output
                0x000831f4       0x64 src/ASF/sam/drivers/pio/pio.o
                0x000831f4                pio_set_output
 .text.pio_disable_interrupt
                0x00083258       0x1c src/ASF/sam/drivers/pio/pio.o
                0x00083258                pio_disable_interrupt
 .text.pio_get_interrupt_status
                0x00083274       0x18 src/ASF/sam/drivers/pio/pio.o
                0x00083274                pio_get_interrupt_status
 .text.pio_get_interrupt_mask
                0x0008328c       0x18 src/ASF/sam/drivers/pio/pio.o
                0x0008328c                pio_get_interrupt_mask
 .text.pio_configure_pin
                0x000832a4      0x13c src/ASF/sam/drivers/pio/pio.o
                0x000832a4                pio_configure_pin
 .text.pio_configure_pin_group
                0x000833e0       0xe4 src/ASF/sam/drivers/pio/pio.o
                0x000833e0                pio_configure_pin_group
 .text.pio_get_pin_group
                0x000834c4       0x28 src/ASF/sam/drivers/pio/pio.o
                0x000834c4                pio_get_pin_group
 .text.pio_handler_process
                0x000834ec       0xac src/ASF/sam/drivers/pio/pio_handler.o
                0x000834ec                pio_handler_process
 .text.PIOA_Handler
                0x00083598       0x18 src/ASF/sam/drivers/pio/pio_handler.o
                0x00083598                PIOA_Handler
 .text.PIOB_Handler
                0x000835b0       0x18 src/ASF/sam/drivers/pio/pio_handler.o
                0x000835b0                PIOB_Handler
 .text.PIOC_Handler
                0x000835c8       0x18 src/ASF/sam/drivers/pio/pio_handler.o
                0x000835c8                PIOC_Handler
 .text.PIOD_Handler
                0x000835e0       0x18 src/ASF/sam/drivers/pio/pio_handler.o
                0x000835e0                PIOD_Handler
 .text.pmc_switch_mck_to_pllack
                0x000835f8       0x84 src/ASF/sam/drivers/pmc/pmc.o
                0x000835f8                pmc_switch_mck_to_pllack
 .text.pmc_switch_sclk_to_32kxtal
                0x0008367c       0x38 src/ASF/sam/drivers/pmc/pmc.o
                0x0008367c                pmc_switch_sclk_to_32kxtal
 .text.pmc_osc_is_ready_32kxtal
                0x000836b4       0x34 src/ASF/sam/drivers/pmc/pmc.o
                0x000836b4                pmc_osc_is_ready_32kxtal
 .text.pmc_switch_mainck_to_fastrc
                0x000836e8       0x70 src/ASF/sam/drivers/pmc/pmc.o
                0x000836e8                pmc_switch_mainck_to_fastrc
 .text.pmc_switch_mainck_to_xtal
                0x00083758       0x78 src/ASF/sam/drivers/pmc/pmc.o
                0x00083758                pmc_switch_mainck_to_xtal
 .text.pmc_osc_is_ready_mainck
                0x000837d0       0x1c src/ASF/sam/drivers/pmc/pmc.o
                0x000837d0                pmc_osc_is_ready_mainck
 .text.pmc_disable_pllack
                0x000837ec       0x18 src/ASF/sam/drivers/pmc/pmc.o
                0x000837ec                pmc_disable_pllack
 .text.pmc_is_locked_pllack
                0x00083804       0x1c src/ASF/sam/drivers/pmc/pmc.o
                0x00083804                pmc_is_locked_pllack
 .text.pmc_enable_upll_clock
                0x00083820       0x28 src/ASF/sam/drivers/pmc/pmc.o
                0x00083820                pmc_enable_upll_clock
 .text.pmc_is_locked_upll
                0x00083848       0x1c src/ASF/sam/drivers/pmc/pmc.o
                0x00083848                pmc_is_locked_upll
 .text.pmc_enable_periph_clk
                0x00083864       0x84 src/ASF/sam/drivers/pmc/pmc.o
                0x00083864                pmc_enable_periph_clk
 .text.pmc_switch_udpck_to_upllck
                0x000838e8       0x28 src/ASF/sam/drivers/pmc/pmc.o
                0x000838e8                pmc_switch_udpck_to_upllck
 .text.pmc_enable_udpck
                0x00083910       0x18 src/ASF/sam/drivers/pmc/pmc.o
                0x00083910                pmc_enable_udpck
 .text.pmc_set_fast_startup_input
                0x00083928       0x2c src/ASF/sam/drivers/pmc/pmc.o
                0x00083928                pmc_set_fast_startup_input
 .text.pmc_is_wakeup_clocks_restored
                0x00083954       0x30 src/ASF/sam/drivers/pmc/sleep.o
                0x00083954                pmc_is_wakeup_clocks_restored
 .text.Dummy_Handler
                0x00083984        0x8 src/ASF/sam/utils/cmsis/sam3x/source/templates/exceptions.o
                0x00083984                DACC_Handler
                0x00083984                DebugMon_Handler
                0x00083984                DMAC_Handler
                0x00083984                TRNG_Handler
                0x00083984                HardFault_Handler
                0x00083984                TC2_Handler
                0x00083984                SysTick_Handler
                0x00083984                USART3_Handler
                0x00083984                TWI1_Handler
                0x00083984                PendSV_Handler
                0x00083984                NMI_Handler
                0x00083984                TC7_Handler
                0x00083984                ADC_Handler
                0x00083984                SMC_Handler
                0x00083984                USART0_Handler
                0x00083984                RTT_Handler
                0x00083984                EFC1_Handler
                0x00083984                RTC_Handler
                0x00083984                UsageFault_Handler
                0x00083984                TC6_Handler
                0x00083984                WDT_Handler
                0x00083984                CAN0_Handler
                0x00083984                TC4_Handler
                0x00083984                TC1_Handler
                0x00083984                HSMCI_Handler
                0x00083984                TC3_Handler
                0x00083984                Dummy_Handler
                0x00083984                TWI0_Handler
                0x00083984                USART1_Handler
                0x00083984                SSC_Handler
                0x00083984                EFC0_Handler
                0x00083984                PMC_Handler
                0x00083984                PWM_Handler
                0x00083984                CAN1_Handler
                0x00083984                MemManage_Handler
                0x00083984                SUPC_Handler
                0x00083984                SVC_Handler
                0x00083984                TC8_Handler
                0x00083984                USART2_Handler
                0x00083984                EMAC_Handler
                0x00083984                UART_Handler
                0x00083984                BusFault_Handler
                0x00083984                RSTC_Handler
                0x00083984                TC0_Handler
                0x00083984                TC5_Handler
                0x00083984                SPI0_Handler
 .text.Reset_Handler
                0x0008398c       0xa8 src/ASF/sam/utils/cmsis/sam3x/source/templates/gcc/startup_sam3x.o
                0x0008398c                Reset_Handler
 .text.SystemCoreClockUpdate
                0x00083a34      0x180 src/ASF/sam/utils/cmsis/sam3x/source/templates/system_sam3x.o
                0x00083a34                SystemCoreClockUpdate
 .text.sysclk_enable_peripheral_clock
                0x00083bb4       0x18 src/main.o
 .text.ioport_init
                0x00083bcc       0x24 src/main.o
 .text.ioport_set_pin_dir
                0x00083bf0       0x88 src/main.o
 .text.ioport_set_pin_level
                0x00083c78       0x6c src/main.o
 .text.ioport_get_pin_level
                0x00083ce4       0x50 src/main.o
 .text.sleepmgr_init
                0x00083d34       0x34 src/main.o
 .text.keyboardEnableCallback
                0x00083d68       0x1c src/main.o
                0x00083d68                keyboardEnableCallback
 .text.keyboardDisableCallback
                0x00083d84       0x18 src/main.o
                0x00083d84                keyboardDisableCallback
 .text.pressKey
                0x00083d9c       0x30 src/main.o
                0x00083d9c                pressKey
 .text.releaseKey
                0x00083dcc       0x30 src/main.o
                0x00083dcc                releaseKey
 .text.main     0x00083dfc      0x19c src/main.o
                0x00083dfc                main
 .text.__libc_init_array
                0x00083f98       0x50 c:/program files (x86)/atmel/studio/7.0/toolchain/arm/arm-gnu-toolchain/bin/../lib/gcc/arm-none-eabi/4.9.3/../../../../arm-none-eabi/lib/armv7-m\libc.a(lib_a-init.o)
                0x00083f98                __libc_init_array
 .text.memset   0x00083fe8       0x9c c:/program files (x86)/atmel/studio/7.0/toolchain/arm/arm-gnu-toolchain/bin/../lib/gcc/arm-none-eabi/4.9.3/../../../../arm-none-eabi/lib/armv7-m\libc.a(lib_a-memset.o)
                0x00083fe8                memset
 .text.startup.register_fini
                0x00084084       0x14 c:/program files (x86)/atmel/studio/7.0/toolchain/arm/arm-gnu-toolchain/bin/../lib/gcc/arm-none-eabi/4.9.3/../../../../arm-none-eabi/lib/armv7-m\libc.a(lib_a-__call_atexit.o)
 .text.atexit   0x00084098        0xc c:/program files (x86)/atmel/studio/7.0/toolchain/arm/arm-gnu-toolchain/bin/../lib/gcc/arm-none-eabi/4.9.3/../../../../arm-none-eabi/lib/armv7-m\libc.a(lib_a-atexit.o)
                0x00084098                atexit
 .text.__libc_fini_array
                0x000840a4       0x2c c:/program files (x86)/atmel/studio/7.0/toolchain/arm/arm-gnu-toolchain/bin/../lib/gcc/arm-none-eabi/4.9.3/../../../../arm-none-eabi/lib/armv7-m\libc.a(lib_a-fini.o)
                0x000840a4                __libc_fini_array
 .text.__register_exitproc
                0x000840d0       0xa4 c:/program files (x86)/atmel/studio/7.0/toolchain/arm/arm-gnu-toolchain/bin/../lib/gcc/arm-none-eabi/4.9.3/../../../../arm-none-eabi/lib/armv7-m\libc.a(lib_a-__atexit.o)
                0x000840d0                __register_exitproc
 *(.glue_7t)
 .glue_7t       0x00000000        0x0 linker stubs
 *(.glue_7)
 .glue_7        0x00000000        0x0 linker stubs
 *(.rodata .rodata* .gnu.linkonce.r.*)
 .rodata        0x00084174        0x5 src/ASF/common/services/usb/udc/udc.o
 *fill*         0x00084179        0x3 
 .rodata.keyMap
                0x0008417c      0x1e0 src/main.o
                0x0008417c                keyMap
 .rodata.str1.4
                0x0008435c        0x4 c:/program files (x86)/atmel/studio/7.0/toolchain/arm/arm-gnu-toolchain/bin/../lib/gcc/arm-none-eabi/4.9.3/../../../../arm-none-eabi/lib/armv7-m\libc.a(lib_a-impure.o)
                                  0x2 (size before relaxing)
 .rodata._global_impure_ptr
                0x00084360        0x4 c:/program files (x86)/atmel/studio/7.0/toolchain/arm/arm-gnu-toolchain/bin/../lib/gcc/arm-none-eabi/4.9.3/../../../../arm-none-eabi/lib/armv7-m\libc.a(lib_a-impure.o)
                0x00084360                _global_impure_ptr
 *(.ARM.extab* .gnu.linkonce.armextab.*)
                0x00084364                . = ALIGN (0x4)
 *(.init)
 .init          0x00084364        0x4 c:/program files (x86)/atmel/studio/7.0/toolchain/arm/arm-gnu-toolchain/bin/../lib/gcc/arm-none-eabi/4.9.3/armv7-m/crti.o
                0x00084364                _init
 .init          0x00084368        0x8 c:/program files (x86)/atmel/studio/7.0/toolchain/arm/arm-gnu-toolchain/bin/../lib/gcc/arm-none-eabi/4.9.3/armv7-m/crtn.o
                0x00084370                . = ALIGN (0x4)
                0x00084370                __preinit_array_start = .
 *(.preinit_array)
                0x00084370                __preinit_array_end = .
                0x00084370                . = ALIGN (0x4)
                0x00084370                __init_array_start = .
 *(SORT(.init_array.*))
 .init_array.00000
                0x00084370        0x4 c:/program files (x86)/atmel/studio/7.0/toolchain/arm/arm-gnu-toolchain/bin/../lib/gcc/arm-none-eabi/4.9.3/../../../../arm-none-eabi/lib/armv7-m\libc.a(lib_a-__call_atexit.o)
 *(.init_array)
 .init_array    0x00084374        0x4 c:/program files (x86)/atmel/studio/7.0/toolchain/arm/arm-gnu-toolchain/bin/../lib/gcc/arm-none-eabi/4.9.3/armv7-m/crtbegin.o
                0x00084378                __init_array_end = .
                0x00084378                . = ALIGN (0x4)
 *crtbegin.o(.ctors)
 *(EXCLUDE_FILE(*crtend.o) .ctors)
 *(SORT(.ctors.*))
 *crtend.o(.ctors)
                0x00084378                . = ALIGN (0x4)
 *(.fini)
 .fini          0x00084378        0x4 c:/program files (x86)/atmel/studio/7.0/toolchain/arm/arm-gnu-toolchain/bin/../lib/gcc/arm-none-eabi/4.9.3/armv7-m/crti.o
                0x00084378                _fini
 .fini          0x0008437c        0x8 c:/program files (x86)/atmel/studio/7.0/toolchain/arm/arm-gnu-toolchain/bin/../lib/gcc/arm-none-eabi/4.9.3/armv7-m/crtn.o
                0x00084384                . = ALIGN (0x4)
                0x00084384                __fini_array_start = .
 *(.fini_array)
 .fini_array    0x00084384        0x4 c:/program files (x86)/atmel/studio/7.0/toolchain/arm/arm-gnu-toolchain/bin/../lib/gcc/arm-none-eabi/4.9.3/armv7-m/crtbegin.o
 *(SORT(.fini_array.*))
                0x00084388                __fini_array_end = .
 *crtbegin.o(.dtors)
 *(EXCLUDE_FILE(*crtend.o) .dtors)
 *(SORT(.dtors.*))
 *crtend.o(.dtors)
                0x00084388                . = ALIGN (0x4)
                0x00084388                _efixed = .
                0x00084388                PROVIDE (__exidx_start, .)

.vfp11_veneer   0x00084388        0x0
 .vfp11_veneer  0x00000000        0x0 linker stubs

.v4_bx          0x00084388        0x0
 .v4_bx         0x00000000        0x0 linker stubs

.iplt           0x00084388        0x0
 .iplt          0x00000000        0x0 c:/program files (x86)/atmel/studio/7.0/toolchain/arm/arm-gnu-toolchain/bin/../lib/gcc/arm-none-eabi/4.9.3/armv7-m/crtbegin.o

.eh_frame       0x00084388        0x0
 .eh_frame      0x00084388        0x0 c:/program files (x86)/atmel/studio/7.0/toolchain/arm/arm-gnu-toolchain/bin/../lib/gcc/arm-none-eabi/4.9.3/armv7-m/crtbegin.o

.rel.dyn        0x00084388        0x0
 .rel.iplt      0x00000000        0x0 c:/program files (x86)/atmel/studio/7.0/toolchain/arm/arm-gnu-toolchain/bin/../lib/gcc/arm-none-eabi/4.9.3/armv7-m/crtbegin.o

.jcr            0x00084388        0x0
 .jcr           0x00084388        0x0 c:/program files (x86)/atmel/studio/7.0/toolchain/arm/arm-gnu-toolchain/bin/../lib/gcc/arm-none-eabi/4.9.3/armv7-m/crtbegin.o

.igot.plt       0x00084388        0x0
 .igot.plt      0x00000000        0x0 c:/program files (x86)/atmel/studio/7.0/toolchain/arm/arm-gnu-toolchain/bin/../lib/gcc/arm-none-eabi/4.9.3/armv7-m/crtbegin.o

.ARM.exidx
 *(.ARM.exidx* .gnu.linkonce.armexidx.*)
                0x00084388                PROVIDE (__exidx_end, .)
                0x00084388                . = ALIGN (0x4)
                0x00084388                _etext = .

.relocate       0x20070000      0x700 load address 0x00084388
                0x20070000                . = ALIGN (0x4)
                0x20070000                _srelocate = .
 *(.ramfunc .ramfunc.*)
 .ramfunc       0x20070000      0x18c src/ASF/sam/utils/cmsis/sam3x/source/templates/system_sam3x.o
                0x20070000                SystemInit
                0x200700d0                system_init_flash
 *(.data .data.*)
 .data.udi_api_hid_kbd
                0x2007018c       0x14 src/ASF/common/services/usb/class/hid/device/kbd/udi_hid_kbd.o
                0x2007018c                udi_api_hid_kbd
 .data.udi_hid_kbd_report_desc
                0x200701a0       0x3b src/ASF/common/services/usb/class/hid/device/kbd/udi_hid_kbd.o
                0x200701a0                udi_hid_kbd_report_desc
 *fill*         0x200701db        0x1 
 .data.udc_string_desc_languageid
                0x200701dc        0x4 src/ASF/common/services/usb/udc/udc.o
 .data.udc_string_manufacturer_name
                0x200701e0        0xd src/ASF/common/services/usb/udc/udc.o
 *fill*         0x200701ed        0x3 
 .data.udc_string_product_name
                0x200701f0        0xa src/ASF/common/services/usb/udc/udc.o
 *fill*         0x200701fa        0x2 
 .data.udc_string_desc
                0x200701fc       0x1a src/ASF/common/services/usb/udc/udc.o
 *fill*         0x20070216        0x2 
 .data.udc_device_desc
                0x20070218       0x12 src/ASF/common/services/usb/class/hid/device/kbd/udi_hid_kbd_desc.o
                0x20070218                udc_device_desc
 *fill*         0x2007022a        0x2 
 .data.udc_desc
                0x2007022c       0x22 src/ASF/common/services/usb/class/hid/device/kbd/udi_hid_kbd_desc.o
                0x2007022c                udc_desc
 *fill*         0x2007024e        0x2 
 .data.udi_apis
                0x20070250        0x4 src/ASF/common/services/usb/class/hid/device/kbd/udi_hid_kbd_desc.o
                0x20070250                udi_apis
 .data.udc_config_fshs
                0x20070254        0x8 src/ASF/common/services/usb/class/hid/device/kbd/udi_hid_kbd_desc.o
                0x20070254                udc_config_fshs
 .data.udc_config
                0x2007025c        0xc src/ASF/common/services/usb/class/hid/device/kbd/udi_hid_kbd_desc.o
                0x2007025c                udc_config
 .data.g_interrupt_enabled
                0x20070268        0x1 src/ASF/common/utils/interrupt/interrupt_sam_nvic.o
                0x20070268                g_interrupt_enabled
 *fill*         0x20070269        0x3 
 .data.SystemCoreClock
                0x2007026c        0x4 src/ASF/sam/utils/cmsis/sam3x/source/templates/system_sam3x.o
                0x2007026c                SystemCoreClock
 .data.rowPins  0x20070270       0x40 src/main.o
                0x20070270                rowPins
 .data.columnPins
                0x200702b0       0x20 src/main.o
                0x200702b0                columnPins
 .data.keyboardEnabledFlag
                0x200702d0        0x1 src/main.o
                0x200702d0                keyboardEnabledFlag
 *fill*         0x200702d1        0x7 
 .data.impure_data
                0x200702d8      0x428 c:/program files (x86)/atmel/studio/7.0/toolchain/arm/arm-gnu-toolchain/bin/../lib/gcc/arm-none-eabi/4.9.3/../../../../arm-none-eabi/lib/armv7-m\libc.a(lib_a-impure.o)
                0x20070700                . = ALIGN (0x4)
                0x20070700                _erelocate = .

.bss            0x20070700      0x184 load address 0x00084a88
                0x20070700                . = ALIGN (0x4)
                0x20070700                _sbss = .
                0x20070700                _szero = .
 *(.bss .bss.*)
 .bss           0x20070700       0x1c c:/program files (x86)/atmel/studio/7.0/toolchain/arm/arm-gnu-toolchain/bin/../lib/gcc/arm-none-eabi/4.9.3/armv7-m/crtbegin.o
 .bss.udi_hid_kbd_rate
                0x2007071c        0x1 src/ASF/common/services/usb/class/hid/device/kbd/udi_hid_kbd.o
 *fill*         0x2007071d        0x3 
 .bss.udi_hid_kbd_protocol
                0x20070720        0x1 src/ASF/common/services/usb/class/hid/device/kbd/udi_hid_kbd.o
 *fill*         0x20070721        0x3 
 .bss.udi_hid_kbd_report_set
                0x20070724        0x1 src/ASF/common/services/usb/class/hid/device/kbd/udi_hid_kbd.o
 .bss.udi_hid_kbd_b_report_valid
                0x20070725        0x1 src/ASF/common/services/usb/class/hid/device/kbd/udi_hid_kbd.o
 *fill*         0x20070726        0x2 
 .bss.udi_hid_kbd_report
                0x20070728        0x8 src/ASF/common/services/usb/class/hid/device/kbd/udi_hid_kbd.o
 .bss.udi_hid_kbd_b_report_trans_ongoing
                0x20070730        0x1 src/ASF/common/services/usb/class/hid/device/kbd/udi_hid_kbd.o
 *fill*         0x20070731        0x3 
 .bss.udi_hid_kbd_report_trans
                0x20070734        0x8 src/ASF/common/services/usb/class/hid/device/kbd/udi_hid_kbd.o
 .bss.udc_device_status
                0x2007073c        0x2 src/ASF/common/services/usb/udc/udc.o
 *fill*         0x2007073e        0x2 
 .bss.udc_iface_setting
                0x20070740        0x1 src/ASF/common/services/usb/udc/udc.o
 *fill*         0x20070741        0x3 
 .bss.udc_num_configuration
                0x20070744        0x1 src/ASF/common/services/usb/udc/udc.o
 *fill*         0x20070745        0x3 
 .bss.udc_ptr_conf
                0x20070748        0x4 src/ASF/common/services/usb/udc/udc.o
 .bss.udc_ptr_iface
                0x2007074c        0x4 src/ASF/common/services/usb/udc/udc.o
 .bss.udc_ep_status.7473
                0x20070750        0x2 src/ASF/common/services/usb/udc/udc.o
 .bss.udd_b_idle
                0x20070752        0x1 src/ASF/sam/drivers/uotghs/uotghs_device.o
 .bss.udd_b_sleep_initialized
                0x20070753        0x1 src/ASF/sam/drivers/uotghs/uotghs_device.o
 .bss.udd_ep_control_state
                0x20070754        0x1 src/ASF/sam/drivers/uotghs/uotghs_device.o
 *fill*         0x20070755        0x1 
 .bss.udd_ctrl_prev_payload_buf_cnt
                0x20070756        0x2 src/ASF/sam/drivers/uotghs/uotghs_device.o
 .bss.udd_ctrl_payload_buf_cnt
                0x20070758        0x2 src/ASF/sam/drivers/uotghs/uotghs_device.o
 *fill*         0x2007075a        0x2 
 .bss.udd_ep_job
                0x2007075c       0x18 src/ASF/sam/drivers/uotghs/uotghs_device.o
 .bss.b_shortpacket.8142
                0x20070774        0x1 src/ASF/sam/drivers/uotghs/uotghs_device.o
 *fill*         0x20070775        0x3 
 .bss.gs_interrupt_sources
                0x20070778       0x70 src/ASF/sam/drivers/pio/pio_handler.o
 .bss.b_is_sleep_clock_used
                0x200707e8        0x1 src/ASF/sam/drivers/pmc/sleep.o
 *fill*         0x200707e9        0x3 
 .bss.stateMap  0x200707ec       0x78 src/main.o
                0x200707ec                stateMap
 *(COMMON)
 COMMON         0x20070864        0x6 src/ASF/common/services/sleepmgr/sam/sleepmgr.o
                0x20070864                sleepmgr_locks
 *fill*         0x2007086a        0x2 
 COMMON         0x2007086c       0x18 src/ASF/sam/drivers/uotghs/uotghs_device.o
                0x2007086c                udd_g_ctrlreq
                0x20070884                . = ALIGN (0x4)
                0x20070884                _ebss = .
                0x20070884                _ezero = .

.stack          0x20070884     0x2004 load address 0x00084c0c
                0x20070888                . = ALIGN (0x8)
 *fill*         0x20070884        0x4 
                0x20070888                _sstack = .
                0x20072888                . = (. + __stack_size__)
 *fill*         0x20070888     0x2000 
                0x20072888                . = ALIGN (0x8)
                0x20072888                _estack = .
                0x20072888                . = ALIGN (0x4)
                0x20072888                _end = .
OUTPUT(ModelMUSB.elf elf32-littlearm)

.ARM.attributes
                0x00000000       0x29
 .ARM.attributes
                0x00000000       0x1d c:/program files (x86)/atmel/studio/7.0/toolchain/arm/arm-gnu-toolchain/bin/../lib/gcc/arm-none-eabi/4.9.3/armv7-m/crti.o
 .ARM.attributes
                0x0000001d       0x2d c:/program files (x86)/atmel/studio/7.0/toolchain/arm/arm-gnu-toolchain/bin/../lib/gcc/arm-none-eabi/4.9.3/armv7-m/crtbegin.o
 .ARM.attributes
                0x0000004a       0x33 src/ASF/common/services/sleepmgr/sam/sleepmgr.o
 .ARM.attributes
                0x0000007d       0x33 src/ASF/common/services/usb/class/hid/device/kbd/udi_hid_kbd.o
 .ARM.attributes
                0x000000b0       0x33 src/ASF/common/services/usb/udc/udc.o
 .ARM.attributes
                0x000000e3       0x33 src/ASF/sam/drivers/uotghs/uotghs_device.o
 .ARM.attributes
                0x00000116       0x33 src/ASF/common/services/usb/class/hid/device/kbd/udi_hid_kbd_desc.o
 .ARM.attributes
                0x00000149       0x33 src/ASF/common/services/usb/class/hid/device/udi_hid.o
 .ARM.attributes
                0x0000017c       0x33 src/ASF/common/services/clock/sam3x/sysclk.o
 .ARM.attributes
                0x000001af       0x33 src/ASF/common/utils/interrupt/interrupt_sam_nvic.o
 .ARM.attributes
                0x000001e2       0x33 src/ASF/sam/boards/arduino_due_x/init.o
 .ARM.attributes
                0x00000215       0x33 src/ASF/sam/drivers/pio/pio.o
 .ARM.attributes
                0x00000248       0x33 src/ASF/sam/drivers/pio/pio_handler.o
 .ARM.attributes
                0x0000027b       0x33 src/ASF/sam/drivers/pmc/pmc.o
 .ARM.attributes
                0x000002ae       0x33 src/ASF/sam/drivers/pmc/sleep.o
 .ARM.attributes
                0x000002e1       0x33 src/ASF/sam/utils/cmsis/sam3x/source/templates/exceptions.o
 .ARM.attributes
                0x00000314       0x33 src/ASF/sam/utils/cmsis/sam3x/source/templates/gcc/startup_sam3x.o
 .ARM.attributes
                0x00000347       0x33 src/ASF/sam/utils/cmsis/sam3x/source/templates/system_sam3x.o
 .ARM.attributes
                0x0000037a       0x33 src/main.o
 .ARM.attributes
                0x000003ad       0x2d c:/program files (x86)/atmel/studio/7.0/toolchain/arm/arm-gnu-toolchain/bin/../lib/gcc/arm-none-eabi/4.9.3/../../../../arm-none-eabi/lib/armv7-m\libc.a(lib_a-impure.o)
 .ARM.attributes
                0x000003da       0x2d c:/program files (x86)/atmel/studio/7.0/toolchain/arm/arm-gnu-toolchain/bin/../lib/gcc/arm-none-eabi/4.9.3/../../../../arm-none-eabi/lib/armv7-m\libc.a(lib_a-init.o)
 .ARM.attributes
                0x00000407       0x2d c:/program files (x86)/atmel/studio/7.0/toolchain/arm/arm-gnu-toolchain/bin/../lib/gcc/arm-none-eabi/4.9.3/../../../../arm-none-eabi/lib/armv7-m\libc.a(lib_a-memset.o)
 .ARM.attributes
                0x00000434       0x2d c:/program files (x86)/atmel/studio/7.0/toolchain/arm/arm-gnu-toolchain/bin/../lib/gcc/arm-none-eabi/4.9.3/../../../../arm-none-eabi/lib/armv7-m\libc.a(lib_a-__call_atexit.o)
 .ARM.attributes
                0x00000461       0x2d c:/program files (x86)/atmel/studio/7.0/toolchain/arm/arm-gnu-toolchain/bin/../lib/gcc/arm-none-eabi/4.9.3/../../../../arm-none-eabi/lib/armv7-m\libc.a(lib_a-atexit.o)
 .ARM.attributes
                0x0000048e       0x2d c:/program files (x86)/atmel/studio/7.0/toolchain/arm/arm-gnu-toolchain/bin/../lib/gcc/arm-none-eabi/4.9.3/../../../../arm-none-eabi/lib/armv7-m\libc.a(lib_a-fini.o)
 .ARM.attributes
                0x000004bb       0x2d c:/program files (x86)/atmel/studio/7.0/toolchain/arm/arm-gnu-toolchain/bin/../lib/gcc/arm-none-eabi/4.9.3/../../../../arm-none-eabi/lib/armv7-m\libc.a(lib_a-__atexit.o)
 .ARM.attributes
                0x000004e8       0x1d c:/program files (x86)/atmel/studio/7.0/toolchain/arm/arm-gnu-toolchain/bin/../lib/gcc/arm-none-eabi/4.9.3/armv7-m/crtn.o

.comment        0x00000000       0x5b
 .comment       0x00000000       0x5b src/ASF/common/services/sleepmgr/sam/sleepmgr.o
                                 0x5c (size before relaxing)
 .comment       0x00000000       0x5c src/ASF/common/services/usb/class/hid/device/kbd/udi_hid_kbd.o
 .comment       0x00000000       0x5c src/ASF/common/services/usb/udc/udc.o
 .comment       0x00000000       0x5c src/ASF/sam/drivers/uotghs/uotghs_device.o
 .comment       0x00000000       0x5c src/ASF/common/services/usb/class/hid/device/kbd/udi_hid_kbd_desc.o
 .comment       0x00000000       0x5c src/ASF/common/services/usb/class/hid/device/udi_hid.o
 .comment       0x00000000       0x5c src/ASF/common/services/clock/sam3x/sysclk.o
 .comment       0x00000000       0x5c src/ASF/common/utils/interrupt/interrupt_sam_nvic.o
 .comment       0x00000000       0x5c src/ASF/sam/boards/arduino_due_x/init.o
 .comment       0x00000000       0x5c src/ASF/sam/drivers/pio/pio.o
 .comment       0x00000000       0x5c src/ASF/sam/drivers/pio/pio_handler.o
 .comment       0x00000000       0x5c src/ASF/sam/drivers/pmc/pmc.o
 .comment       0x00000000       0x5c src/ASF/sam/drivers/pmc/sleep.o
 .comment       0x00000000       0x5c src/ASF/sam/utils/cmsis/sam3x/source/templates/exceptions.o
 .comment       0x00000000       0x5c src/ASF/sam/utils/cmsis/sam3x/source/templates/gcc/startup_sam3x.o
 .comment       0x00000000       0x5c src/ASF/sam/utils/cmsis/sam3x/source/templates/system_sam3x.o
 .comment       0x00000000       0x5c src/main.o

.debug_info     0x00000000     0x97a3
 .debug_info    0x00000000      0x172 src/ASF/common/services/sleepmgr/sam/sleepmgr.o
 .debug_info    0x00000172      0x6ef src/ASF/common/services/usb/class/hid/device/kbd/udi_hid_kbd.o
 .debug_info    0x00000861      0xd77 src/ASF/common/services/usb/udc/udc.o
 .debug_info    0x000015d8     0x1c6c src/ASF/sam/drivers/uotghs/uotghs_device.o
 .debug_info    0x00003244      0x726 src/ASF/common/services/usb/class/hid/device/kbd/udi_hid_kbd_desc.o
 .debug_info    0x0000396a      0x3d5 src/ASF/common/services/usb/class/hid/device/udi_hid.o
 .debug_info    0x00003d3f      0x6bb src/ASF/common/services/clock/sam3x/sysclk.o
 .debug_info    0x000043fa      0x1e9 src/ASF/common/utils/interrupt/interrupt_sam_nvic.o
 .debug_info    0x000045e3      0x5ed src/ASF/sam/boards/arduino_due_x/init.o
 .debug_info    0x00004bd0      0xed3 src/ASF/sam/drivers/pio/pio.o
 .debug_info    0x00005aa3      0xca7 src/ASF/sam/drivers/pio/pio_handler.o
 .debug_info    0x0000674a     0x1078 src/ASF/sam/drivers/pmc/pmc.o
 .debug_info    0x000077c2      0x9f9 src/ASF/sam/drivers/pmc/sleep.o
 .debug_info    0x000081bb      0x125 src/ASF/sam/utils/cmsis/sam3x/source/templates/exceptions.o
 .debug_info    0x000082e0      0x3b1 src/ASF/sam/utils/cmsis/sam3x/source/templates/gcc/startup_sam3x.o
 .debug_info    0x00008691      0x4ca src/ASF/sam/utils/cmsis/sam3x/source/templates/system_sam3x.o
 .debug_info    0x00008b5b      0xc48 src/main.o

.debug_abbrev   0x00000000     0x1ddd
 .debug_abbrev  0x00000000       0xa9 src/ASF/common/services/sleepmgr/sam/sleepmgr.o
 .debug_abbrev  0x000000a9      0x2e9 src/ASF/common/services/usb/class/hid/device/kbd/udi_hid_kbd.o
 .debug_abbrev  0x00000392      0x26b src/ASF/common/services/usb/udc/udc.o
 .debug_abbrev  0x000005fd      0x3fe src/ASF/sam/drivers/uotghs/uotghs_device.o
 .debug_abbrev  0x000009fb      0x125 src/ASF/common/services/usb/class/hid/device/kbd/udi_hid_kbd_desc.o
 .debug_abbrev  0x00000b20      0x13e src/ASF/common/services/usb/class/hid/device/udi_hid.o
 .debug_abbrev  0x00000c5e      0x1db src/ASF/common/services/clock/sam3x/sysclk.o
 .debug_abbrev  0x00000e39       0xef src/ASF/common/utils/interrupt/interrupt_sam_nvic.o
 .debug_abbrev  0x00000f28      0x143 src/ASF/sam/boards/arduino_due_x/init.o
 .debug_abbrev  0x0000106b      0x1a6 src/ASF/sam/drivers/pio/pio.o
 .debug_abbrev  0x00001211      0x20f src/ASF/sam/drivers/pio/pio_handler.o
 .debug_abbrev  0x00001420      0x20d src/ASF/sam/drivers/pmc/pmc.o
 .debug_abbrev  0x0000162d      0x1f9 src/ASF/sam/drivers/pmc/sleep.o
 .debug_abbrev  0x00001826       0x8c src/ASF/sam/utils/cmsis/sam3x/source/templates/exceptions.o
 .debug_abbrev  0x000018b2      0x100 src/ASF/sam/utils/cmsis/sam3x/source/templates/gcc/startup_sam3x.o
 .debug_abbrev  0x000019b2      0x115 src/ASF/sam/utils/cmsis/sam3x/source/templates/system_sam3x.o
 .debug_abbrev  0x00001ac7      0x316 src/main.o

.debug_aranges  0x00000000      0x938
 .debug_aranges
                0x00000000       0x18 src/ASF/common/services/sleepmgr/sam/sleepmgr.o
 .debug_aranges
                0x00000018       0x90 src/ASF/common/services/usb/class/hid/device/kbd/udi_hid_kbd.o
 .debug_aranges
                0x000000a8      0x100 src/ASF/common/services/usb/udc/udc.o
 .debug_aranges
                0x000001a8      0x190 src/ASF/sam/drivers/uotghs/uotghs_device.o
 .debug_aranges
                0x00000338       0x18 src/ASF/common/services/usb/class/hid/device/kbd/udi_hid_kbd_desc.o
 .debug_aranges
                0x00000350       0x28 src/ASF/common/services/usb/class/hid/device/udi_hid.o
 .debug_aranges
                0x00000378       0x98 src/ASF/common/services/clock/sam3x/sysclk.o
 .debug_aranges
                0x00000410       0x28 src/ASF/common/utils/interrupt/interrupt_sam_nvic.o
 .debug_aranges
                0x00000438       0x30 src/ASF/sam/boards/arduino_due_x/init.o
 .debug_aranges
                0x00000468      0x148 src/ASF/sam/drivers/pio/pio.o
 .debug_aranges
                0x000005b0       0x78 src/ASF/sam/drivers/pio/pio_handler.o
 .debug_aranges
                0x00000628      0x200 src/ASF/sam/drivers/pmc/pmc.o
 .debug_aranges
                0x00000828       0x30 src/ASF/sam/drivers/pmc/sleep.o
 .debug_aranges
                0x00000858       0x20 src/ASF/sam/utils/cmsis/sam3x/source/templates/exceptions.o
 .debug_aranges
                0x00000878       0x20 src/ASF/sam/utils/cmsis/sam3x/source/templates/gcc/startup_sam3x.o
 .debug_aranges
                0x00000898       0x30 src/ASF/sam/utils/cmsis/sam3x/source/templates/system_sam3x.o
 .debug_aranges
                0x000008c8       0x70 src/main.o

.debug_macro    0x00000000    0x18f93
 .debug_macro   0x00000000      0x4fa src/ASF/common/services/sleepmgr/sam/sleepmgr.o
 .debug_macro   0x000004fa      0x898 src/ASF/common/services/sleepmgr/sam/sleepmgr.o
 .debug_macro   0x00000d92      0x166 src/ASF/common/services/sleepmgr/sam/sleepmgr.o
 .debug_macro   0x00000ef8      0x644 src/ASF/common/services/sleepmgr/sam/sleepmgr.o
 .debug_macro   0x0000153c       0x76 src/ASF/common/services/sleepmgr/sam/sleepmgr.o
 .debug_macro   0x000015b2       0x16 src/ASF/common/services/sleepmgr/sam/sleepmgr.o
 .debug_macro   0x000015c8      0x6e4 src/ASF/common/services/sleepmgr/sam/sleepmgr.o
 .debug_macro   0x00001cac       0x22 src/ASF/common/services/sleepmgr/sam/sleepmgr.o
 .debug_macro   0x00001cce       0x44 src/ASF/common/services/sleepmgr/sam/sleepmgr.o
 .debug_macro   0x00001d12       0x58 src/ASF/common/services/sleepmgr/sam/sleepmgr.o
 .debug_macro   0x00001d6a       0x22 src/ASF/common/services/sleepmgr/sam/sleepmgr.o
 .debug_macro   0x00001d8c      0x1df src/ASF/common/services/sleepmgr/sam/sleepmgr.o
 .debug_macro   0x00001f6b       0x20 src/ASF/common/services/sleepmgr/sam/sleepmgr.o
 .debug_macro   0x00001f8b       0x3a src/ASF/common/services/sleepmgr/sam/sleepmgr.o
 .debug_macro   0x00001fc5       0x2d src/ASF/common/services/sleepmgr/sam/sleepmgr.o
 .debug_macro   0x00001ff2      0xbb1 src/ASF/common/services/sleepmgr/sam/sleepmgr.o
 .debug_macro   0x00002ba3      0xab6 src/ASF/common/services/sleepmgr/sam/sleepmgr.o
 .debug_macro   0x00003659      0x569 src/ASF/common/services/sleepmgr/sam/sleepmgr.o
 .debug_macro   0x00003bc2      0x2b5 src/ASF/common/services/sleepmgr/sam/sleepmgr.o
 .debug_macro   0x00003e77      0x31a src/ASF/common/services/sleepmgr/sam/sleepmgr.o
 .debug_macro   0x00004191      0x74f src/ASF/common/services/sleepmgr/sam/sleepmgr.o
 .debug_macro   0x000048e0       0x82 src/ASF/common/services/sleepmgr/sam/sleepmgr.o
 .debug_macro   0x00004962      0x57b src/ASF/common/services/sleepmgr/sam/sleepmgr.o
 .debug_macro   0x00004edd       0x1c src/ASF/common/services/sleepmgr/sam/sleepmgr.o
 .debug_macro   0x00004ef9      0x6b7 src/ASF/common/services/sleepmgr/sam/sleepmgr.o
 .debug_macro   0x000055b0      0x52d src/ASF/common/services/sleepmgr/sam/sleepmgr.o
 .debug_macro   0x00005add       0xbe src/ASF/common/services/sleepmgr/sam/sleepmgr.o
 .debug_macro   0x00005b9b     0x2342 src/ASF/common/services/sleepmgr/sam/sleepmgr.o
 .debug_macro   0x00007edd      0x85d src/ASF/common/services/sleepmgr/sam/sleepmgr.o
 .debug_macro   0x0000873a      0xdc9 src/ASF/common/services/sleepmgr/sam/sleepmgr.o
 .debug_macro   0x00009503       0x7c src/ASF/common/services/sleepmgr/sam/sleepmgr.o
 .debug_macro   0x0000957f      0x263 src/ASF/common/services/sleepmgr/sam/sleepmgr.o
 .debug_macro   0x000097e2       0x58 src/ASF/common/services/sleepmgr/sam/sleepmgr.o
 .debug_macro   0x0000983a      0x9a7 src/ASF/common/services/sleepmgr/sam/sleepmgr.o
 .debug_macro   0x0000a1e1      0x248 src/ASF/common/services/sleepmgr/sam/sleepmgr.o
 .debug_macro   0x0000a429      0x4df src/ASF/common/services/sleepmgr/sam/sleepmgr.o
 .debug_macro   0x0000a908      0x6b3 src/ASF/common/services/sleepmgr/sam/sleepmgr.o
 .debug_macro   0x0000afbb      0x59f src/ASF/common/services/sleepmgr/sam/sleepmgr.o
 .debug_macro   0x0000b55a       0x46 src/ASF/common/services/sleepmgr/sam/sleepmgr.o
 .debug_macro   0x0000b5a0      0x34d src/ASF/common/services/sleepmgr/sam/sleepmgr.o
 .debug_macro   0x0000b8ed      0x28c src/ASF/common/services/sleepmgr/sam/sleepmgr.o
 .debug_macro   0x0000bb79     0x14d7 src/ASF/common/services/sleepmgr/sam/sleepmgr.o
 .debug_macro   0x0000d050      0x7ba src/ASF/common/services/sleepmgr/sam/sleepmgr.o
 .debug_macro   0x0000d80a       0x76 src/ASF/common/services/sleepmgr/sam/sleepmgr.o
 .debug_macro   0x0000d880       0x82 src/ASF/common/services/sleepmgr/sam/sleepmgr.o
 .debug_macro   0x0000d902       0x76 src/ASF/common/services/sleepmgr/sam/sleepmgr.o
 .debug_macro   0x0000d978       0x4c src/ASF/common/services/sleepmgr/sam/sleepmgr.o
 .debug_macro   0x0000d9c4      0x105 src/ASF/common/services/sleepmgr/sam/sleepmgr.o
 .debug_macro   0x0000dac9      0x105 src/ASF/common/services/sleepmgr/sam/sleepmgr.o
 .debug_macro   0x0000dbce      0x105 src/ASF/common/services/sleepmgr/sam/sleepmgr.o
 .debug_macro   0x0000dcd3       0x88 src/ASF/common/services/sleepmgr/sam/sleepmgr.o
 .debug_macro   0x0000dd5b       0x88 src/ASF/common/services/sleepmgr/sam/sleepmgr.o
 .debug_macro   0x0000dde3      0x3b4 src/ASF/common/services/sleepmgr/sam/sleepmgr.o
 .debug_macro   0x0000e197       0xb8 src/ASF/common/services/sleepmgr/sam/sleepmgr.o
 .debug_macro   0x0000e24f       0xb8 src/ASF/common/services/sleepmgr/sam/sleepmgr.o
 .debug_macro   0x0000e307       0xb8 src/ASF/common/services/sleepmgr/sam/sleepmgr.o
 .debug_macro   0x0000e3bf       0xb8 src/ASF/common/services/sleepmgr/sam/sleepmgr.o
 .debug_macro   0x0000e477      0x2b8 src/ASF/common/services/sleepmgr/sam/sleepmgr.o
 .debug_macro   0x0000e72f      0x125 src/ASF/common/services/sleepmgr/sam/sleepmgr.o
 .debug_macro   0x0000e854      0x225 src/ASF/common/services/sleepmgr/sam/sleepmgr.o
 .debug_macro   0x0000ea79      0x225 src/ASF/common/services/sleepmgr/sam/sleepmgr.o
 .debug_macro   0x0000ec9e       0x2e src/ASF/common/services/sleepmgr/sam/sleepmgr.o
 .debug_macro   0x0000eccc       0xac src/ASF/common/services/sleepmgr/sam/sleepmgr.o
 .debug_macro   0x0000ed78      0x14d src/ASF/common/services/sleepmgr/sam/sleepmgr.o
 .debug_macro   0x0000eec5       0x7c src/ASF/common/services/sleepmgr/sam/sleepmgr.o
 .debug_macro   0x0000ef41      0x205 src/ASF/common/services/sleepmgr/sam/sleepmgr.o
 .debug_macro   0x0000f146       0x64 src/ASF/common/services/sleepmgr/sam/sleepmgr.o
 .debug_macro   0x0000f1aa       0xa6 src/ASF/common/services/sleepmgr/sam/sleepmgr.o
 .debug_macro   0x0000f250       0x7c src/ASF/common/services/sleepmgr/sam/sleepmgr.o
 .debug_macro   0x0000f2cc       0x16 src/ASF/common/services/sleepmgr/sam/sleepmgr.o
 .debug_macro   0x0000f2e2       0x22 src/ASF/common/services/sleepmgr/sam/sleepmgr.o
 .debug_macro   0x0000f304       0x22 src/ASF/common/services/sleepmgr/sam/sleepmgr.o
 .debug_macro   0x0000f326      0x115 src/ASF/common/services/sleepmgr/sam/sleepmgr.o
 .debug_macro   0x0000f43b      0x115 src/ASF/common/services/sleepmgr/sam/sleepmgr.o
 .debug_macro   0x0000f550      0x115 src/ASF/common/services/sleepmgr/sam/sleepmgr.o
 .debug_macro   0x0000f665      0x115 src/ASF/common/services/sleepmgr/sam/sleepmgr.o
 .debug_macro   0x0000f77a       0x1c src/ASF/common/services/sleepmgr/sam/sleepmgr.o
 .debug_macro   0x0000f796       0x2e src/ASF/common/services/sleepmgr/sam/sleepmgr.o
 .debug_macro   0x0000f7c4       0x22 src/ASF/common/services/sleepmgr/sam/sleepmgr.o
 .debug_macro   0x0000f7e6       0x1c src/ASF/common/services/sleepmgr/sam/sleepmgr.o
 .debug_macro   0x0000f802       0x58 src/ASF/common/services/sleepmgr/sam/sleepmgr.o
 .debug_macro   0x0000f85a       0x10 src/ASF/common/services/sleepmgr/sam/sleepmgr.o
 .debug_macro   0x0000f86a      0x273 src/ASF/common/services/sleepmgr/sam/sleepmgr.o
 .debug_macro   0x0000fadd      0xd43 src/ASF/common/services/sleepmgr/sam/sleepmgr.o
 .debug_macro   0x00010820      0x131 src/ASF/common/services/sleepmgr/sam/sleepmgr.o
 .debug_macro   0x00010951       0x58 src/ASF/common/services/sleepmgr/sam/sleepmgr.o
 .debug_macro   0x000109a9       0x35 src/ASF/common/services/sleepmgr/sam/sleepmgr.o
 .debug_macro   0x000109de       0x9c src/ASF/common/services/sleepmgr/sam/sleepmgr.o
 .debug_macro   0x00010a7a       0x16 src/ASF/common/services/sleepmgr/sam/sleepmgr.o
 .debug_macro   0x00010a90       0x35 src/ASF/common/services/sleepmgr/sam/sleepmgr.o
 .debug_macro   0x00010ac5      0x29d src/ASF/common/services/sleepmgr/sam/sleepmgr.o
 .debug_macro   0x00010d62       0x10 src/ASF/common/services/sleepmgr/sam/sleepmgr.o
 .debug_macro   0x00010d72       0x52 src/ASF/common/services/sleepmgr/sam/sleepmgr.o
 .debug_macro   0x00010dc4       0x16 src/ASF/common/services/sleepmgr/sam/sleepmgr.o
 .debug_macro   0x00010dda       0x43 src/ASF/common/services/sleepmgr/sam/sleepmgr.o
 .debug_macro   0x00010e1d      0x180 src/ASF/common/services/sleepmgr/sam/sleepmgr.o
 .debug_macro   0x00010f9d       0x10 src/ASF/common/services/sleepmgr/sam/sleepmgr.o
 .debug_macro   0x00010fad       0x22 src/ASF/common/services/sleepmgr/sam/sleepmgr.o
 .debug_macro   0x00010fcf       0xbe src/ASF/common/services/sleepmgr/sam/sleepmgr.o
 .debug_macro   0x0001108d       0x16 src/ASF/common/services/sleepmgr/sam/sleepmgr.o
 .debug_macro   0x000110a3      0x197 src/ASF/common/services/sleepmgr/sam/sleepmgr.o
 .debug_macro   0x0001123a       0x22 src/ASF/common/services/sleepmgr/sam/sleepmgr.o
 .debug_macro   0x0001125c       0x16 src/ASF/common/services/sleepmgr/sam/sleepmgr.o
 .debug_macro   0x00011272       0x16 src/ASF/common/services/sleepmgr/sam/sleepmgr.o
 .debug_macro   0x00011288       0x29 src/ASF/common/services/sleepmgr/sam/sleepmgr.o
 .debug_macro   0x000112b1       0x75 src/ASF/common/services/sleepmgr/sam/sleepmgr.o
 .debug_macro   0x00011326       0x45 src/ASF/common/services/sleepmgr/sam/sleepmgr.o
 .debug_macro   0x0001136b      0x3ca src/ASF/common/services/sleepmgr/sam/sleepmgr.o
 .debug_macro   0x00011735       0x10 src/ASF/common/services/sleepmgr/sam/sleepmgr.o
 .debug_macro   0x00011745       0x34 src/ASF/common/services/sleepmgr/sam/sleepmgr.o
 .debug_macro   0x00011779      0x586 src/ASF/common/services/usb/class/hid/device/kbd/udi_hid_kbd.o
 .debug_macro   0x00011cff       0x4c src/ASF/common/services/usb/class/hid/device/kbd/udi_hid_kbd.o
 .debug_macro   0x00011d4b       0x28 src/ASF/common/services/usb/class/hid/device/kbd/udi_hid_kbd.o
 .debug_macro   0x00011d73      0x24b src/ASF/common/services/usb/class/hid/device/kbd/udi_hid_kbd.o
 .debug_macro   0x00011fbe      0x162 src/ASF/common/services/usb/class/hid/device/kbd/udi_hid_kbd.o
 .debug_macro   0x00012120      0x44f src/ASF/common/services/usb/class/hid/device/kbd/udi_hid_kbd.o
 .debug_macro   0x0001256f       0x16 src/ASF/common/services/usb/class/hid/device/kbd/udi_hid_kbd.o
 .debug_macro   0x00012585       0x16 src/ASF/common/services/usb/class/hid/device/kbd/udi_hid_kbd.o
 .debug_macro   0x0001259b       0x1c src/ASF/common/services/usb/class/hid/device/kbd/udi_hid_kbd.o
 .debug_macro   0x000125b7       0x16 src/ASF/common/services/usb/class/hid/device/kbd/udi_hid_kbd.o
 .debug_macro   0x000125cd      0x56e src/ASF/common/services/usb/udc/udc.o
 .debug_macro   0x00012b3b      0x6aa src/ASF/sam/drivers/uotghs/uotghs_device.o
 .debug_macro   0x000131e5       0x34 src/ASF/sam/drivers/uotghs/uotghs_device.o
 .debug_macro   0x00013219      0x2aa src/ASF/sam/drivers/uotghs/uotghs_device.o
 .debug_macro   0x000134c3      0x790 src/ASF/sam/drivers/uotghs/uotghs_device.o
 .debug_macro   0x00013c53       0x5e src/ASF/sam/drivers/uotghs/uotghs_device.o
 .debug_macro   0x00013cb1       0x64 src/ASF/sam/drivers/uotghs/uotghs_device.o
 .debug_macro   0x00013d15       0x5f src/ASF/sam/drivers/uotghs/uotghs_device.o
 .debug_macro   0x00013d74       0x90 src/ASF/sam/drivers/uotghs/uotghs_device.o
 .debug_macro   0x00013e04      0x1c8 src/ASF/sam/drivers/uotghs/uotghs_device.o
 .debug_macro   0x00013fcc      0x5c7 src/ASF/sam/drivers/uotghs/uotghs_device.o
 .debug_macro   0x00014593      0x561 src/ASF/common/services/usb/class/hid/device/kbd/udi_hid_kbd_desc.o
 .debug_macro   0x00014af4      0x569 src/ASF/common/services/usb/class/hid/device/udi_hid.o
 .debug_macro   0x0001505d      0x554 src/ASF/common/services/clock/sam3x/sysclk.o
 .debug_macro   0x000155b1      0x2a4 src/ASF/common/services/clock/sam3x/sysclk.o
 .debug_macro   0x00015855      0x4de src/ASF/common/utils/interrupt/interrupt_sam_nvic.o
 .debug_macro   0x00015d33       0x3f src/ASF/common/utils/interrupt/interrupt_sam_nvic.o
 .debug_macro   0x00015d72      0x593 src/ASF/sam/boards/arduino_due_x/init.o
 .debug_macro   0x00016305       0x16 src/ASF/sam/boards/arduino_due_x/init.o
 .debug_macro   0x0001631b       0x94 src/ASF/sam/boards/arduino_due_x/init.o
 .debug_macro   0x000163af       0x40 src/ASF/sam/boards/arduino_due_x/init.o
 .debug_macro   0x000163ef       0x6a src/ASF/sam/boards/arduino_due_x/init.o
 .debug_macro   0x00016459      0x4ef src/ASF/sam/drivers/pio/pio.o
 .debug_macro   0x00016948       0x8e src/ASF/sam/drivers/pio/pio.o
 .debug_macro   0x000169d6      0x4f3 src/ASF/sam/drivers/pio/pio_handler.o
 .debug_macro   0x00016ec9      0x4e9 src/ASF/sam/drivers/pmc/pmc.o
 .debug_macro   0x000173b2       0x58 src/ASF/sam/drivers/pmc/pmc.o
 .debug_macro   0x0001740a      0x509 src/ASF/sam/drivers/pmc/sleep.o
 .debug_macro   0x00017913      0x4e8 src/ASF/sam/utils/cmsis/sam3x/source/templates/exceptions.o
 .debug_macro   0x00017dfb      0x4f6 src/ASF/sam/utils/cmsis/sam3x/source/templates/gcc/startup_sam3x.o
 .debug_macro   0x000182f1      0x4f6 src/ASF/sam/utils/cmsis/sam3x/source/templates/system_sam3x.o
 .debug_macro   0x000187e7       0x26 src/ASF/sam/utils/cmsis/sam3x/source/templates/system_sam3x.o
 .debug_macro   0x0001880d      0x678 src/main.o
 .debug_macro   0x00018e85       0x52 src/main.o
 .debug_macro   0x00018ed7       0x22 src/main.o
 .debug_macro   0x00018ef9       0x9a src/main.o

.debug_line     0x00000000     0xe24f
 .debug_line    0x00000000      0xb2b src/ASF/common/services/sleepmgr/sam/sleepmgr.o
 .debug_line    0x00000b2b      0xdca src/ASF/common/services/usb/class/hid/device/kbd/udi_hid_kbd.o
 .debug_line    0x000018f5      0xf1a src/ASF/common/services/usb/udc/udc.o
 .debug_line    0x0000280f     0x1500 src/ASF/sam/drivers/uotghs/uotghs_device.o
 .debug_line    0x00003d0f      0xbfa src/ASF/common/services/usb/class/hid/device/kbd/udi_hid_kbd_desc.o
 .debug_line    0x00004909      0xc45 src/ASF/common/services/usb/class/hid/device/udi_hid.o
 .debug_line    0x0000554e      0xd45 src/ASF/common/services/clock/sam3x/sysclk.o
 .debug_line    0x00006293      0xae5 src/ASF/common/utils/interrupt/interrupt_sam_nvic.o
 .debug_line    0x00006d78      0xcef src/ASF/sam/boards/arduino_due_x/init.o
 .debug_line    0x00007a67      0xddb src/ASF/sam/drivers/pio/pio.o
 .debug_line    0x00008842      0xbc3 src/ASF/sam/drivers/pio/pio_handler.o
 .debug_line    0x00009405     0x10a0 src/ASF/sam/drivers/pmc/pmc.o
 .debug_line    0x0000a4a5      0xc49 src/ASF/sam/drivers/pmc/sleep.o
 .debug_line    0x0000b0ee      0xaa3 src/ASF/sam/utils/cmsis/sam3x/source/templates/exceptions.o
 .debug_line    0x0000bb91      0xaf6 src/ASF/sam/utils/cmsis/sam3x/source/templates/gcc/startup_sam3x.o
 .debug_line    0x0000c687      0xb2e src/ASF/sam/utils/cmsis/sam3x/source/templates/system_sam3x.o
 .debug_line    0x0000d1b5     0x109a src/main.o

.debug_str      0x00000000    0x6c581
 .debug_str     0x00000000    0x5b4d9 src/ASF/common/services/sleepmgr/sam/sleepmgr.o
                              0x5b81b (size before relaxing)
 .debug_str     0x0005b4d9     0x299f src/ASF/common/services/usb/class/hid/device/kbd/udi_hid_kbd.o
                              0x5e03e (size before relaxing)
 .debug_str     0x0005de78      0xaa6 src/ASF/common/services/usb/udc/udc.o
                              0x5e72c (size before relaxing)
 .debug_str     0x0005e91e     0xb65d src/ASF/sam/drivers/uotghs/uotghs_device.o
                              0x69590 (size before relaxing)
 .debug_str     0x00069f7b      0x14d src/ASF/common/services/usb/class/hid/device/kbd/udi_hid_kbd_desc.o
                              0x5e126 (size before relaxing)
 .debug_str     0x0006a0c8      0x11c src/ASF/common/services/usb/class/hid/device/udi_hid.o
                              0x5df49 (size before relaxing)
 .debug_str     0x0006a1e4      0x2dd src/ASF/common/services/clock/sam3x/sysclk.o
                              0x5f5bd (size before relaxing)
 .debug_str     0x0006a4c1       0x65 src/ASF/common/utils/interrupt/interrupt_sam_nvic.o
                              0x5b6df (size before relaxing)
 .debug_str     0x0006a526      0xa3f src/ASF/sam/boards/arduino_due_x/init.o
                              0x5fd77 (size before relaxing)
 .debug_str     0x0006af65      0x432 src/ASF/sam/drivers/pio/pio.o
                              0x5c033 (size before relaxing)
 .debug_str     0x0006b397      0x172 src/ASF/sam/drivers/pio/pio_handler.o
                              0x5c07b (size before relaxing)
 .debug_str     0x0006b509      0x691 src/ASF/sam/drivers/pmc/pmc.o
                              0x5c0a9 (size before relaxing)
 .debug_str     0x0006bb9a      0x189 src/ASF/sam/drivers/pmc/sleep.o
                              0x5ef4c (size before relaxing)
 .debug_str     0x0006bd23       0x4d src/ASF/sam/utils/cmsis/sam3x/source/templates/exceptions.o
                              0x5b6a8 (size before relaxing)
 .debug_str     0x0006bd70       0xb2 src/ASF/sam/utils/cmsis/sam3x/source/templates/gcc/startup_sam3x.o
                              0x5b77d (size before relaxing)
 .debug_str     0x0006be22      0x1a9 src/ASF/sam/utils/cmsis/sam3x/source/templates/system_sam3x.o
                              0x5b990 (size before relaxing)
 .debug_str     0x0006bfcb      0x5b6 src/main.o
                              0x629d8 (size before relaxing)

.debug_loc      0x00000000     0x49ea
 .debug_loc     0x00000000      0x438 src/ASF/common/services/usb/class/hid/device/kbd/udi_hid_kbd.o
 .debug_loc     0x00000438      0x760 src/ASF/common/services/usb/udc/udc.o
 .debug_loc     0x00000b98      0xde4 src/ASF/sam/drivers/uotghs/uotghs_device.o
 .debug_loc     0x0000197c       0xa0 src/ASF/common/services/usb/class/hid/device/udi_hid.o
 .debug_loc     0x00001a1c      0x4a0 src/ASF/common/services/clock/sam3x/sysclk.o
 .debug_loc     0x00001ebc       0xa0 src/ASF/common/utils/interrupt/interrupt_sam_nvic.o
 .debug_loc     0x00001f5c       0xa8 src/ASF/sam/boards/arduino_due_x/init.o
 .debug_loc     0x00002004      0xd24 src/ASF/sam/drivers/pio/pio.o
 .debug_loc     0x00002d28      0x360 src/ASF/sam/drivers/pio/pio_handler.o
 .debug_loc     0x00003088     0x13e8 src/ASF/sam/drivers/pmc/pmc.o
 .debug_loc     0x00004470       0xe6 src/ASF/sam/drivers/pmc/sleep.o
 .debug_loc     0x00004556       0x2c src/ASF/sam/utils/cmsis/sam3x/source/templates/exceptions.o
 .debug_loc     0x00004582       0x38 src/ASF/sam/utils/cmsis/sam3x/source/templates/gcc/startup_sam3x.o
 .debug_loc     0x000045ba       0xe4 src/ASF/sam/utils/cmsis/sam3x/source/templates/system_sam3x.o
 .debug_loc     0x0000469e      0x34c src/main.o

.debug_ranges   0x00000000      0x830
 .debug_ranges  0x00000000       0x80 src/ASF/common/services/usb/class/hid/device/kbd/udi_hid_kbd.o
 .debug_ranges  0x00000080      0x108 src/ASF/common/services/usb/udc/udc.o
 .debug_ranges  0x00000188      0x180 src/ASF/sam/drivers/uotghs/uotghs_device.o
 .debug_ranges  0x00000308       0x18 src/ASF/common/services/usb/class/hid/device/udi_hid.o
 .debug_ranges  0x00000320       0x88 src/ASF/common/services/clock/sam3x/sysclk.o
 .debug_ranges  0x000003a8       0x18 src/ASF/common/utils/interrupt/interrupt_sam_nvic.o
 .debug_ranges  0x000003c0       0x20 src/ASF/sam/boards/arduino_due_x/init.o
 .debug_ranges  0x000003e0      0x138 src/ASF/sam/drivers/pio/pio.o
 .debug_ranges  0x00000518       0x68 src/ASF/sam/drivers/pio/pio_handler.o
 .debug_ranges  0x00000580      0x1f0 src/ASF/sam/drivers/pmc/pmc.o
 .debug_ranges  0x00000770       0x20 src/ASF/sam/drivers/pmc/sleep.o
 .debug_ranges  0x00000790       0x10 src/ASF/sam/utils/cmsis/sam3x/source/templates/exceptions.o
 .debug_ranges  0x000007a0       0x10 src/ASF/sam/utils/cmsis/sam3x/source/templates/gcc/startup_sam3x.o
 .debug_ranges  0x000007b0       0x20 src/ASF/sam/utils/cmsis/sam3x/source/templates/system_sam3x.o
 .debug_ranges  0x000007d0       0x60 src/main.o

.debug_frame    0x00000000     0x2458
 .debug_frame   0x00000000      0x218 src/ASF/common/services/usb/class/hid/device/kbd/udi_hid_kbd.o
 .debug_frame   0x00000218      0x3bc src/ASF/common/services/usb/udc/udc.o
 .debug_frame   0x000005d4      0x688 src/ASF/sam/drivers/uotghs/uotghs_device.o
 .debug_frame   0x00000c5c       0x58 src/ASF/common/services/usb/class/hid/device/udi_hid.o
 .debug_frame   0x00000cb4      0x240 src/ASF/common/services/clock/sam3x/sysclk.o
 .debug_frame   0x00000ef4       0x58 src/ASF/common/utils/interrupt/interrupt_sam_nvic.o
 .debug_frame   0x00000f4c       0x6c src/ASF/sam/boards/arduino_due_x/init.o
 .debug_frame   0x00000fb8      0x5e0 src/ASF/sam/drivers/pio/pio.o
 .debug_frame   0x00001598      0x1b4 src/ASF/sam/drivers/pio/pio_handler.o
 .debug_frame   0x0000174c      0x8ec src/ASF/sam/drivers/pmc/pmc.o
 .debug_frame   0x00002038       0x80 src/ASF/sam/drivers/pmc/sleep.o
 .debug_frame   0x000020b8       0x28 src/ASF/sam/utils/cmsis/sam3x/source/templates/exceptions.o
 .debug_frame   0x000020e0       0x30 src/ASF/sam/utils/cmsis/sam3x/source/templates/gcc/startup_sam3x.o
 .debug_frame   0x00002110       0x78 src/ASF/sam/utils/cmsis/sam3x/source/templates/system_sam3x.o
 .debug_frame   0x00002188      0x198 src/main.o
 .debug_frame   0x00002320       0x2c c:/program files (x86)/atmel/studio/7.0/toolchain/arm/arm-gnu-toolchain/bin/../lib/gcc/arm-none-eabi/4.9.3/../../../../arm-none-eabi/lib/armv7-m\libc.a(lib_a-init.o)
 .debug_frame   0x0000234c       0x34 c:/program files (x86)/atmel/studio/7.0/toolchain/arm/arm-gnu-toolchain/bin/../lib/gcc/arm-none-eabi/4.9.3/../../../../arm-none-eabi/lib/armv7-m\libc.a(lib_a-memset.o)
 .debug_frame   0x00002380       0x50 c:/program files (x86)/atmel/studio/7.0/toolchain/arm/arm-gnu-toolchain/bin/../lib/gcc/arm-none-eabi/4.9.3/../../../../arm-none-eabi/lib/armv7-m\libc.a(lib_a-__call_atexit.o)
 .debug_frame   0x000023d0       0x20 c:/program files (x86)/atmel/studio/7.0/toolchain/arm/arm-gnu-toolchain/bin/../lib/gcc/arm-none-eabi/4.9.3/../../../../arm-none-eabi/lib/armv7-m\libc.a(lib_a-atexit.o)
 .debug_frame   0x000023f0       0x34 c:/program files (x86)/atmel/studio/7.0/toolchain/arm/arm-gnu-toolchain/bin/../lib/gcc/arm-none-eabi/4.9.3/../../../../arm-none-eabi/lib/armv7-m\libc.a(lib_a-fini.o)
 .debug_frame   0x00002424       0x34 c:/program files (x86)/atmel/studio/7.0/toolchain/arm/arm-gnu-toolchain/bin/../lib/gcc/arm-none-eabi/4.9.3/../../../../arm-none-eabi/lib/armv7-m\libc.a(lib_a-__atexit.o)

Cross Reference Table

Symbol                                            File
ADC_Handler                                       src/ASF/sam/utils/cmsis/sam3x/source/templates/exceptions.o
                                                  src/ASF/sam/utils/cmsis/sam3x/source/templates/gcc/startup_sam3x.o
BusFault_Handler                                  src/ASF/sam/utils/cmsis/sam3x/source/templates/exceptions.o
                                                  src/ASF/sam/utils/cmsis/sam3x/source/templates/gcc/startup_sam3x.o
CAN0_Handler                                      src/ASF/sam/utils/cmsis/sam3x/source/templates/exceptions.o
                                                  src/ASF/sam/utils/cmsis/sam3x/source/templates/gcc/startup_sam3x.o
CAN1_Handler                                      src/ASF/sam/utils/cmsis/sam3x/source/templates/exceptions.o
                                                  src/ASF/sam/utils/cmsis/sam3x/source/templates/gcc/startup_sam3x.o
COLUMNPINCOUNT                                    src/main.o
DACC_Handler                                      src/ASF/sam/utils/cmsis/sam3x/source/templates/exceptions.o
                                                  src/ASF/sam/utils/cmsis/sam3x/source/templates/gcc/startup_sam3x.o
DMAC_Handler                                      src/ASF/sam/utils/cmsis/sam3x/source/templates/exceptions.o
                                                  src/ASF/sam/utils/cmsis/sam3x/source/templates/gcc/startup_sam3x.o
DebugMon_Handler                                  src/ASF/sam/utils/cmsis/sam3x/source/templates/exceptions.o
                                                  src/ASF/sam/utils/cmsis/sam3x/source/templates/gcc/startup_sam3x.o
Dummy_Handler                                     src/ASF/sam/utils/cmsis/sam3x/source/templates/exceptions.o
EFC0_Handler                                      src/ASF/sam/utils/cmsis/sam3x/source/templates/exceptions.o
                                                  src/ASF/sam/utils/cmsis/sam3x/source/templates/gcc/startup_sam3x.o
EFC1_Handler                                      src/ASF/sam/utils/cmsis/sam3x/source/templates/exceptions.o
                                                  src/ASF/sam/utils/cmsis/sam3x/source/templates/gcc/startup_sam3x.o
EMAC_Handler                                      src/ASF/sam/utils/cmsis/sam3x/source/templates/exceptions.o
                                                  src/ASF/sam/utils/cmsis/sam3x/source/templates/gcc/startup_sam3x.o
HSMCI_Handler                                     src/ASF/sam/utils/cmsis/sam3x/source/templates/exceptions.o
                                                  src/ASF/sam/utils/cmsis/sam3x/source/templates/gcc/startup_sam3x.o
HardFault_Handler                                 src/ASF/sam/utils/cmsis/sam3x/source/templates/exceptions.o
                                                  src/ASF/sam/utils/cmsis/sam3x/source/templates/gcc/startup_sam3x.o
MemManage_Handler                                 src/ASF/sam/utils/cmsis/sam3x/source/templates/exceptions.o
                                                  src/ASF/sam/utils/cmsis/sam3x/source/templates/gcc/startup_sam3x.o
NMI_Handler                                       src/ASF/sam/utils/cmsis/sam3x/source/templates/exceptions.o
                                                  src/ASF/sam/utils/cmsis/sam3x/source/templates/gcc/startup_sam3x.o
PIOA_Handler                                      src/ASF/sam/drivers/pio/pio_handler.o
                                                  src/ASF/sam/utils/cmsis/sam3x/source/templates/gcc/startup_sam3x.o
PIOB_Handler                                      src/ASF/sam/drivers/pio/pio_handler.o
                                                  src/ASF/sam/utils/cmsis/sam3x/source/templates/gcc/startup_sam3x.o
PIOC_Handler                                      src/ASF/sam/drivers/pio/pio_handler.o
                                                  src/ASF/sam/utils/cmsis/sam3x/source/templates/gcc/startup_sam3x.o
PIOD_Handler                                      src/ASF/sam/drivers/pio/pio_handler.o
                                                  src/ASF/sam/utils/cmsis/sam3x/source/templates/gcc/startup_sam3x.o
PMC_Handler                                       src/ASF/sam/utils/cmsis/sam3x/source/templates/exceptions.o
                                                  src/ASF/sam/utils/cmsis/sam3x/source/templates/gcc/startup_sam3x.o
PWM_Handler                                       src/ASF/sam/utils/cmsis/sam3x/source/templates/exceptions.o
                                                  src/ASF/sam/utils/cmsis/sam3x/source/templates/gcc/startup_sam3x.o
PendSV_Handler                                    src/ASF/sam/utils/cmsis/sam3x/source/templates/exceptions.o
                                                  src/ASF/sam/utils/cmsis/sam3x/source/templates/gcc/startup_sam3x.o
ROWPINCOUNT                                       src/main.o
RSTC_Handler                                      src/ASF/sam/utils/cmsis/sam3x/source/templates/exceptions.o
                                                  src/ASF/sam/utils/cmsis/sam3x/source/templates/gcc/startup_sam3x.o
RTC_Handler                                       src/ASF/sam/utils/cmsis/sam3x/source/templates/exceptions.o
                                                  src/ASF/sam/utils/cmsis/sam3x/source/templates/gcc/startup_sam3x.o
RTT_Handler                                       src/ASF/sam/utils/cmsis/sam3x/source/templates/exceptions.o
                                                  src/ASF/sam/utils/cmsis/sam3x/source/templates/gcc/startup_sam3x.o
Reset_Handler                                     src/ASF/sam/utils/cmsis/sam3x/source/templates/gcc/startup_sam3x.o
SMC_Handler                                       src/ASF/sam/utils/cmsis/sam3x/source/templates/exceptions.o
                                                  src/ASF/sam/utils/cmsis/sam3x/source/templates/gcc/startup_sam3x.o
SPI0_Handler                                      src/ASF/sam/utils/cmsis/sam3x/source/templates/exceptions.o
                                                  src/ASF/sam/utils/cmsis/sam3x/source/templates/gcc/startup_sam3x.o
SSC_Handler                                       src/ASF/sam/utils/cmsis/sam3x/source/templates/exceptions.o
                                                  src/ASF/sam/utils/cmsis/sam3x/source/templates/gcc/startup_sam3x.o
SUPC_Handler                                      src/ASF/sam/utils/cmsis/sam3x/source/templates/exceptions.o
                                                  src/ASF/sam/utils/cmsis/sam3x/source/templates/gcc/startup_sam3x.o
SVC_Handler                                       src/ASF/sam/utils/cmsis/sam3x/source/templates/exceptions.o
                                                  src/ASF/sam/utils/cmsis/sam3x/source/templates/gcc/startup_sam3x.o
SysTick_Handler                                   src/ASF/sam/utils/cmsis/sam3x/source/templates/exceptions.o
                                                  src/ASF/sam/utils/cmsis/sam3x/source/templates/gcc/startup_sam3x.o
SystemCoreClock                                   src/ASF/sam/utils/cmsis/sam3x/source/templates/system_sam3x.o
SystemCoreClockUpdate                             src/ASF/sam/utils/cmsis/sam3x/source/templates/system_sam3x.o
                                                  src/ASF/common/services/clock/sam3x/sysclk.o
SystemInit                                        src/ASF/sam/utils/cmsis/sam3x/source/templates/system_sam3x.o
TC0_Handler                                       src/ASF/sam/utils/cmsis/sam3x/source/templates/exceptions.o
                                                  src/ASF/sam/utils/cmsis/sam3x/source/templates/gcc/startup_sam3x.o
TC1_Handler                                       src/ASF/sam/utils/cmsis/sam3x/source/templates/exceptions.o
                                                  src/ASF/sam/utils/cmsis/sam3x/source/templates/gcc/startup_sam3x.o
TC2_Handler                                       src/ASF/sam/utils/cmsis/sam3x/source/templates/exceptions.o
                                                  src/ASF/sam/utils/cmsis/sam3x/source/templates/gcc/startup_sam3x.o
TC3_Handler                                       src/ASF/sam/utils/cmsis/sam3x/source/templates/exceptions.o
                                                  src/ASF/sam/utils/cmsis/sam3x/source/templates/gcc/startup_sam3x.o
TC4_Handler                                       src/ASF/sam/utils/cmsis/sam3x/source/templates/exceptions.o
                                                  src/ASF/sam/utils/cmsis/sam3x/source/templates/gcc/startup_sam3x.o
TC5_Handler                                       src/ASF/sam/utils/cmsis/sam3x/source/templates/exceptions.o
                                                  src/ASF/sam/utils/cmsis/sam3x/source/templates/gcc/startup_sam3x.o
TC6_Handler                                       src/ASF/sam/utils/cmsis/sam3x/source/templates/exceptions.o
                                                  src/ASF/sam/utils/cmsis/sam3x/source/templates/gcc/startup_sam3x.o
TC7_Handler                                       src/ASF/sam/utils/cmsis/sam3x/source/templates/exceptions.o
                                                  src/ASF/sam/utils/cmsis/sam3x/source/templates/gcc/startup_sam3x.o
TC8_Handler                                       src/ASF/sam/utils/cmsis/sam3x/source/templates/exceptions.o
                                                  src/ASF/sam/utils/cmsis/sam3x/source/templates/gcc/startup_sam3x.o
TRNG_Handler                                      src/ASF/sam/utils/cmsis/sam3x/source/templates/exceptions.o
                                                  src/ASF/sam/utils/cmsis/sam3x/source/templates/gcc/startup_sam3x.o
TWI0_Handler                                      src/ASF/sam/utils/cmsis/sam3x/source/templates/exceptions.o
                                                  src/ASF/sam/utils/cmsis/sam3x/source/templates/gcc/startup_sam3x.o
TWI1_Handler                                      src/ASF/sam/utils/cmsis/sam3x/source/templates/exceptions.o
                                                  src/ASF/sam/utils/cmsis/sam3x/source/templates/gcc/startup_sam3x.o
UART_Handler                                      src/ASF/sam/utils/cmsis/sam3x/source/templates/exceptions.o
                                                  src/ASF/sam/utils/cmsis/sam3x/source/templates/gcc/startup_sam3x.o
UOTGHS_Handler                                    src/ASF/sam/drivers/uotghs/uotghs_device.o
                                                  src/ASF/sam/utils/cmsis/sam3x/source/templates/gcc/startup_sam3x.o
USART0_Handler                                    src/ASF/sam/utils/cmsis/sam3x/source/templates/exceptions.o
                                                  src/ASF/sam/utils/cmsis/sam3x/source/templates/gcc/startup_sam3x.o
USART1_Handler                                    src/ASF/sam/utils/cmsis/sam3x/source/templates/exceptions.o
                                                  src/ASF/sam/utils/cmsis/sam3x/source/templates/gcc/startup_sam3x.o
USART2_Handler                                    src/ASF/sam/utils/cmsis/sam3x/source/templates/exceptions.o
                                                  src/ASF/sam/utils/cmsis/sam3x/source/templates/gcc/startup_sam3x.o
USART3_Handler                                    src/ASF/sam/utils/cmsis/sam3x/source/templates/exceptions.o
                                                  src/ASF/sam/utils/cmsis/sam3x/source/templates/gcc/startup_sam3x.o
UsageFault_Handler                                src/ASF/sam/utils/cmsis/sam3x/source/templates/exceptions.o
                                                  src/ASF/sam/utils/cmsis/sam3x/source/templates/gcc/startup_sam3x.o
WDT_Handler                                       src/ASF/sam/utils/cmsis/sam3x/source/templates/exceptions.o
                                                  src/ASF/sam/utils/cmsis/sam3x/source/templates/gcc/startup_sam3x.o
_Jv_RegisterClasses                               c:/program files (x86)/atmel/studio/7.0/toolchain/arm/arm-gnu-toolchain/bin/../lib/gcc/arm-none-eabi/4.9.3/armv7-m/crtbegin.o
_PathLocale                                       c:/program files (x86)/atmel/studio/7.0/toolchain/arm/arm-gnu-toolchain/bin/../lib/gcc/arm-none-eabi/4.9.3/../../../../arm-none-eabi/lib/armv7-m\libc.a(lib_a-locale.o)
__aeabi_idiv0                                     c:/program files (x86)/atmel/studio/7.0/toolchain/arm/arm-gnu-toolchain/bin/../lib/gcc/arm-none-eabi/4.9.3/armv7-m\libgcc.a(_dvmd_tls.o)
__aeabi_ldiv0                                     c:/program files (x86)/atmel/studio/7.0/toolchain/arm/arm-gnu-toolchain/bin/../lib/gcc/arm-none-eabi/4.9.3/armv7-m\libgcc.a(_dvmd_tls.o)
                                                  c:/program files (x86)/atmel/studio/7.0/toolchain/arm/arm-gnu-toolchain/bin/../lib/gcc/arm-none-eabi/4.9.3/armv7-m\libgcc.a(_aeabi_uldivmod.o)
__aeabi_uldivmod                                  c:/program files (x86)/atmel/studio/7.0/toolchain/arm/arm-gnu-toolchain/bin/../lib/gcc/arm-none-eabi/4.9.3/armv7-m\libgcc.a(_aeabi_uldivmod.o)
                                                  c:/program files (x86)/atmel/studio/7.0/toolchain/arm/arm-gnu-toolchain/bin/../lib/gcc/arm-none-eabi/4.9.3/../../../../arm-none-eabi/lib/armv7-m\libc.a(lib_a-vfiprintf.o)
__ascii_wctomb                                    c:/program files (x86)/atmel/studio/7.0/toolchain/arm/arm-gnu-toolchain/bin/../lib/gcc/arm-none-eabi/4.9.3/../../../../arm-none-eabi/lib/armv7-m\libc.a(lib_a-wctomb_r.o)
__bss_end__                                       c:/program files (x86)/atmel/studio/7.0/toolchain/arm/arm-gnu-toolchain/bin/../lib/gcc/arm-none-eabi/4.9.3/../../../../arm-none-eabi/lib/armv7-m/crt0.o
__bss_start__                                     c:/program files (x86)/atmel/studio/7.0/toolchain/arm/arm-gnu-toolchain/bin/../lib/gcc/arm-none-eabi/4.9.3/../../../../arm-none-eabi/lib/armv7-m/crt0.o
__call_exitprocs                                  c:/program files (x86)/atmel/studio/7.0/toolchain/arm/arm-gnu-toolchain/bin/../lib/gcc/arm-none-eabi/4.9.3/../../../../arm-none-eabi/lib/armv7-m\libc.a(lib_a-__call_atexit.o)
                                                  c:/program files (x86)/atmel/studio/7.0/toolchain/arm/arm-gnu-toolchain/bin/../lib/gcc/arm-none-eabi/4.9.3/../../../../arm-none-eabi/lib/armv7-m\libc.a(lib_a-exit.o)
__deregister_frame_info                           c:/program files (x86)/atmel/studio/7.0/toolchain/arm/arm-gnu-toolchain/bin/../lib/gcc/arm-none-eabi/4.9.3/armv7-m/crtbegin.o
__divdi3                                          c:/program files (x86)/atmel/studio/7.0/toolchain/arm/arm-gnu-toolchain/bin/../lib/gcc/arm-none-eabi/4.9.3/armv7-m\libgcc.a(_divdi3.o)
                                                  c:/program files (x86)/atmel/studio/7.0/toolchain/arm/arm-gnu-toolchain/bin/../lib/gcc/arm-none-eabi/4.9.3/armv7-m\libgcc.a(bpabi.o)
__dso_handle                                      c:/program files (x86)/atmel/studio/7.0/toolchain/arm/arm-gnu-toolchain/bin/../lib/gcc/arm-none-eabi/4.9.3/armv7-m/crtbegin.o
__fini_array_end                                  c:/program files (x86)/atmel/studio/7.0/toolchain/arm/arm-gnu-toolchain/bin/../lib/gcc/arm-none-eabi/4.9.3/../../../../arm-none-eabi/lib/armv7-m\libc.a(lib_a-fini.o)
__fini_array_start                                c:/program files (x86)/atmel/studio/7.0/toolchain/arm/arm-gnu-toolchain/bin/../lib/gcc/arm-none-eabi/4.9.3/../../../../arm-none-eabi/lib/armv7-m\libc.a(lib_a-fini.o)
__fp_lock_all                                     c:/program files (x86)/atmel/studio/7.0/toolchain/arm/arm-gnu-toolchain/bin/../lib/gcc/arm-none-eabi/4.9.3/../../../../arm-none-eabi/lib/armv7-m\libc.a(lib_a-findfp.o)
__fp_unlock_all                                   c:/program files (x86)/atmel/studio/7.0/toolchain/arm/arm-gnu-toolchain/bin/../lib/gcc/arm-none-eabi/4.9.3/../../../../arm-none-eabi/lib/armv7-m\libc.a(lib_a-findfp.o)
__fputwc                                          c:/program files (x86)/atmel/studio/7.0/toolchain/arm/arm-gnu-toolchain/bin/../lib/gcc/arm-none-eabi/4.9.3/../../../../arm-none-eabi/lib/armv7-m\libc.a(lib_a-fputwc.o)
__gnu_ldivmod_helper                              c:/program files (x86)/atmel/studio/7.0/toolchain/arm/arm-gnu-toolchain/bin/../lib/gcc/arm-none-eabi/4.9.3/armv7-m\libgcc.a(bpabi.o)
__gnu_uldivmod_helper                             c:/program files (x86)/atmel/studio/7.0/toolchain/arm/arm-gnu-toolchain/bin/../lib/gcc/arm-none-eabi/4.9.3/armv7-m\libgcc.a(bpabi.o)
                                                  c:/program files (x86)/atmel/studio/7.0/toolchain/arm/arm-gnu-toolchain/bin/../lib/gcc/arm-none-eabi/4.9.3/armv7-m\libgcc.a(_aeabi_uldivmod.o)
__init_array_end                                  c:/program files (x86)/atmel/studio/7.0/toolchain/arm/arm-gnu-toolchain/bin/../lib/gcc/arm-none-eabi/4.9.3/../../../../arm-none-eabi/lib/armv7-m\libc.a(lib_a-init.o)
__init_array_start                                c:/program files (x86)/atmel/studio/7.0/toolchain/arm/arm-gnu-toolchain/bin/../lib/gcc/arm-none-eabi/4.9.3/../../../../arm-none-eabi/lib/armv7-m\libc.a(lib_a-init.o)
__libc_fini                                       c:/program files (x86)/atmel/studio/7.0/toolchain/arm/arm-gnu-toolchain/bin/../lib/gcc/arm-none-eabi/4.9.3/../../../../arm-none-eabi/lib/armv7-m\libc.a(lib_a-__call_atexit.o)
__libc_fini_array                                 c:/program files (x86)/atmel/studio/7.0/toolchain/arm/arm-gnu-toolchain/bin/../lib/gcc/arm-none-eabi/4.9.3/../../../../arm-none-eabi/lib/armv7-m\libc.a(lib_a-fini.o)
                                                  c:/program files (x86)/atmel/studio/7.0/toolchain/arm/arm-gnu-toolchain/bin/../lib/gcc/arm-none-eabi/4.9.3/../../../../arm-none-eabi/lib/armv7-m\libc.a(lib_a-__call_atexit.o)
                                                  c:/program files (x86)/atmel/studio/7.0/toolchain/arm/arm-gnu-toolchain/bin/../lib/gcc/arm-none-eabi/4.9.3/../../../../arm-none-eabi/lib/armv7-m/crt0.o
__libc_init_array                                 c:/program files (x86)/atmel/studio/7.0/toolchain/arm/arm-gnu-toolchain/bin/../lib/gcc/arm-none-eabi/4.9.3/../../../../arm-none-eabi/lib/armv7-m\libc.a(lib_a-init.o)
                                                  src/ASF/sam/utils/cmsis/sam3x/source/templates/gcc/startup_sam3x.o
                                                  c:/program files (x86)/atmel/studio/7.0/toolchain/arm/arm-gnu-toolchain/bin/../lib/gcc/arm-none-eabi/4.9.3/../../../../arm-none-eabi/lib/armv7-m/crt0.o
__locale_charset                                  c:/program files (x86)/atmel/studio/7.0/toolchain/arm/arm-gnu-toolchain/bin/../lib/gcc/arm-none-eabi/4.9.3/../../../../arm-none-eabi/lib/armv7-m\libc.a(lib_a-locale.o)
                                                  c:/program files (x86)/atmel/studio/7.0/toolchain/arm/arm-gnu-toolchain/bin/../lib/gcc/arm-none-eabi/4.9.3/../../../../arm-none-eabi/lib/armv7-m\libc.a(lib_a-wctomb_r.o)
                                                  c:/program files (x86)/atmel/studio/7.0/toolchain/arm/arm-gnu-toolchain/bin/../lib/gcc/arm-none-eabi/4.9.3/../../../../arm-none-eabi/lib/armv7-m\libc.a(lib_a-wcrtomb.o)
__locale_cjk_lang                                 c:/program files (x86)/atmel/studio/7.0/toolchain/arm/arm-gnu-toolchain/bin/../lib/gcc/arm-none-eabi/4.9.3/../../../../arm-none-eabi/lib/armv7-m\libc.a(lib_a-locale.o)
__locale_mb_cur_max                               c:/program files (x86)/atmel/studio/7.0/toolchain/arm/arm-gnu-toolchain/bin/../lib/gcc/arm-none-eabi/4.9.3/../../../../arm-none-eabi/lib/armv7-m\libc.a(lib_a-locale.o)
                                                  c:/program files (x86)/atmel/studio/7.0/toolchain/arm/arm-gnu-toolchain/bin/../lib/gcc/arm-none-eabi/4.9.3/../../../../arm-none-eabi/lib/armv7-m\libc.a(lib_a-fputwc.o)
__locale_msgcharset                               c:/program files (x86)/atmel/studio/7.0/toolchain/arm/arm-gnu-toolchain/bin/../lib/gcc/arm-none-eabi/4.9.3/../../../../arm-none-eabi/lib/armv7-m\libc.a(lib_a-locale.o)
__malloc_av_                                      c:/program files (x86)/atmel/studio/7.0/toolchain/arm/arm-gnu-toolchain/bin/../lib/gcc/arm-none-eabi/4.9.3/../../../../arm-none-eabi/lib/armv7-m\libc.a(lib_a-mallocr.o)
                                                  c:/program files (x86)/atmel/studio/7.0/toolchain/arm/arm-gnu-toolchain/bin/../lib/gcc/arm-none-eabi/4.9.3/../../../../arm-none-eabi/lib/armv7-m\libc.a(lib_a-reallocr.o)
                                                  c:/program files (x86)/atmel/studio/7.0/toolchain/arm/arm-gnu-toolchain/bin/../lib/gcc/arm-none-eabi/4.9.3/../../../../arm-none-eabi/lib/armv7-m\libc.a(lib_a-freer.o)
__malloc_current_mallinfo                         c:/program files (x86)/atmel/studio/7.0/toolchain/arm/arm-gnu-toolchain/bin/../lib/gcc/arm-none-eabi/4.9.3/../../../../arm-none-eabi/lib/armv7-m\libc.a(lib_a-mallocr.o)
                                                  c:/program files (x86)/atmel/studio/7.0/toolchain/arm/arm-gnu-toolchain/bin/../lib/gcc/arm-none-eabi/4.9.3/../../../../arm-none-eabi/lib/armv7-m\libc.a(lib_a-freer.o)
__malloc_lock                                     c:/program files (x86)/atmel/studio/7.0/toolchain/arm/arm-gnu-toolchain/bin/../lib/gcc/arm-none-eabi/4.9.3/../../../../arm-none-eabi/lib/armv7-m\libc.a(lib_a-mlock.o)
                                                  c:/program files (x86)/atmel/studio/7.0/toolchain/arm/arm-gnu-toolchain/bin/../lib/gcc/arm-none-eabi/4.9.3/../../../../arm-none-eabi/lib/armv7-m\libc.a(lib_a-reallocr.o)
                                                  c:/program files (x86)/atmel/studio/7.0/toolchain/arm/arm-gnu-toolchain/bin/../lib/gcc/arm-none-eabi/4.9.3/../../../../arm-none-eabi/lib/armv7-m\libc.a(lib_a-mallocr.o)
                                                  c:/program files (x86)/atmel/studio/7.0/toolchain/arm/arm-gnu-toolchain/bin/../lib/gcc/arm-none-eabi/4.9.3/../../../../arm-none-eabi/lib/armv7-m\libc.a(lib_a-freer.o)
__malloc_max_sbrked_mem                           c:/program files (x86)/atmel/studio/7.0/toolchain/arm/arm-gnu-toolchain/bin/../lib/gcc/arm-none-eabi/4.9.3/../../../../arm-none-eabi/lib/armv7-m\libc.a(lib_a-mallocr.o)
__malloc_max_total_mem                            c:/program files (x86)/atmel/studio/7.0/toolchain/arm/arm-gnu-toolchain/bin/../lib/gcc/arm-none-eabi/4.9.3/../../../../arm-none-eabi/lib/armv7-m\libc.a(lib_a-mallocr.o)
__malloc_sbrk_base                                c:/program files (x86)/atmel/studio/7.0/toolchain/arm/arm-gnu-toolchain/bin/../lib/gcc/arm-none-eabi/4.9.3/../../../../arm-none-eabi/lib/armv7-m\libc.a(lib_a-mallocr.o)
                                                  c:/program files (x86)/atmel/studio/7.0/toolchain/arm/arm-gnu-toolchain/bin/../lib/gcc/arm-none-eabi/4.9.3/../../../../arm-none-eabi/lib/armv7-m\libc.a(lib_a-freer.o)
__malloc_top_pad                                  c:/program files (x86)/atmel/studio/7.0/toolchain/arm/arm-gnu-toolchain/bin/../lib/gcc/arm-none-eabi/4.9.3/../../../../arm-none-eabi/lib/armv7-m\libc.a(lib_a-mallocr.o)